Archive member included because of file (symbol)

c:/winavr-20100110/bin/../lib/gcc/avr/4.3.3/avrxmega7/libgcc.a(_mulsi3.o)
                              drivers/gfx/gfx_generic.o (__mulsi3)
c:/winavr-20100110/bin/../lib/gcc/avr/4.3.3/avrxmega7/libgcc.a(_udivmodhi4.o)
                              util/gfx/wtk.o (__udivmodhi4)
c:/winavr-20100110/bin/../lib/gcc/avr/4.3.3/avrxmega7/libgcc.a(_divmodhi4.o)
                              util/gfx/win.o (__divmodhi4)
c:/winavr-20100110/bin/../lib/gcc/avr/4.3.3/avrxmega7/libgcc.a(_udivmodsi4.o)
                              util/stream/stream_core.o (__udivmodsi4)
c:/winavr-20100110/bin/../lib/gcc/avr/4.3.3/avrxmega7/libgcc.a(_divmodsi4.o)
                              util/stream/stream_core.o (__divmodsi4)
c:/winavr-20100110/bin/../lib/gcc/avr/4.3.3/avrxmega7/libgcc.a(_copy_data.o)
                              apps/gauge-demo/gauge-demo.o (__do_copy_data)
c:/winavr-20100110/bin/../lib/gcc/avr/4.3.3/avrxmega7/libgcc.a(_clear_bss.o)
                              apps/gauge-demo/main.o (__do_clear_bss)

Allocating common symbols
Common symbol       size              file

gfx_width           0x2               drivers/gfx/hx8347a/gfx_hx8347a.o
softirq_priv_status
                    0x1               util/softirq_common.o
intc_priv_data_irq67
                    0x2               drivers/touch/resistive/touch.o
gfx_max_x           0x2               drivers/gfx/hx8347a/gfx_hx8347a.o
gfx_min_x           0x2               drivers/gfx/hx8347a/gfx_hx8347a.o
main_workqueue      0x4               util/workqueue.o
softirq_priv_table  0x4               util/softirq_common.o
gfx_max_y           0x2               drivers/gfx/hx8347a/gfx_hx8347a.o
gfx_min_y           0x2               drivers/gfx/hx8347a/gfx_hx8347a.o
gfx_height          0x2               drivers/gfx/hx8347a/gfx_hx8347a.o
intc_priv_data_irq73
                    0x2               drivers/touch/resistive/touch.o
touch_event_handler
                    0x2               drivers/touch/resistive/touch.o

Discarded input sections

 .text          0x00000000        0x0 apps/gauge-demo/main.o
 .data          0x00000000        0x0 apps/gauge-demo/main.o
 .bss           0x00000000        0x0 apps/gauge-demo/main.o
 .text          0x00000000        0x0 apps/gauge-demo/app_calibrate.o
 .data          0x00000000        0x0 apps/gauge-demo/app_calibrate.o
 .bss           0x00000000        0x0 apps/gauge-demo/app_calibrate.o
 .text          0x00000000        0x0 apps/gauge-demo/gauge-demo.o
 .bss           0x00000000        0x0 apps/gauge-demo/gauge-demo.o
 .text          0x00000000        0x0 util/gfx/sysfont.o
 .data          0x00000000        0x0 util/gfx/sysfont.o
 .bss           0x00000000        0x0 util/gfx/sysfont.o
 .text          0x00000000        0x0 util/gfx/win.o
 .data          0x00000000        0x0 util/gfx/win.o
 .bss           0x00000000        0x0 util/gfx/win.o
 .text.win_get_parent
                0x00000000        0x0 util/gfx/win.o
 .text.win_is_inside_clip
                0x00000000        0x0 util/gfx/win.o
 .text.win_is_inside_window
                0x00000000        0x0 util/gfx/win.o
 .text.win_set_keyboard_focus
                0x00000000        0x0 util/gfx/win.o
 .text.win_queue_keyboard_event
                0x00000000        0x0 util/gfx/win.o
 .text.win_lower
                0x00000000        0x0 util/gfx/win.o
 .text.win_reset_root_geometry
                0x00000000        0x0 util/gfx/win.o
 .text.win_reparent
                0x00000000        0x0 util/gfx/win.o
 .text          0x00000000        0x0 util/gfx/wtk.o
 .data          0x00000000        0x0 util/gfx/wtk.o
 .bss           0x00000000        0x0 util/gfx/wtk.o
 .text.wtk_shade_pixel
                0x00000000        0x0 util/gfx/wtk.o
 .text          0x00000000        0x0 util/gfx/wtk_basic_frame.o
 .data          0x00000000        0x0 util/gfx/wtk_basic_frame.o
 .bss           0x00000000        0x0 util/gfx/wtk_basic_frame.o
 .text.wtk_basic_frame_get_custom_data
                0x00000000        0x0 util/gfx/wtk_basic_frame.o
 .text          0x00000000        0x0 util/gfx/wtk_button.o
 .data          0x00000000        0x0 util/gfx/wtk_button.o
 .bss           0x00000000        0x0 util/gfx/wtk_button.o
 .text.wtk_button_as_child
                0x00000000        0x0 util/gfx/wtk_button.o
 .text.wtk_button_create
                0x00000000        0x0 util/gfx/wtk_button.o
 .text.wtk_button_size_hint
                0x00000000        0x0 util/gfx/wtk_button.o
 .text.wtk_button_handler
                0x00000000        0x0 util/gfx/wtk_button.o
 .text          0x00000000        0x0 util/gfx/wtk_check_box.o
 .data          0x00000000        0x0 util/gfx/wtk_check_box.o
 .bss           0x00000000        0x0 util/gfx/wtk_check_box.o
 .text.wtk_check_box_as_child
                0x00000000        0x0 util/gfx/wtk_check_box.o
 .text.wtk_check_box_is_selected
                0x00000000        0x0 util/gfx/wtk_check_box.o
[...]
Memory Configuration

Name             Origin             Length             Attributes
*default*        0x00000000         0xffffffff

Linker script and memory map

                0x00000000                . = 0x0

.text           0x00000000     0x50d8
                0x00000000                _text = .
 *(.vectors)
 .vectors       0x00000000      0x1f4 arch/avr8/entry.o
                0x00000000                _start
 *(.avr.text.avr_runtime_init)
 .avr.text.avr_runtime_init
                0x000001f4       0x4c arch/avr8/entry.o
 *(.text.intc_priv_unhandled_irq)
 .text.intc_priv_unhandled_irq
                0x00000240        0x2 arch/avr8/entry.o
                0x00000240                intc_priv_entry_irq81
                0x00000240                intc_priv_entry_irq28
                0x00000240                intc_priv_entry_irq114
                0x00000240                intc_priv_entry_irq38
                0x00000240                intc_priv_entry_irq50
                0x00000240                intc_priv_entry_irq16
                0x00000240                intc_priv_entry_irq22
                0x00000240                intc_priv_entry_irq13
                0x00000240                intc_priv_entry_irq120
                0x00000240                intc_priv_entry_irq34
                0x00000240                intc_priv_entry_irq33
                0x00000240                intc_priv_entry_irq19
                0x00000240                intc_priv_entry_irq122
                0x00000240                intc_priv_entry_irq112
                0x00000240                intc_priv_entry_irq61
                0x00000240                intc_priv_entry_irq44
                0x00000240                intc_priv_entry_irq125
                0x00000240                intc_priv_entry_irq74
                0x00000240                intc_priv_entry_irq39
                0x00000240                intc_priv_entry_irq62
                0x00000240                intc_priv_entry_irq12
                0x00000240                intc_priv_entry_irq31
                0x00000240                intc_priv_entry_irq76
                0x00000240                intc_priv_entry_irq25
                0x00000240                intc_priv_entry_irq89
                0x00000240                intc_priv_entry_irq4
                0x00000240                intc_priv_entry_irq7
                0x00000240                intc_priv_entry_irq29
                0x00000240                intc_priv_entry_irq86
                0x00000240                intc_priv_entry_irq101
                0x00000240                intc_priv_entry_irq49
                0x00000240                intc_priv_entry_irq72
                0x00000240                intc_priv_entry_irq100
                0x00000240                intc_priv_entry_irq77
                0x00000240                intc_priv_entry_irq21
                0x00000240                intc_priv_entry_irq106
                0x00000240                intc_priv_entry_irq60
                0x00000240                intc_priv_entry_irq57
                0x00000240                intc_priv_entry_irq92
                0x00000240                intc_priv_entry_irq80
                0x00000240                intc_priv_entry_irq26
                0x00000240                intc_priv_entry_irq94
                0x00000240                intc_priv_entry_irq54
                0x00000240                intc_priv_entry_irq59
                0x00000240                intc_priv_entry_irq20
                0x00000240                intc_priv_entry_irq115
                0x00000240                intc_priv_entry_irq71
                0x00000240                intc_priv_entry_irq65
                0x00000240                intc_priv_entry_irq117
                0x00000240                intc_priv_entry_irq37
                0x00000240                intc_priv_entry_irq17
                0x00000240                intc_priv_entry_irq123
                0x00000240                intc_priv_entry_irq90
                0x00000240                intc_priv_entry_irq27
                0x00000240                intc_priv_entry_irq41
                0x00000240                intc_priv_entry_irq11
                0x00000240                intc_priv_entry_irq24
                0x00000240                intc_priv_entry_irq95
                0x00000240                intc_priv_entry_irq111
                0x00000240                intc_priv_entry_irq43
                0x00000240                intc_priv_entry_irq93
                0x00000240                intc_priv_entry_irq58
                0x00000240                intc_priv_entry_irq113
                0x00000240                intc_priv_entry_irq118
                0x00000240                intc_priv_entry_irq79
                0x00000240                intc_priv_entry_irq3
                0x00000240                intc_priv_entry_irq36
                0x00000240                intc_priv_entry_irq6
                0x00000240                intc_priv_entry_irq55
                0x00000240                intc_priv_entry_irq84
                0x00000240                intc_priv_entry_irq47
                0x00000240                intc_priv_entry_irq70
                0x00000240                intc_priv_entry_irq30
                0x00000240                intc_priv_entry_irq108
                0x00000240                intc_priv_entry_irq63
                0x00000240                intc_priv_entry_irq96
                0x00000240                intc_priv_entry_irq102
                0x00000240                intc_priv_entry_irq18
                0x00000240                intc_priv_unhandled_irq
                0x00000240                intc_priv_entry_irq42
                0x00000240                intc_priv_entry_irq104
                0x00000240                intc_priv_entry_irq2
                0x00000240                intc_priv_entry_irq75
                0x00000240                intc_priv_entry_irq97
                0x00000240                intc_priv_entry_irq88
                0x00000240                intc_priv_entry_irq121
                0x00000240                intc_priv_entry_irq10
                0x00000240                intc_priv_entry_irq116
                0x00000240                intc_priv_entry_irq35
                0x00000240                intc_priv_entry_irq85
                0x00000240                intc_priv_entry_irq48
                0x00000240                intc_priv_entry_irq23
                0x00000240                intc_priv_entry_irq40
                0x00000240                intc_priv_entry_irq87
                0x00000240                intc_priv_entry_irq14
                0x00000240                intc_priv_entry_irq99
                0x00000240                intc_priv_entry_irq78
                0x00000240                intc_priv_entry_irq110
                0x00000240                intc_priv_entry_irq124
                0x00000240                intc_priv_entry_irq46
                0x00000240                intc_priv_entry_irq83
                0x00000240                intc_priv_entry_irq56
                0x00000240                intc_priv_entry_irq91
                0x00000240                intc_priv_entry_irq32
                0x00000240                intc_priv_entry_irq98
                0x00000240                intc_priv_entry_irq69
                0x00000240                intc_priv_entry_irq5
                0x00000240                intc_priv_entry_irq109
                0x00000240                intc_priv_entry_irq119
                0x00000240                intc_priv_entry_irq8
                0x00000240                intc_priv_entry_irq51
                0x00000240                intc_priv_entry_irq52
                0x00000240                intc_priv_entry_irq53
                0x00000240                intc_priv_entry_irq66
                0x00000240                intc_priv_entry_irq105
                0x00000240                intc_priv_entry_irq68
                0x00000240                intc_priv_entry_irq15
                0x00000240                intc_priv_entry_irq45
                0x00000240                intc_priv_entry_irq107
                0x00000240                intc_priv_entry_irq82
                0x00000240                intc_priv_entry_irq9
                0x00000240                intc_priv_entry_irq64
                0x00000240                intc_priv_entry_irq103
 *(.text)
 *(.text.*)
 .text.main     0x00000242      0x14a apps/gauge-demo/main.o
                0x00000242                main
 .text.touch_calibrate_event_handler
                0x0000038c       0x18 apps/gauge-demo/app_calibrate.o
 .text.app_touch_calibrate_setup
                0x000003a4      0x14e apps/gauge-demo/app_calibrate.o
                0x000003a4                app_touch_calibrate_setup
 .text.touch_calibrate_task_handler
                0x000004f2      0x1ce apps/gauge-demo/app_calibrate.o
 .text.app_widget_launch
                0x000006c0      0x276 apps/gauge-demo/gauge-demo.o
                0x000006c0                app_widget_launch
 .text.widget_frame_command_handler
                0x00000936       0x44 apps/gauge-demo/gauge-demo.o
 .text.win_get_root
                0x0000097a        0x6 util/gfx/win.o
                0x0000097a                win_get_root
 .text.win_get_attributes
                0x00000980        0x2 util/gfx/win.o
                0x00000980                win_get_attributes
 .text.win_get_area
                0x00000982        0x2 util/gfx/win.o
                0x00000982                win_get_area
 .text.win_get_custom_data
                0x00000984        0x8 util/gfx/win.o
                0x00000984                win_get_custom_data
 .text.win_grab_pointer
                0x0000098c        0xa util/gfx/win.o
                0x0000098c                win_grab_pointer
 .text.win_is_inside_area
                0x00000996       0x54 util/gfx/win.o
                0x00000996                win_is_inside_area
 .text.win_compute_union
                0x000009ea       0xbe util/gfx/win.o
                0x000009ea                win_compute_union
 .text.win_compute_intersection
                0x00000aa8       0xcc util/gfx/win.o
                0x00000aa8                win_compute_intersection
 .text.win_compute_clipping
                0x00000b74      0x13c util/gfx/win.o
                0x00000b74                win_compute_clipping
 .text.win_translate_win_to_root
                0x00000cb0       0x4c util/gfx/win.o
                0x00000cb0                win_translate_win_to_root
 .text.win_unlink
                0x00000cfc       0x52 util/gfx/win.o
 .text.win_add_top_child
                0x00000d4e       0x58 util/gfx/win.o
 .text.win_handle_event
                0x00000da6       0x16 util/gfx/win.o
 .text.win_queue_event
                0x00000dbc       0xb4 util/gfx/win.o
 .text.win_queue_command_event
                0x00000e70       0x34 util/gfx/win.o
                0x00000e70                win_queue_command_event
 .text.win_queue_pointer_event
                0x00000ea4       0x32 util/gfx/win.o
                0x00000ea4                win_queue_pointer_event
 .text.win_queue_touch_event
                0x00000ed6       0x52 util/gfx/win.o
 .text.win_draw_contents
                0x00000f28       0xa4 util/gfx/win.o
 .text.win_draw_child
                0x00000fcc      0x12a util/gfx/win.o
 .text.win_draw
                0x000010f6       0xc4 util/gfx/win.o
 .text.win_draw_parent
                0x000011ba       0xd8 util/gfx/win.o
 .text.win_raise
                0x00001292       0x5e util/gfx/win.o
                0x00001292                win_raise
 .text.win_handle_pointer_event
                0x000012f0       0xe4 util/gfx/win.o
 .text.win_process_events
                0x000013d4      0x13a util/gfx/win.o
                0x000013d4                win_process_events
 .text.win_event_worker
                0x0000150e        0x4 util/gfx/win.o
 .text.win_redraw
                0x00001512       0x1a util/gfx/win.o
                0x00001512                win_redraw
 .text.win_show
                0x0000152c       0x12 util/gfx/win.o
                0x0000152c                win_show
 .text.win_set_area
                0x0000153e       0xf0 util/gfx/win.o
                0x0000153e                win_set_area
 .text.win_set_attributes
                0x0000162e       0xd2 util/gfx/win.o
                0x0000162e                win_set_attributes
 .text.win_hide
                0x00001700       0x7c util/gfx/win.o
                0x00001700                win_hide
 .text.win_destroy_children
                0x0000177c       0x52 util/gfx/win.o
 .text.win_destroy
                0x000017ce       0x2c util/gfx/win.o
                0x000017ce                win_destroy
 .text.win_create
                0x000017fa       0x4e util/gfx/win.o
                0x000017fa                win_create
 .text.win_init
                0x00001848       0x74 util/gfx/win.o
                0x00001848                win_init
 .text.wtk_rescale_value
                0x000018bc       0x10 util/gfx/wtk.o
                0x000018bc                wtk_rescale_value
 .text.wtk_copy_string
                0x000018cc       0x14 util/gfx/wtk.o
                0x000018cc                wtk_copy_string
 .text.wtk_basic_frame_as_child
                0x000018e0        0x8 util/gfx/wtk_basic_frame.o
                0x000018e0                wtk_basic_frame_as_child
 .text.wtk_basic_frame_create
                0x000018e8       0xda util/gfx/wtk_basic_frame.o
                0x000018e8                wtk_basic_frame_create
 .text.wtk_basic_frame_handler
                0x000019c2       0x9a util/gfx/wtk_basic_frame.o
 .text.wtk_label_as_child
                0x00001a5c        0x8 util/gfx/wtk_label.o
                0x00001a5c                wtk_label_as_child
 .text.wtk_label_create
                0x00001a64       0xc6 util/gfx/wtk_label.o
                0x00001a64                wtk_label_create
 .text.wtk_label_handler
                0x00001b2a       0xd2 util/gfx/wtk_label.o
 .text.wtk_label_size_hint
                0x00001bfc       0x12 util/gfx/wtk_label.o
                0x00001bfc                wtk_label_size_hint
 .text.wtk_slider_as_child
                0x00001c0e        0x8 util/gfx/wtk_slider.o
                0x00001c0e                wtk_slider_as_child
 .text.wtk_slider_get_value
                0x00001c16       0x14 util/gfx/wtk_slider.o
                0x00001c16                wtk_slider_get_value
 .text.wtk_slider_create
                0x00001c2a       0xfe util/gfx/wtk_slider.o
                0x00001c2a                wtk_slider_create
 .text.wtk_slider_handler
                0x00001d28      0x2ae util/gfx/wtk_slider.o
 .text.wtk_gauge_as_child
                0x00001fd6        0x8 util/gfx/wtk_gauge.o
                0x00001fd6                wtk_gauge_as_child
 .text.wtk_gauge_create
                0x00001fde      0x122 util/gfx/wtk_gauge.o
                0x00001fde                wtk_gauge_create
 .text.wtk_gauge_handler
                0x00002100      0x2fa util/gfx/wtk_gauge.o
 .text.wtk_gauge_set_value
                0x000023fa       0x52 util/gfx/wtk_gauge.o
                0x000023fa                wtk_gauge_set_value
 .text.generic_memcpy
                0x0000244c       0x32 util/string/generic_memcpy.o
                0x0000244c                generic_memcpy
 .text.generic_strlen
                0x0000247e       0x16 util/string/generic_strlen.o
                0x0000247e                generic_strlen
 .text.membag_free
                0x00002494       0x44 util/membag.o
                0x00002494                membag_free
 .text.membag_alloc
                0x000024d8       0x60 util/membag.o
                0x000024d8                membag_alloc
 .text.membag_init
                0x00002538       0xc8 util/membag.o
                0x00002538                membag_init
 .text.mem_pool_init
                0x00002600       0x8c util/mempool.o
                0x00002600                mem_pool_init
 .text.mem_pool_alloc
                0x0000268c       0x1e util/mempool.o
                0x0000268c                mem_pool_alloc
 .text.mem_pool_free
                0x000026aa       0x20 util/mempool.o
                0x000026aa                mem_pool_free
 .text.physmem_alloc
                0x000026ca       0x6a util/physmem.o
                0x000026ca                physmem_alloc
 .text.softirq_set_handler
                0x00002734       0x1a util/softirq_common.o
                0x00002734                softirq_set_handler
 .text.workqueue_add_task
                0x0000274e       0x40 util/workqueue.o
                0x0000274e                workqueue_add_task
 .text.sysclk_enable_module
                0x0000278e       0x18 drivers/clk/xmega_pr.o
                0x0000278e                sysclk_enable_module
 .text.gfx_select_register
                0x000027a6       0x3e drivers/gfx/hx8347a/gfx_hx8347a.o
 .text.gfx_write_register
                0x000027e4       0x44 drivers/gfx/hx8347a/gfx_hx8347a.o
 .text.gfx_read_register
                0x00002828       0x54 drivers/gfx/hx8347a/gfx_hx8347a.o
 .text.gfx_write_gram
                0x0000287c       0x60 drivers/gfx/hx8347a/gfx_hx8347a.o
 .text.gfx_duplicate_pixel
                0x000028dc       0xfc drivers/gfx/hx8347a/gfx_hx8347a.o
                0x000028dc                gfx_duplicate_pixel
 .text.gfx_copy_pixels_to_screen
                0x000029d8       0xc2 drivers/gfx/hx8347a/gfx_hx8347a.o
                0x000029d8                gfx_copy_pixels_to_screen
 .text.gfx_copy_progmem_pixels_to_screen
                0x00002a9a       0x8e drivers/gfx/hx8347a/gfx_hx8347a.o
                0x00002a9a                gfx_copy_progmem_pixels_to_screen
 .text.gfx_copy_hugemem_pixels_to_screen
                0x00002b28       0xae drivers/gfx/hx8347a/gfx_hx8347a.o
                0x00002b28                gfx_copy_hugemem_pixels_to_screen
 .text.gfx_set_clipping
                0x00002bd6       0x60 drivers/gfx/hx8347a/gfx_hx8347a.o
                0x00002bd6                gfx_set_clipping
 .text.gfx_set_orientation
                0x00002c36       0x86 drivers/gfx/hx8347a/gfx_hx8347a.o
                0x00002c36                gfx_set_orientation
 .text.gfx_get_width
                0x00002cbc        0xa drivers/gfx/hx8347a/gfx_hx8347a.o
                0x00002cbc                gfx_get_width
 .text.gfx_get_height
                0x00002cc6        0xa drivers/gfx/hx8347a/gfx_hx8347a.o
                0x00002cc6                gfx_get_height
 .text.gfx_set_top_left_limit
                0x00002cd0       0x3a drivers/gfx/hx8347a/gfx_hx8347a.o
                0x00002cd0                gfx_set_top_left_limit
 .text.gfx_draw_line_pixel
                0x00002d0a       0x4e drivers/gfx/hx8347a/gfx_hx8347a.o
                0x00002d0a                gfx_draw_line_pixel
 .text.gfx_set_bottom_right_limit
                0x00002d58       0x3a drivers/gfx/hx8347a/gfx_hx8347a.o
                0x00002d58                gfx_set_bottom_right_limit
 .text.gfx_set_limits
                0x00002d92       0x1e drivers/gfx/hx8347a/gfx_hx8347a.o
                0x00002d92                gfx_set_limits
 .text.gfx_draw_pixel
                0x00002db0       0x52 drivers/gfx/hx8347a/gfx_hx8347a.o
                0x00002db0                gfx_draw_pixel
 .text.gfx_init
                0x00002e02      0x25c drivers/gfx/hx8347a/gfx_hx8347a.o
                0x00002e02                gfx_init
 .text.gfx_generic_draw_circle
                0x0000305e      0x202 drivers/gfx/gfx_generic.o
                0x0000305e                gfx_generic_draw_circle
 .text.gfx_generic_draw_filled_rect
                0x00003260      0x134 drivers/gfx/gfx_generic.o
                0x00003260                gfx_generic_draw_filled_rect
 .text.gfx_generic_draw_vertical_line
                0x00003394       0x16 drivers/gfx/gfx_generic.o
                0x00003394                gfx_generic_draw_vertical_line
 .text.gfx_generic_draw_filled_circle
                0x000033aa      0x1dc drivers/gfx/gfx_generic.o
                0x000033aa                gfx_generic_draw_filled_circle
 .text.gfx_generic_draw_horizontal_line
                0x00003586       0x12 drivers/gfx/gfx_generic.o
                0x00003586                gfx_generic_draw_horizontal_line
 .text.gfx_generic_draw_rect
                0x00003598       0x66 drivers/gfx/gfx_generic.o
                0x00003598                gfx_generic_draw_rect
 .text.gfx_generic_draw_line
                0x000035fe      0x118 drivers/gfx/gfx_generic.o
                0x000035fe                gfx_generic_draw_line
 .text.gfx_get_string_bounding_box
                0x00003716       0x88 drivers/gfx/gfx_text.o
                0x00003716                gfx_get_string_bounding_box
 .text.gfx_draw_char
                0x0000379e      0x28e drivers/gfx/gfx_text.o
                0x0000379e                gfx_draw_char
 .text.gfx_draw_progmem_string
                0x00003a2c       0xd2 drivers/gfx/gfx_text.o
                0x00003a2c                gfx_draw_progmem_string
 .text.gfx_draw_string
                0x00003afe       0xca drivers/gfx/gfx_text.o
                0x00003afe                gfx_draw_string
 .text.gfx_put_bitmap
                0x00003bc8      0x3e6 drivers/gfx/gfx_bitmap.o
                0x00003bc8                gfx_put_bitmap
 .text.gfx_draw_bitmap_tiled
                0x00003fae      0x118 drivers/gfx/gfx_bitmap.o
                0x00003fae                gfx_draw_bitmap_tiled
 .text.port_select_gpio
                0x000040c6       0x56 drivers/gpio/port.o
                0x000040c6                port_select_gpio
 .text.intc_priv_entry_irq67
                0x0000411c       0x7e drivers/touch/resistive/touch.o
                0x0000411c                intc_priv_entry_irq67
 .text.intc_priv_entry_irq73
                0x0000419a      0x146 drivers/touch/resistive/touch.o
                0x0000419a                intc_priv_entry_irq73
 .text.touch_enable
                0x000042e0       0x40 drivers/touch/resistive/touch.o
                0x000042e0                touch_enable
 .text.touch_disable
                0x00004320       0x16 drivers/touch/resistive/touch.o
                0x00004320                touch_disable
 .text.touch_set_event_handler
                0x00004336       0x10 drivers/touch/resistive/touch.o
                0x00004336                touch_set_event_handler
 .text.touch_get_event_handler
                0x00004346        0xa drivers/touch/resistive/touch.o
                0x00004346                touch_get_event_handler
 .text.touch_set_calibration_matrix
                0x00004350       0x12 drivers/touch/resistive/touch.o
                0x00004350                touch_set_calibration_matrix
 .text.touch_compute_calibration_matrix
                0x00004362      0x4e4 drivers/touch/resistive/touch.o
                0x00004362                touch_compute_calibration_matrix
 .text.touch_priv_process_samples
                0x00004846      0x29e drivers/touch/resistive/touch.o
 .text.touch_init
                0x00004ae4       0x56 drivers/touch/resistive/touch.o
                0x00004ae4                touch_init
 .text.udelay   0x00004b3a       0x18 arch/avr8/delay.o
                0x00004b3a                udelay
 .text.hugemem_read_block
                0x00004b52       0x1a arch/avr8/arch_hugemem.o
                0x00004b52                hugemem_read_block
 .text.mmio_ccp_write8
                0x00004b6c        0xc cpu/xmega/ccp.o
                0x00004b6c                mmio_ccp_write8
 .text.sysclk_init
                0x00004b78       0x56 chip/atxmega128a1/sysclk.o
                0x00004b78                sysclk_init
 .text.board_init
                0x00004bce       0xae board/xplain/init.o
                0x00004bce                board_init
 .text.libgcc   0x00004c7c       0x3e c:/winavr-20100110/bin/../lib/gcc/avr/4.3.3/avrxmega7/libgcc.a(_mulsi3.o)
                0x00004c7c                __mulsi3
 .text.libgcc   0x00004cba       0x28 c:/winavr-20100110/bin/../lib/gcc/avr/4.3.3/avrxmega7/libgcc.a(_udivmodhi4.o)
                0x00004cba                __udivmodhi4
 .text.libgcc   0x00004ce2       0x26 c:/winavr-20100110/bin/../lib/gcc/avr/4.3.3/avrxmega7/libgcc.a(_divmodhi4.o)
                0x00004ce2                __divmodhi4
                0x00004ce2                _div
 .text.libgcc   0x00004d08       0x44 c:/winavr-20100110/bin/../lib/gcc/avr/4.3.3/avrxmega7/libgcc.a(_udivmodsi4.o)
                0x00004d08                __udivmodsi4
 .text.libgcc   0x00004d4c       0x36 c:/winavr-20100110/bin/../lib/gcc/avr/4.3.3/avrxmega7/libgcc.a(_divmodsi4.o)
                0x00004d4c                __divmodsi4
 *(.progmem.gcc_sw_table)
 *(.progmem.data)
 .progmem.data  0x00004d82       0x35 apps/gauge-demo/app_calibrate.o
 .progmem.data  0x00004db7      0x2a0 util/gfx/sysfont.o
 .progmem.data  0x00005057       0x80 util/gfx/wtk_gauge.o
                0x00005057                trigtable
                0x000050d8                . = ALIGN (0x2)
 *fill*         0x000050d7        0x1 00
                0x000050d8                _etext = .

.trampolines    0x000050d8        0x0
 .trampolines   0x000050d8        0x0 linker stubs
                0x00802000                . = 0x802000

.data           0x00802000       0x50 load address 0x000050d8
                0x00802000                _data = .
 *(.rodata)
 *(.rodata.*)
 .rodata.demo_string
                0x00802000        0x2 apps/gauge-demo/gauge-demo.o
 *(.data)
 .data          0x00802002        0xb apps/gauge-demo/gauge-demo.o
 *(.data.*)
 .data.sysfont  0x0080200d        0xa util/gfx/sysfont.o
                0x0080200d                sysfont
 .data.membags  0x00802017       0x30 util/membag.o
 .data.cpu_sram_pool
                0x00802047        0x8 cpu/xmega/physmem_pools.o
                0x00802047                cpu_sram_pool
                0x00802050                . = ALIGN (0x2)
 *fill*         0x0080204f        0x1 00
                0x00802050                _edata = .

.bss            0x00802050      0x18a load address 0x00005128
 *(.bss)
 *(.bss.*)
 .bss.launch_application
                0x00802050        0x4 apps/gauge-demo/main.o
 .bss.calibrate_context
                0x00802054        0x2 apps/gauge-demo/app_calibrate.o
 .bss.sysfont2x
                0x00802056        0xa apps/gauge-demo/app_calibrate.o
 .bss.frame     0x00802060        0x2 apps/gauge-demo/gauge-demo.o
 .bss.slider    0x00802062        0x2 apps/gauge-demo/gauge-demo.o
 .bss.slidertwo
                0x00802064        0x2 apps/gauge-demo/gauge-demo.o
 .bss.frame_background
                0x00802066        0x9 apps/gauge-demo/gauge-demo.o
 .bss.sub_frame
                0x0080206f        0x2 apps/gauge-demo/gauge-demo.o
 .bss.gauge_background
                0x00802071        0x9 apps/gauge-demo/gauge-demo.o
 .bss.gauge     0x0080207a        0x2 apps/gauge-demo/gauge-demo.o
 .bss.gauge_two
                0x0080207c        0x2 apps/gauge-demo/gauge-demo.o
 .bss.win_root_background
                0x0080207e        0x9 util/gfx/win.o
 .bss.win_root  0x00802087       0x18 util/gfx/win.o
 .bss.win_event_queue
                0x0080209f       0xe8 util/gfx/win.o
 .bss.win_num_dropped_events
                0x00802187        0x4 util/gfx/win.o
 .bss.win_pointer_grabber
                0x0080218b        0x2 util/gfx/win.o
 .bss.win_keyboard_focus
                0x0080218d        0x2 util/gfx/win.o
 .bss.win_last_pointer_pos
                0x0080218f        0x4 util/gfx/win.o
 .bss.glyph_byte.1790
                0x00802193        0x1 drivers/gfx/gfx_text.o
 .bss.sample_count.2286
                0x00802194        0x1 drivers/touch/resistive/touch.o
 .bss.touch_state
                0x00802195        0x1 drivers/touch/resistive/touch.o
 .bss.touch_last_event
                0x00802196        0x9 drivers/touch/resistive/touch.o
 .bss.touch_raw_x
                0x0080219f        0x2 drivers/touch/resistive/touch.o
 .bss.touch_raw_y
                0x008021a1        0x2 drivers/touch/resistive/touch.o
 .bss.touch_matrix
                0x008021a3       0x1c drivers/touch/resistive/touch.o
 *(COMMON)
 COMMON         0x008021bf        0x5 util/softirq_common.o
                0x008021bf                softirq_priv_status
                0x008021c0                softirq_priv_table
 COMMON         0x008021c4        0x4 util/workqueue.o
                0x008021c4                main_workqueue
 COMMON         0x008021c8        0xc drivers/gfx/hx8347a/gfx_hx8347a.o
                0x008021c8                gfx_width
                0x008021ca                gfx_max_x
                0x008021cc                gfx_min_x
                0x008021ce                gfx_max_y
                0x008021d0                gfx_min_y
                0x008021d2                gfx_height
 COMMON         0x008021d4        0x6 drivers/touch/resistive/touch.o
                0x008021d4                intc_priv_data_irq67
                0x008021d6                intc_priv_data_irq73
                0x008021d8                touch_event_handler
                0x008021da                . = ALIGN (0x2)
                0x008021da                _end = .

.heap           0x008021da        0x0
                0x008021da                heap_area = .
                0x00803e80                . = 0x803e80

.stack          0x00803e80      0x180
                0x00803e80                stack_area = .
                0x00804000                . = ((. + 0x100) + 0x80)
 *fill*         0x00803e80      0x180 00
                0x00804000                . = ALIGN (0x2)
                0x00804000                _estack = .
LOAD apps/gauge-demo/main.o
LOAD apps/gauge-demo/app_calibrate.o
LOAD apps/gauge-demo/gauge-demo.o
LOAD util/gfx/sysfont.o
LOAD util/gfx/win.o
LOAD util/gfx/wtk.o
LOAD util/gfx/wtk_basic_frame.o
LOAD util/gfx/wtk_button.o
LOAD util/gfx/wtk_check_box.o
LOAD util/gfx/wtk_frame.o
LOAD util/gfx/wtk_label.o
LOAD util/gfx/wtk_progress_bar.o
LOAD util/gfx/wtk_radio_button.o
LOAD util/gfx/wtk_slider.o
LOAD util/gfx/wtk_gauge.o
LOAD util/string/generic_memcpy.o
LOAD util/string/generic_memset.o
LOAD util/string/generic_strlen.o
LOAD util/string/generic_strcmp.o
LOAD util/stream/stream_core.o
LOAD util/stream/stream_string.o
LOAD util/fs/tsfs.o
LOAD util/buffer.o
LOAD util/hugemem.o
LOAD util/malloc_simple.o
LOAD util/membag.o
LOAD util/mempool.o
LOAD util/physmem.o
LOAD util/softirq_common.o
LOAD util/workqueue.o
LOAD drivers/block/block_core.o
LOAD drivers/block/dataflash.o
LOAD drivers/clk/xmega_pr.o
LOAD drivers/flash/at45_device.o
LOAD drivers/gfx/hx8347a/gfx_hx8347a.o
LOAD drivers/gfx/gfx_generic.o
LOAD drivers/gfx/gfx_text.o
LOAD drivers/gfx/gfx_bitmap.o
LOAD drivers/gpio/port.o
LOAD drivers/serial/spi/spi_polled.o
LOAD drivers/serial/spi/spi_polled_buf_list.o
LOAD drivers/serial/spi/spi_mega_xmega.o
LOAD drivers/touch/resistive/touch.o
LOAD arch/avr8/delay.o
LOAD arch/avr8/arch_hugemem.o
LOAD cpu/xmega/ccp.o
LOAD cpu/xmega/physmem_pools.o
LOAD chip/atxmega128a1/sysclk.o
LOAD board/xplain/init.o
LOAD board/xplain/board_physmem_pools.o
LOAD arch/avr8/entry.o
LOAD c:/winavr-20100110/bin/../lib/gcc/avr/4.3.3/avrxmega7/libgcc.a
OUTPUT(gauge-demo.elf elf32-avr)
LOAD linker stubs

.debug_abbrev   0x00000000     0x5752
 .debug_abbrev  0x00000000      0x2b8 apps/gauge-demo/main.o
 .debug_abbrev  0x000002b8      0x1da apps/gauge-demo/app_calibrate.o
 .debug_abbrev  0x00000492      0x1ca apps/gauge-demo/gauge-demo.o
 .debug_abbrev  0x0000065c       0xd2 util/gfx/sysfont.o
 .debug_abbrev  0x0000072e      0x39e util/gfx/win.o
 .debug_abbrev  0x00000acc       0xe6 util/gfx/wtk.o
 .debug_abbrev  0x00000bb2      0x19b util/gfx/wtk_basic_frame.o
 .debug_abbrev  0x00000d4d      0x275 util/gfx/wtk_button.o
 .debug_abbrev  0x00000fc2      0x2ac util/gfx/wtk_check_box.o
 .debug_abbrev  0x0000126e      0x364 util/gfx/wtk_frame.o
 .debug_abbrev  0x000015d2      0x233 util/gfx/wtk_label.o
 .debug_abbrev  0x00001805      0x219 util/gfx/wtk_progress_bar.o
 .debug_abbrev  0x00001a1e      0x2ae util/gfx/wtk_radio_button.o
 .debug_abbrev  0x00001ccc      0x1e9 util/gfx/wtk_slider.o
 .debug_abbrev  0x00001eb5      0x310 util/gfx/wtk_gauge.o
 .debug_abbrev  0x000021c5       0x99 util/string/generic_memcpy.o
 .debug_abbrev  0x0000225e       0x8f util/string/generic_memset.o
 .debug_abbrev  0x000022ed       0x80 util/string/generic_strlen.o
 .debug_abbrev  0x0000236d       0xb5 util/string/generic_strcmp.o
 .debug_abbrev  0x00002422      0x33b util/stream/stream_core.o
 .debug_abbrev  0x0000275d      0x220 util/stream/stream_string.o
 .debug_abbrev  0x0000297d      0x361 util/fs/tsfs.o
 .debug_abbrev  0x00002cde      0x147 util/buffer.o
 .debug_abbrev  0x00002e25       0xc0 util/hugemem.o
 .debug_abbrev  0x00002ee5      0x121 util/malloc_simple.o
 .debug_abbrev  0x00003006      0x280 util/membag.o
 .debug_abbrev  0x00003286      0x212 util/mempool.o
 .debug_abbrev  0x00003498      0x13d util/physmem.o
 .debug_abbrev  0x000035d5       0xff util/softirq_common.o
 .debug_abbrev  0x000036d4      0x1d7 util/workqueue.o
 .debug_abbrev  0x000038ab      0x106 drivers/block/block_core.o
 .debug_abbrev  0x000039b1      0x2e0 drivers/block/dataflash.o
 .debug_abbrev  0x00003c91      0x13d drivers/clk/xmega_pr.o
 .debug_abbrev  0x00003dce      0x24e drivers/flash/at45_device.o
 .debug_abbrev  0x0000401c      0x351 drivers/gfx/hx8347a/gfx_hx8347a.o
 .debug_abbrev  0x0000436d      0x139 drivers/gfx/gfx_generic.o
 .debug_abbrev  0x000044a6      0x24a drivers/gfx/gfx_text.o
 .debug_abbrev  0x000046f0      0x136 drivers/gfx/gfx_bitmap.o
 .debug_abbrev  0x00004826      0x15c drivers/gpio/port.o
 .debug_abbrev  0x00004982      0x1e3 drivers/serial/spi/spi_polled.o
 .debug_abbrev  0x00004b65      0x1b0 drivers/serial/spi/spi_polled_buf_list.o
 .debug_abbrev  0x00004d15      0x200 drivers/serial/spi/spi_mega_xmega.o
 .debug_abbrev  0x00004f15      0x2d0 drivers/touch/resistive/touch.o
 .debug_abbrev  0x000051e5       0xd2 arch/avr8/delay.o
 .debug_abbrev  0x000052b7       0xd0 arch/avr8/arch_hugemem.o
 .debug_abbrev  0x00005387       0xa3 cpu/xmega/physmem_pools.o
 .debug_abbrev  0x0000542a      0x163 chip/atxmega128a1/sysclk.o
 .debug_abbrev  0x0000558d      0x141 board/xplain/init.o
 .debug_abbrev  0x000056ce       0x84 board/xplain/board_physmem_pools.o

.debug_info     0x00000000    0x168ac
 .debug_info    0x00000000      0xbb5 apps/gauge-demo/main.o
 .debug_info    0x00000bb5      0x655 apps/gauge-demo/app_calibrate.o
 .debug_info    0x0000120a      0x55a apps/gauge-demo/gauge-demo.o
 .debug_info    0x00001764      0x17b util/gfx/sysfont.o
 .debug_info    0x000018df     0x1981 util/gfx/win.o
 .debug_info    0x00003260      0x1bd util/gfx/wtk.o
 .debug_info    0x0000341d      0x52d util/gfx/wtk_basic_frame.o
 .debug_info    0x0000394a      0x76c util/gfx/wtk_button.o
 .debug_info    0x000040b6      0x7f6 util/gfx/wtk_check_box.o
 .debug_info    0x000048ac      0xdc9 util/gfx/wtk_frame.o
 .debug_info    0x00005675      0x69c util/gfx/wtk_label.o
 .debug_info    0x00005d11      0x608 util/gfx/wtk_progress_bar.o
 .debug_info    0x00006319      0x868 util/gfx/wtk_radio_button.o
 .debug_info    0x00006b81      0x72d util/gfx/wtk_slider.o
 .debug_info    0x000072ae      0xa5c util/gfx/wtk_gauge.o
 .debug_info    0x00007d0a       0xfc util/string/generic_memcpy.o
 .debug_info    0x00007e06       0xe1 util/string/generic_memset.o
 .debug_info    0x00007ee7       0xc8 util/string/generic_strlen.o
 .debug_info    0x00007faf      0x145 util/string/generic_strcmp.o
 .debug_info    0x000080f4      0xb41 util/stream/stream_core.o
 .debug_info    0x00008c35      0x684 util/stream/stream_string.o
 .debug_info    0x000092b9     0x12fe util/fs/tsfs.o
 .debug_info    0x0000a5b7      0x293 util/buffer.o
 .debug_info    0x0000a84a      0x178 util/hugemem.o
 .debug_info    0x0000a9c2      0x21b util/malloc_simple.o
 .debug_info    0x0000abdd      0x4dd util/membag.o
 .debug_info    0x0000b0ba      0x5cf util/mempool.o
 .debug_info    0x0000b689      0x27b util/physmem.o
 .debug_info    0x0000b904      0x198 util/softirq_common.o
 .debug_info    0x0000ba9c      0x58b util/workqueue.o
 .debug_info    0x0000c027      0x3e7 drivers/block/block_core.o
 .debug_info    0x0000c40e     0x2070 drivers/block/dataflash.o
 .debug_info    0x0000e47e      0x2b6 drivers/clk/xmega_pr.o
 .debug_info    0x0000e734      0xf03 drivers/flash/at45_device.o
 .debug_info    0x0000f637     0x1af9 drivers/gfx/hx8347a/gfx_hx8347a.o
 .debug_info    0x00011130      0x639 drivers/gfx/gfx_generic.o
 .debug_info    0x00011769      0x897 drivers/gfx/gfx_text.o
 .debug_info    0x00012000      0x3ed drivers/gfx/gfx_bitmap.o
 .debug_info    0x000123ed      0x3c6 drivers/gpio/port.o
 .debug_info    0x000127b3      0x7c3 drivers/serial/spi/spi_polled.o
 .debug_info    0x00012f76      0x684 drivers/serial/spi/spi_polled_buf_list.o
 .debug_info    0x000135fa     0x111e drivers/serial/spi/spi_mega_xmega.o
 .debug_info    0x00014718     0x112d drivers/touch/resistive/touch.o
 .debug_info    0x00015845      0x157 arch/avr8/delay.o
 .debug_info    0x0001599c      0x268 arch/avr8/arch_hugemem.o
 .debug_info    0x00015c04      0x128 cpu/xmega/physmem_pools.o
 .debug_info    0x00015d2c      0x58c chip/atxmega128a1/sysclk.o
 .debug_info    0x000162b8      0x4f1 board/xplain/init.o
 .debug_info    0x000167a9      0x103 board/xplain/board_physmem_pools.o

.debug_line     0x00000000     0xb6f3
 .debug_line    0x00000000      0x3dd apps/gauge-demo/main.o
 .debug_line    0x000003dd      0x35e apps/gauge-demo/app_calibrate.o
 .debug_line    0x0000073b      0x371 apps/gauge-demo/gauge-demo.o
 .debug_line    0x00000aac       0xbd util/gfx/sysfont.o
 .debug_line    0x00000b69     0x111f util/gfx/win.o
 .debug_line    0x00001c88      0x182 util/gfx/wtk.o
 .debug_line    0x00001e0a      0x264 util/gfx/wtk_basic_frame.o
 .debug_line    0x0000206e      0x365 util/gfx/wtk_button.o
 .debug_line    0x000023d3      0x418 util/gfx/wtk_check_box.o
 .debug_line    0x000027eb      0x7d0 util/gfx/wtk_frame.o
 .debug_line    0x00002fbb      0x2fb util/gfx/wtk_label.o
 .debug_line    0x000032b6      0x328 util/gfx/wtk_progress_bar.o
 .debug_line    0x000035de      0x49f util/gfx/wtk_radio_button.o
 .debug_line    0x00003a7d      0x473 util/gfx/wtk_slider.o
 .debug_line    0x00003ef0      0x4b1 util/gfx/wtk_gauge.o
 .debug_line    0x000043a1       0xdc util/string/generic_memcpy.o
 .debug_line    0x0000447d       0xdc util/string/generic_memset.o
 .debug_line    0x00004559       0xdc util/string/generic_strlen.o
 .debug_line    0x00004635      0x126 util/string/generic_strcmp.o
 .debug_line    0x0000475b      0x65d util/stream/stream_core.o
 .debug_line    0x00004db8      0x2df util/stream/stream_string.o
 .debug_line    0x00005097      0x757 util/fs/tsfs.o
 .debug_line    0x000057ee      0x201 util/buffer.o
 .debug_line    0x000059ef      0x112 util/hugemem.o
 .debug_line    0x00005b01      0x1c6 util/malloc_simple.o
 .debug_line    0x00005cc7      0x30c util/membag.o
 .debug_line    0x00005fd3      0x31a util/mempool.o
 .debug_line    0x000062ed      0x161 util/physmem.o
 .debug_line    0x0000644e      0x126 util/softirq_common.o
 .debug_line    0x00006574      0x28b util/workqueue.o
 .debug_line    0x000067ff      0x153 drivers/block/block_core.o
 .debug_line    0x00006952      0xc33 drivers/block/dataflash.o
 .debug_line    0x00007585      0x1ae drivers/clk/xmega_pr.o
 .debug_line    0x00007733      0x51d drivers/flash/at45_device.o
 .debug_line    0x00007c50      0xc76 drivers/gfx/hx8347a/gfx_hx8347a.o
 .debug_line    0x000088c6      0x6fb drivers/gfx/gfx_generic.o
 .debug_line    0x00008fc1      0x4ba drivers/gfx/gfx_text.o
 .debug_line    0x0000947b      0x3b6 drivers/gfx/gfx_bitmap.o
 .debug_line    0x00009831      0x19a drivers/gpio/port.o
 .debug_line    0x000099cb      0x333 drivers/serial/spi/spi_polled.o
 .debug_line    0x00009cfe      0x3a2 drivers/serial/spi/spi_polled_buf_list.o
 .debug_line    0x0000a0a0      0x562 drivers/serial/spi/spi_mega_xmega.o
 .debug_line    0x0000a602      0x7b7 drivers/touch/resistive/touch.o
 .debug_line    0x0000adb9       0xf3 arch/avr8/delay.o
 .debug_line    0x0000aeac      0x1d0 arch/avr8/arch_hugemem.o
 .debug_line    0x0000b07c       0xfe cpu/xmega/physmem_pools.o
 .debug_line    0x0000b17a      0x263 chip/atxmega128a1/sysclk.o
 .debug_line    0x0000b3dd      0x227 board/xplain/init.o
 .debug_line    0x0000b604       0xef board/xplain/board_physmem_pools.o

.debug_frame    0x00000000     0x13e0
 .debug_frame   0x00000000       0x20 apps/gauge-demo/main.o
 .debug_frame   0x00000020       0x40 apps/gauge-demo/app_calibrate.o
 .debug_frame   0x00000060       0x30 apps/gauge-demo/gauge-demo.o
 .debug_frame   0x00000090      0x2b0 util/gfx/win.o
 .debug_frame   0x00000340       0x40 util/gfx/wtk.o
 .debug_frame   0x00000380       0x50 util/gfx/wtk_basic_frame.o
 .debug_frame   0x000003d0       0x50 util/gfx/wtk_button.o
 .debug_frame   0x00000420       0x80 util/gfx/wtk_check_box.o
 .debug_frame   0x000004a0       0xa0 util/gfx/wtk_frame.o
 .debug_frame   0x00000540       0x60 util/gfx/wtk_label.o
 .debug_frame   0x000005a0       0x70 util/gfx/wtk_progress_bar.o
 .debug_frame   0x00000610       0x80 util/gfx/wtk_radio_button.o
 .debug_frame   0x00000690       0x70 util/gfx/wtk_slider.o
 .debug_frame   0x00000700       0x90 util/gfx/wtk_gauge.o
 .debug_frame   0x00000790       0x20 util/string/generic_memcpy.o
 .debug_frame   0x000007b0       0x20 util/string/generic_memset.o
 .debug_frame   0x000007d0       0x20 util/string/generic_strlen.o
 .debug_frame   0x000007f0       0x30 util/string/generic_strcmp.o
 .debug_frame   0x00000820       0x80 util/stream/stream_core.o
 .debug_frame   0x000008a0       0x60 util/stream/stream_string.o
 .debug_frame   0x00000900       0xe0 util/fs/tsfs.o
 .debug_frame   0x000009e0       0x50 util/buffer.o
 .debug_frame   0x00000a30       0x20 util/hugemem.o
 .debug_frame   0x00000a50       0x30 util/malloc_simple.o
 .debug_frame   0x00000a80       0x70 util/membag.o
 .debug_frame   0x00000af0       0x50 util/mempool.o
 .debug_frame   0x00000b40       0x30 util/physmem.o
 .debug_frame   0x00000b70       0x20 util/softirq_common.o
 .debug_frame   0x00000b90       0x40 util/workqueue.o
 .debug_frame   0x00000bd0       0x30 drivers/block/block_core.o
 .debug_frame   0x00000c00      0x140 drivers/block/dataflash.o
 .debug_frame   0x00000d40       0x30 drivers/clk/xmega_pr.o
 .debug_frame   0x00000d70       0xa0 drivers/flash/at45_device.o
 .debug_frame   0x00000e10      0x170 drivers/gfx/hx8347a/gfx_hx8347a.o
 .debug_frame   0x00000f80       0xa0 drivers/gfx/gfx_generic.o
 .debug_frame   0x00001020       0x60 drivers/gfx/gfx_text.o
 .debug_frame   0x00001080       0x40 drivers/gfx/gfx_bitmap.o
 .debug_frame   0x000010c0       0x40 drivers/gpio/port.o
 .debug_frame   0x00001100       0x60 drivers/serial/spi/spi_polled.o
 .debug_frame   0x00001160       0x50 drivers/serial/spi/spi_polled_buf_list.o
 .debug_frame   0x000011b0       0x70 drivers/serial/spi/spi_mega_xmega.o
 .debug_frame   0x00001220       0xe0 drivers/touch/resistive/touch.o
 .debug_frame   0x00001300       0x30 arch/avr8/delay.o
 .debug_frame   0x00001330       0x70 arch/avr8/arch_hugemem.o
 .debug_frame   0x000013a0       0x20 chip/atxmega128a1/sysclk.o
 .debug_frame   0x000013c0       0x20 board/xplain/init.o

.debug_loc      0x00000000     0x8e0e
 .debug_loc     0x00000000      0x121 apps/gauge-demo/main.o
 .debug_loc     0x00000121      0x120 apps/gauge-demo/app_calibrate.o
 .debug_loc     0x00000241       0xe0 apps/gauge-demo/gauge-demo.o
 .debug_loc     0x00000321      0xe24 util/gfx/win.o
 .debug_loc     0x00001145      0x129 util/gfx/wtk.o
 .debug_loc     0x0000126e      0x28e util/gfx/wtk_basic_frame.o
 .debug_loc     0x000014fc      0x3c9 util/gfx/wtk_button.o
 .debug_loc     0x000018c5      0x35a util/gfx/wtk_check_box.o
 .debug_loc     0x00001c1f      0x782 util/gfx/wtk_frame.o
 .debug_loc     0x000023a1      0x379 util/gfx/wtk_label.o
 .debug_loc     0x0000271a      0x448 util/gfx/wtk_progress_bar.o
 .debug_loc     0x00002b62      0x3a7 util/gfx/wtk_radio_button.o
 .debug_loc     0x00002f09      0x591 util/gfx/wtk_slider.o
 .debug_loc     0x0000349a      0x5de util/gfx/wtk_gauge.o
 .debug_loc     0x00003a78       0x38 util/string/generic_memcpy.o
 .debug_loc     0x00003ab0       0x60 util/string/generic_memset.o
 .debug_loc     0x00003b10       0x40 util/string/generic_strlen.o
 .debug_loc     0x00003b50       0xd9 util/string/generic_strcmp.o
 .debug_loc     0x00003c29      0x563 util/stream/stream_core.o
 .debug_loc     0x0000418c      0x143 util/stream/stream_string.o
 .debug_loc     0x000042cf      0x5d7 util/fs/tsfs.o
 .debug_loc     0x000048a6       0x28 util/buffer.o
 .debug_loc     0x000048ce       0x6c util/hugemem.o
 .debug_loc     0x0000493a       0xb2 util/malloc_simple.o
 .debug_loc     0x000049ec      0x18a util/membag.o
 .debug_loc     0x00004b76      0x244 util/mempool.o
 .debug_loc     0x00004dba       0xc2 util/physmem.o
 .debug_loc     0x00004e7c       0x13 util/softirq_common.o
 .debug_loc     0x00004e8f      0x14f util/workqueue.o
 .debug_loc     0x00004fde       0xd0 drivers/block/block_core.o
 .debug_loc     0x000050ae      0x6fe drivers/block/dataflash.o
 .debug_loc     0x000057ac       0x26 drivers/clk/xmega_pr.o
 .debug_loc     0x000057d2      0x140 drivers/flash/at45_device.o
 .debug_loc     0x00005912      0x8b5 drivers/gfx/hx8347a/gfx_hx8347a.o
 .debug_loc     0x000061c7      0xfb0 drivers/gfx/gfx_generic.o
 .debug_loc     0x00007177      0x9be drivers/gfx/gfx_text.o
 .debug_loc     0x00007b35      0x870 drivers/gfx/gfx_bitmap.o
 .debug_loc     0x000083a5       0xb6 drivers/gpio/port.o
 .debug_loc     0x0000845b      0x1d3 drivers/serial/spi/spi_polled.o
 .debug_loc     0x0000862e      0x1fe drivers/serial/spi/spi_polled_buf_list.o
 .debug_loc     0x0000882c      0x2ea drivers/serial/spi/spi_mega_xmega.o
 .debug_loc     0x00008b16      0x1c8 drivers/touch/resistive/touch.o
 .debug_loc     0x00008cde       0x2e arch/avr8/delay.o
 .debug_loc     0x00008d0c       0xdc arch/avr8/arch_hugemem.o
 .debug_loc     0x00008de8       0x26 chip/atxmega128a1/sysclk.o

.debug_pubnames
                0x00000000     0x16a3
 .debug_pubnames
                0x00000000       0x1b apps/gauge-demo/main.o
 .debug_pubnames
                0x0000001b       0x30 apps/gauge-demo/app_calibrate.o
 .debug_pubnames
                0x0000004b       0x28 apps/gauge-demo/gauge-demo.o
 .debug_pubnames
                0x00000073       0x1e util/gfx/sysfont.o
 .debug_pubnames
                0x00000091      0x289 util/gfx/win.o
 .debug_pubnames
                0x0000031a       0x50 util/gfx/wtk.o
 .debug_pubnames
                0x0000036a       0x6e util/gfx/wtk_basic_frame.o
 .debug_pubnames
                0x000003d8       0x59 util/gfx/wtk_button.o
 .debug_pubnames
                0x00000431       0xaf util/gfx/wtk_check_box.o
 .debug_pubnames
                0x000004e0       0x74 util/gfx/wtk_frame.o
 .debug_pubnames
                0x00000554       0x6b util/gfx/wtk_label.o
 .debug_pubnames
                0x000005bf       0xaa util/gfx/wtk_progress_bar.o
 .debug_pubnames
                0x00000669       0xc3 util/gfx/wtk_radio_button.o
 .debug_pubnames
                0x0000072c       0x8b util/gfx/wtk_slider.o
 .debug_pubnames
                0x000007b7       0xc1 util/gfx/wtk_gauge.o
 .debug_pubnames
                0x00000878       0x25 util/string/generic_memcpy.o
 .debug_pubnames
                0x0000089d       0x25 util/string/generic_memset.o
 .debug_pubnames
                0x000008c2       0x25 util/string/generic_strlen.o
 .debug_pubnames
                0x000008e7       0x39 util/string/generic_strcmp.o
 .debug_pubnames
                0x00000920       0x5c util/stream/stream_core.o
 .debug_pubnames
                0x0000097c       0x2b util/stream/stream_string.o
 .debug_pubnames
                0x000009a7       0x60 util/fs/tsfs.o
 .debug_pubnames
                0x00000a07       0x5a util/buffer.o
 .debug_pubnames
                0x00000a61       0x24 util/hugemem.o
 .debug_pubnames
                0x00000a85       0x28 util/malloc_simple.o
 .debug_pubnames
                0x00000aad       0xa7 util/membag.o
 .debug_pubnames
                0x00000b54       0x63 util/mempool.o
 .debug_pubnames
                0x00000bb7       0x3a util/physmem.o
 .debug_pubnames
                0x00000bf1       0x59 util/softirq_common.o
 .debug_pubnames
                0x00000c4a       0x79 util/workqueue.o
 .debug_pubnames
                0x00000cc3       0x41 drivers/block/block_core.o
 .debug_pubnames
                0x00000d04       0x2c drivers/block/dataflash.o
 .debug_pubnames
                0x00000d30       0x45 drivers/clk/xmega_pr.o
 .debug_pubnames
                0x00000d75       0x4d drivers/flash/at45_device.o
 .debug_pubnames
                0x00000dc2      0x20d drivers/gfx/hx8347a/gfx_hx8347a.o
 .debug_pubnames
                0x00000fcf      0x124 drivers/gfx/gfx_generic.o
 .debug_pubnames
                0x000010f3       0x9c drivers/gfx/gfx_text.o
 .debug_pubnames
                0x0000118f       0x53 drivers/gfx/gfx_bitmap.o
 .debug_pubnames
                0x000011e2       0x61 drivers/gpio/port.o
 .debug_pubnames
                0x00001243       0x83 drivers/serial/spi/spi_polled.o
 .debug_pubnames
                0x000012c6       0x89 drivers/serial/spi/spi_polled_buf_list.o
 .debug_pubnames
                0x0000134f       0x84 drivers/serial/spi/spi_mega_xmega.o
 .debug_pubnames
                0x000013d3      0x18a drivers/touch/resistive/touch.o
 .debug_pubnames
                0x0000155d       0x28 arch/avr8/delay.o
 .debug_pubnames
                0x00001585       0x8f arch/avr8/arch_hugemem.o
 .debug_pubnames
                0x00001614       0x24 cpu/xmega/physmem_pools.o
 .debug_pubnames
                0x00001638       0x22 chip/atxmega128a1/sysclk.o
 .debug_pubnames
                0x0000165a       0x21 board/xplain/init.o
 .debug_pubnames
                0x0000167b       0x28 board/xplain/board_physmem_pools.o

.debug_aranges  0x00000000      0xcd0
 .debug_aranges
                0x00000000       0x20 apps/gauge-demo/main.o
 .debug_aranges
                0x00000020       0x30 apps/gauge-demo/app_calibrate.o
 .debug_aranges
                0x00000050       0x28 apps/gauge-demo/gauge-demo.o
 .debug_aranges
                0x00000078      0x168 util/gfx/win.o
 .debug_aranges
                0x000001e0       0x30 util/gfx/wtk.o
 .debug_aranges
                0x00000210       0x38 util/gfx/wtk_basic_frame.o
 .debug_aranges
                0x00000248       0x38 util/gfx/wtk_button.o
 .debug_aranges
                0x00000280       0x50 util/gfx/wtk_check_box.o
 .debug_aranges
                0x000002d0       0x60 util/gfx/wtk_frame.o
 .debug_aranges
                0x00000330       0x40 util/gfx/wtk_label.o
 .debug_aranges
                0x00000370       0x48 util/gfx/wtk_progress_bar.o
 .debug_aranges
                0x000003b8       0x50 util/gfx/wtk_radio_button.o
 .debug_aranges
                0x00000408       0x48 util/gfx/wtk_slider.o
 .debug_aranges
                0x00000450       0x58 util/gfx/wtk_gauge.o
 .debug_aranges
                0x000004a8       0x20 util/string/generic_memcpy.o
 .debug_aranges
                0x000004c8       0x20 util/string/generic_memset.o
 .debug_aranges
                0x000004e8       0x20 util/string/generic_strlen.o
 .debug_aranges
                0x00000508       0x28 util/string/generic_strcmp.o
 .debug_aranges
                0x00000530       0x50 util/stream/stream_core.o
 .debug_aranges
                0x00000580       0x40 util/stream/stream_string.o
 .debug_aranges
                0x000005c0       0x80 util/fs/tsfs.o
 .debug_aranges
                0x00000640       0x38 util/buffer.o
 .debug_aranges
                0x00000678       0x20 util/hugemem.o
 .debug_aranges
                0x00000698       0x28 util/malloc_simple.o
 .debug_aranges
                0x000006c0       0x48 util/membag.o
 .debug_aranges
                0x00000708       0x38 util/mempool.o
 .debug_aranges
                0x00000740       0x28 util/physmem.o
 .debug_aranges
                0x00000768       0x20 util/softirq_common.o
 .debug_aranges
                0x00000788       0x30 util/workqueue.o
 .debug_aranges
                0x000007b8       0x28 drivers/block/block_core.o
 .debug_aranges
                0x000007e0       0xb0 drivers/block/dataflash.o
 .debug_aranges
                0x00000890       0x28 drivers/clk/xmega_pr.o
 .debug_aranges
                0x000008b8       0x60 drivers/flash/at45_device.o
 .debug_aranges
                0x00000918       0xc8 drivers/gfx/hx8347a/gfx_hx8347a.o
 .debug_aranges
                0x000009e0       0x60 drivers/gfx/gfx_generic.o
 .debug_aranges
                0x00000a40       0x40 drivers/gfx/gfx_text.o
 .debug_aranges
                0x00000a80       0x30 drivers/gfx/gfx_bitmap.o
 .debug_aranges
                0x00000ab0       0x30 drivers/gpio/port.o
 .debug_aranges
                0x00000ae0       0x40 drivers/serial/spi/spi_polled.o
 .debug_aranges
                0x00000b20       0x38 drivers/serial/spi/spi_polled_buf_list.o
 .debug_aranges
                0x00000b58       0x48 drivers/serial/spi/spi_mega_xmega.o
 .debug_aranges
                0x00000ba0       0x80 drivers/touch/resistive/touch.o
 .debug_aranges
                0x00000c20       0x28 arch/avr8/delay.o
 .debug_aranges
                0x00000c48       0x48 arch/avr8/arch_hugemem.o
 .debug_aranges
                0x00000c90       0x20 chip/atxmega128a1/sysclk.o
 .debug_aranges
                0x00000cb0       0x20 board/xplain/init.o

.debug_ranges   0x00000000      0xd20
 .debug_ranges  0x00000000       0x78 apps/gauge-demo/main.o
 .debug_ranges  0x00000078       0x28 apps/gauge-demo/app_calibrate.o
 .debug_ranges  0x000000a0       0x20 apps/gauge-demo/gauge-demo.o
 .debug_ranges  0x000000c0      0x178 util/gfx/win.o
 .debug_ranges  0x00000238       0x28 util/gfx/wtk.o
 .debug_ranges  0x00000260       0x30 util/gfx/wtk_basic_frame.o
 .debug_ranges  0x00000290       0x30 util/gfx/wtk_button.o
 .debug_ranges  0x000002c0       0x48 util/gfx/wtk_check_box.o
 .debug_ranges  0x00000308       0xb0 util/gfx/wtk_frame.o
 .debug_ranges  0x000003b8       0x38 util/gfx/wtk_label.o
 .debug_ranges  0x000003f0       0x40 util/gfx/wtk_progress_bar.o
 .debug_ranges  0x00000430       0x48 util/gfx/wtk_radio_button.o
 .debug_ranges  0x00000478       0x40 util/gfx/wtk_slider.o
 .debug_ranges  0x000004b8       0x50 util/gfx/wtk_gauge.o
 .debug_ranges  0x00000508       0x18 util/string/generic_memcpy.o
 .debug_ranges  0x00000520       0x18 util/string/generic_memset.o
 .debug_ranges  0x00000538       0x18 util/string/generic_strlen.o
 .debug_ranges  0x00000550       0x20 util/string/generic_strcmp.o
 .debug_ranges  0x00000570       0x48 util/stream/stream_core.o
 .debug_ranges  0x000005b8       0x38 util/stream/stream_string.o
 .debug_ranges  0x000005f0       0xc0 util/fs/tsfs.o
 .debug_ranges  0x000006b0       0x30 util/buffer.o
 .debug_ranges  0x000006e0       0x18 util/hugemem.o
 .debug_ranges  0x000006f8       0x20 util/malloc_simple.o
 .debug_ranges  0x00000718       0x58 util/membag.o
 .debug_ranges  0x00000770       0x30 util/mempool.o
 .debug_ranges  0x000007a0       0x20 util/physmem.o
 .debug_ranges  0x000007c0       0x18 util/softirq_common.o
 .debug_ranges  0x000007d8       0x28 util/workqueue.o
 .debug_ranges  0x00000800       0x20 drivers/block/block_core.o
 .debug_ranges  0x00000820       0xa8 drivers/block/dataflash.o
 .debug_ranges  0x000008c8       0x20 drivers/clk/xmega_pr.o
 .debug_ranges  0x000008e8       0x58 drivers/flash/at45_device.o
 .debug_ranges  0x00000940       0xc0 drivers/gfx/hx8347a/gfx_hx8347a.o
 .debug_ranges  0x00000a00       0x88 drivers/gfx/gfx_generic.o
 .debug_ranges  0x00000a88       0x68 drivers/gfx/gfx_text.o
 .debug_ranges  0x00000af0       0x58 drivers/gfx/gfx_bitmap.o
 .debug_ranges  0x00000b48       0x28 drivers/gpio/port.o
 .debug_ranges  0x00000b70       0x38 drivers/serial/spi/spi_polled.o
 .debug_ranges  0x00000ba8       0x30 drivers/serial/spi/spi_polled_buf_list.o
 .debug_ranges  0x00000bd8       0x40 drivers/serial/spi/spi_mega_xmega.o
 .debug_ranges  0x00000c18       0x78 drivers/touch/resistive/touch.o
 .debug_ranges  0x00000c90       0x20 arch/avr8/delay.o
 .debug_ranges  0x00000cb0       0x40 arch/avr8/arch_hugemem.o
 .debug_ranges  0x00000cf0       0x18 chip/atxmega128a1/sysclk.o
 .debug_ranges  0x00000d08       0x18 board/xplain/init.o

.debug_str      0x00000000     0x5c1a
 .debug_str     0x00000000      0x5bb apps/gauge-demo/main.o
                                0x6ba (size before relaxing)
 .debug_str     0x000005bb      0x1ef apps/gauge-demo/app_calibrate.o
                                0x4a0 (size before relaxing)
 .debug_str     0x000007aa      0x11d apps/gauge-demo/gauge-demo.o
                                0x433 (size before relaxing)
 .debug_str     0x000008c7       0x2e util/gfx/sysfont.o
                                0x1b4 (size before relaxing)
 .debug_str     0x000008f5      0x820 util/gfx/win.o
                                0xcf8 (size before relaxing)
 .debug_str     0x00001115       0x8a util/gfx/wtk.o
                                0x1b1 (size before relaxing)
 .debug_str     0x0000119f      0x10e util/gfx/wtk_basic_frame.o
                                0x482 (size before relaxing)
 .debug_str     0x000012ad      0x10d util/gfx/wtk_button.o
                                0x59d (size before relaxing)
 .debug_str     0x000013ba      0x139 util/gfx/wtk_check_box.o
                                0x5ec (size before relaxing)
 .debug_str     0x000014f3      0x33b util/gfx/wtk_frame.o
                                0x7fd (size before relaxing)
 .debug_str     0x0000182e       0xa7 util/gfx/wtk_label.o
                                0x483 (size before relaxing)
 .debug_str     0x000018d5      0x106 util/gfx/wtk_progress_bar.o
                                0x46b (size before relaxing)
 .debug_str     0x000019db      0x19f util/gfx/wtk_radio_button.o
                                0x682 (size before relaxing)
 .debug_str     0x00001b7a      0x100 util/gfx/wtk_slider.o
                                0x552 (size before relaxing)
 .debug_str     0x00001c7a      0x1f2 util/gfx/wtk_gauge.o
                                0x5a6 (size before relaxing)
 .debug_str     0x00001e6c       0x38 util/string/generic_memcpy.o
                                0x130 (size before relaxing)
 .debug_str     0x00001ea4       0x38 util/string/generic_memset.o
                                0x12b (size before relaxing)
 .debug_str     0x00001edc       0x38 util/string/generic_strlen.o
                                0x12b (size before relaxing)
 .debug_str     0x00001f14       0x52 util/string/generic_strcmp.o
                                0x145 (size before relaxing)
 .debug_str     0x00001f66      0x282 util/stream/stream_core.o
                                0x4aa (size before relaxing)
 .debug_str     0x000021e8      0x105 util/stream/stream_string.o
                                0x305 (size before relaxing)
 .debug_str     0x000022ed      0x648 util/fs/tsfs.o
                                0x9b1 (size before relaxing)
 .debug_str     0x00002935       0x8e util/buffer.o
                                0x200 (size before relaxing)
 .debug_str     0x000029c3       0x41 util/hugemem.o
                                0x18e (size before relaxing)
 .debug_str     0x00002a04       0x3b util/malloc_simple.o
                                0x1a0 (size before relaxing)
 .debug_str     0x00002a3f      0x10b util/membag.o
                                0x2ce (size before relaxing)
 .debug_str     0x00002b4a       0xa8 util/mempool.o
                                0x346 (size before relaxing)
 .debug_str     0x00002bf2       0x53 util/physmem.o
                                0x1a8 (size before relaxing)
 .debug_str     0x00002c45       0x36 util/softirq_common.o
                                0x1be (size before relaxing)
 .debug_str     0x00002c7b       0x8f util/workqueue.o
                                0x2be (size before relaxing)
 .debug_str     0x00002d0a       0x4e drivers/block/block_core.o
                                0x3c1 (size before relaxing)
 .debug_str     0x00002d58      0x669 drivers/block/dataflash.o
                                0xc3d (size before relaxing)
 .debug_str     0x000033c1       0x4e drivers/clk/xmega_pr.o
                                0x193 (size before relaxing)
 .debug_str     0x0000340f      0x293 drivers/flash/at45_device.o
                                0x7aa (size before relaxing)
 .debug_str     0x000036a2     0x1453 drivers/gfx/hx8347a/gfx_hx8347a.o
                               0x1682 (size before relaxing)
 .debug_str     0x00004af5      0x178 drivers/gfx/gfx_generic.o
                                0x2ee (size before relaxing)
 .debug_str     0x00004c6d      0x18f drivers/gfx/gfx_text.o
                                0x3d0 (size before relaxing)
 .debug_str     0x00004dfc       0xbf drivers/gfx/gfx_bitmap.o
                                0x2b4 (size before relaxing)
 .debug_str     0x00004ebb       0x79 drivers/gpio/port.o
                                0x207 (size before relaxing)
 .debug_str     0x00004f34      0x17d drivers/serial/spi/spi_polled.o
                                0x4d3 (size before relaxing)
 .debug_str     0x000050b1       0xd9 drivers/serial/spi/spi_polled_buf_list.o
                                0x4a5 (size before relaxing)
 .debug_str     0x0000518a      0x2dc drivers/serial/spi/spi_mega_xmega.o
                                0x815 (size before relaxing)
 .debug_str     0x00005466      0x4bb drivers/touch/resistive/touch.o
                                0x784 (size before relaxing)
 .debug_str     0x00005921       0x52 arch/avr8/delay.o
                                0x142 (size before relaxing)
 .debug_str     0x00005973       0x98 arch/avr8/arch_hugemem.o
                                0x1c4 (size before relaxing)
 .debug_str     0x00005a0b       0x3b cpu/xmega/physmem_pools.o
                                0x169 (size before relaxing)
 .debug_str     0x00005a46      0x143 chip/atxmega128a1/sysclk.o
                                0x398 (size before relaxing)
 .debug_str     0x00005b89       0x62 board/xplain/init.o
                                0x237 (size before relaxing)
 .debug_str     0x00005beb       0x2f board/xplain/board_physmem_pools.o
                                0x161 (size before relaxing)

Cross Reference Table

Symbol                                            File
__bss_end                                         c:/winavr-20100110/bin/../lib/gcc/avr/4.3.3/avrxmega7/libgcc.a(_clear_bss.o)
__bss_start                                       c:/winavr-20100110/bin/../lib/gcc/avr/4.3.3/avrxmega7/libgcc.a(_clear_bss.o)
__data_end                                        c:/winavr-20100110/bin/../lib/gcc/avr/4.3.3/avrxmega7/libgcc.a(_copy_data.o)
__data_load_start                                 c:/winavr-20100110/bin/../lib/gcc/avr/4.3.3/avrxmega7/libgcc.a(_copy_data.o)
__data_start                                      c:/winavr-20100110/bin/../lib/gcc/avr/4.3.3/avrxmega7/libgcc.a(_copy_data.o)
__divmodhi4                                       c:/winavr-20100110/bin/../lib/gcc/avr/4.3.3/avrxmega7/libgcc.a(_divmodhi4.o)
                                                  drivers/block/dataflash.o
                                                  util/gfx/wtk_button.o
                                                  util/gfx/win.o
__divmodsi4                                       c:/winavr-20100110/bin/../lib/gcc/avr/4.3.3/avrxmega7/libgcc.a(_divmodsi4.o)
                                                  drivers/touch/resistive/touch.o
                                                  util/stream/stream_core.o
__do_clear_bss                                    c:/winavr-20100110/bin/../lib/gcc/avr/4.3.3/avrxmega7/libgcc.a(_clear_bss.o)
                                                  drivers/touch/resistive/touch.o
                                                  drivers/gfx/gfx_text.o
                                                  drivers/gfx/hx8347a/gfx_hx8347a.o
                                                  util/workqueue.o
                                                  util/softirq_common.o
                                                  util/buffer.o
                                                  util/gfx/wtk_frame.o
                                                  util/gfx/win.o
                                                  apps/gauge-demo/gauge-demo.o
                                                  apps/gauge-demo/app_calibrate.o
                                                  apps/gauge-demo/main.o
__do_copy_data                                    c:/winavr-20100110/bin/../lib/gcc/avr/4.3.3/avrxmega7/libgcc.a(_copy_data.o)
                                                  board/xplain/board_physmem_pools.o
                                                  cpu/xmega/physmem_pools.o
                                                  drivers/flash/at45_device.o
                                                  util/membag.o
                                                  util/stream/stream_string.o
                                                  util/stream/stream_core.o
                                                  util/gfx/wtk_frame.o
                                                  util/gfx/sysfont.o
                                                  apps/gauge-demo/gauge-demo.o
__mulsi3                                          c:/winavr-20100110/bin/../lib/gcc/avr/4.3.3/avrxmega7/libgcc.a(_mulsi3.o)
                                                  drivers/touch/resistive/touch.o
                                                  drivers/gfx/gfx_bitmap.o
                                                  drivers/gfx/gfx_generic.o
__udivmodhi4                                      c:/winavr-20100110/bin/../lib/gcc/avr/4.3.3/avrxmega7/libgcc.a(_udivmodhi4.o)
                                                  c:/winavr-20100110/bin/../lib/gcc/avr/4.3.3/avrxmega7/libgcc.a(_divmodhi4.o)
                                                  util/gfx/wtk.o
__udivmodsi4                                      c:/winavr-20100110/bin/../lib/gcc/avr/4.3.3/avrxmega7/libgcc.a(_udivmodsi4.o)
                                                  c:/winavr-20100110/bin/../lib/gcc/avr/4.3.3/avrxmega7/libgcc.a(_divmodsi4.o)
                                                  drivers/gfx/hx8347a/gfx_hx8347a.o
                                                  util/stream/stream_core.o
_data                                             arch/avr8/entry.o
_div                                              c:/winavr-20100110/bin/../lib/gcc/avr/4.3.3/avrxmega7/libgcc.a(_divmodhi4.o)
_edata                                            arch/avr8/entry.o
_end                                              arch/avr8/entry.o
_estack                                           arch/avr8/entry.o
_etext                                            arch/avr8/entry.o
_start                                            arch/avr8/entry.o
app_touch_calibrate_setup                         apps/gauge-demo/app_calibrate.o
                                                  apps/gauge-demo/main.o
app_widget_launch                                 apps/gauge-demo/gauge-demo.o
                                                  apps/gauge-demo/main.o
at45_device_init                                  drivers/flash/at45_device.o
                                                  drivers/block/dataflash.o
at45_identify                                     drivers/flash/at45_device.o
                                                  drivers/block/dataflash.o
at45_wait_ready                                   drivers/flash/at45_device.o
                                                  drivers/block/dataflash.o
block_alloc_request                               drivers/block/block_core.o
                                                  util/fs/tsfs.o
block_free_request                                drivers/block/block_core.o
                                                  util/fs/tsfs.o
board_extram_pool                                 board/xplain/board_physmem_pools.o
                                                  util/fs/tsfs.o
board_init                                        board/xplain/init.o
                                                  apps/gauge-demo/main.o
buffer_alloc                                      util/buffer.o
buffer_free                                       util/buffer.o
buffer_pool_init                                  util/buffer.o
buffer_resize                                     util/buffer.o
cpu_sram_pool                                     cpu/xmega/physmem_pools.o
                                                  drivers/block/dataflash.o
                                                  util/membag.o
                                                  util/malloc_simple.o
                                                  util/buffer.o
dataflash_blkdev_init                             drivers/block/dataflash.o
generic_memcpy                                    util/string/generic_memcpy.o
                                                  util/fs/tsfs.o
                                                  util/stream/stream_core.o
                                                  apps/gauge-demo/app_calibrate.o
generic_memset                                    util/string/generic_memset.o
                                                  util/malloc_simple.o
                                                  util/stream/stream_string.o
generic_strcmp                                    util/string/generic_strcmp.o
generic_strlen                                    util/string/generic_strlen.o
                                                  util/stream/stream_core.o
                                                  util/gfx/wtk_radio_button.o
                                                  util/gfx/wtk_label.o
                                                  util/gfx/wtk_frame.o
                                                  util/gfx/wtk_check_box.o
                                                  util/gfx/wtk_button.o
generic_strncmp                                   util/string/generic_strcmp.o
                                                  util/fs/tsfs.o
gfx_color                                         drivers/gfx/hx8347a/gfx_hx8347a.o
gfx_copy_hugemem_pixels_to_screen                 drivers/gfx/hx8347a/gfx_hx8347a.o
                                                  drivers/gfx/gfx_bitmap.o
gfx_copy_pixels_from_screen                       drivers/gfx/hx8347a/gfx_hx8347a.o
                                                  drivers/gfx/gfx_generic.o
gfx_copy_pixels_to_screen                         drivers/gfx/hx8347a/gfx_hx8347a.o
                                                  drivers/gfx/gfx_bitmap.o
                                                  drivers/gfx/gfx_generic.o
gfx_copy_progmem_pixels_to_screen                 drivers/gfx/hx8347a/gfx_hx8347a.o
                                                  drivers/gfx/gfx_bitmap.o
gfx_draw_bitmap                                   drivers/gfx/gfx_bitmap.o
gfx_draw_bitmap_tiled                             drivers/gfx/gfx_bitmap.o
                                                  util/gfx/win.o
gfx_draw_char                                     drivers/gfx/gfx_text.o
gfx_draw_line_pixel                               drivers/gfx/hx8347a/gfx_hx8347a.o
                                                  drivers/gfx/gfx_generic.o
gfx_draw_pixel                                    drivers/gfx/hx8347a/gfx_hx8347a.o
                                                  drivers/gfx/gfx_text.o
                                                  drivers/gfx/gfx_generic.o
gfx_draw_progmem_string                           drivers/gfx/gfx_text.o
                                                  apps/gauge-demo/app_calibrate.o
gfx_draw_string                                   drivers/gfx/gfx_text.o
                                                  util/gfx/wtk_radio_button.o
                                                  util/gfx/wtk_label.o
                                                  util/gfx/wtk_frame.o
                                                  util/gfx/wtk_check_box.o
                                                  util/gfx/wtk_button.o
gfx_duplicate_pixel                               drivers/gfx/hx8347a/gfx_hx8347a.o
                                                  drivers/gfx/gfx_generic.o
gfx_generic_draw_circle                           drivers/gfx/gfx_generic.o
                                                  util/gfx/wtk_gauge.o
                                                  util/gfx/wtk_radio_button.o
                                                  apps/gauge-demo/app_calibrate.o
gfx_generic_draw_filled_circle                    drivers/gfx/gfx_generic.o
                                                  util/gfx/wtk_gauge.o
                                                  util/gfx/wtk_radio_button.o
                                                  util/gfx/wtk_frame.o
gfx_generic_draw_filled_rect                      drivers/gfx/gfx_generic.o
                                                  drivers/gfx/gfx_bitmap.o
                                                  drivers/gfx/gfx_text.o
                                                  util/gfx/wtk_slider.o
                                                  util/gfx/wtk_progress_bar.o
                                                  util/gfx/wtk_frame.o
                                                  util/gfx/wtk_check_box.o
                                                  util/gfx/wtk_button.o
                                                  util/gfx/win.o
                                                  apps/gauge-demo/app_calibrate.o
gfx_generic_draw_horizontal_line                  drivers/gfx/gfx_generic.o
                                                  util/gfx/wtk_gauge.o
gfx_generic_draw_line                             drivers/gfx/gfx_generic.o
                                                  util/gfx/wtk_gauge.o
gfx_generic_draw_rect                             drivers/gfx/gfx_generic.o
                                                  util/gfx/wtk_slider.o
                                                  util/gfx/wtk_progress_bar.o
                                                  util/gfx/wtk_check_box.o
                                                  util/gfx/wtk_button.o
gfx_generic_draw_vertical_line                    drivers/gfx/gfx_generic.o
                                                  util/gfx/wtk_gauge.o
gfx_generic_get_pixmap                            drivers/gfx/gfx_generic.o
                                                  util/gfx/wtk_frame.o
gfx_generic_put_pixmap                            drivers/gfx/gfx_generic.o
                                                  util/gfx/wtk_frame.o
gfx_get_height                                    drivers/gfx/hx8347a/gfx_hx8347a.o
                                                  util/gfx/wtk_frame.o
                                                  util/gfx/win.o
                                                  apps/gauge-demo/gauge-demo.o
                                                  apps/gauge-demo/app_calibrate.o
gfx_get_pixel                                     drivers/gfx/hx8347a/gfx_hx8347a.o
gfx_get_progmem_string_bounding_box               drivers/gfx/gfx_text.o
gfx_get_string_bounding_box                       drivers/gfx/gfx_text.o
                                                  util/gfx/wtk_radio_button.o
                                                  util/gfx/wtk_label.o
                                                  util/gfx/wtk_check_box.o
                                                  util/gfx/wtk_button.o
gfx_get_width                                     drivers/gfx/hx8347a/gfx_hx8347a.o
                                                  util/gfx/wtk_frame.o
                                                  util/gfx/win.o
                                                  apps/gauge-demo/gauge-demo.o
                                                  apps/gauge-demo/app_calibrate.o
gfx_height                                        drivers/gfx/gfx_generic.o
                                                  drivers/gfx/hx8347a/gfx_hx8347a.o
gfx_init                                          drivers/gfx/hx8347a/gfx_hx8347a.o
                                                  apps/gauge-demo/main.o
gfx_max_x                                         drivers/gfx/gfx_bitmap.o
                                                  drivers/gfx/gfx_generic.o
                                                  drivers/gfx/hx8347a/gfx_hx8347a.o
gfx_max_y                                         drivers/gfx/gfx_bitmap.o
                                                  drivers/gfx/gfx_generic.o
                                                  drivers/gfx/hx8347a/gfx_hx8347a.o
gfx_min_x                                         drivers/gfx/gfx_bitmap.o
                                                  drivers/gfx/gfx_generic.o
                                                  drivers/gfx/hx8347a/gfx_hx8347a.o
gfx_min_y                                         drivers/gfx/gfx_bitmap.o
                                                  drivers/gfx/gfx_generic.o
                                                  drivers/gfx/hx8347a/gfx_hx8347a.o
gfx_put_bitmap                                    drivers/gfx/gfx_bitmap.o
gfx_set_bottom_right_limit                        drivers/gfx/hx8347a/gfx_hx8347a.o
                                                  drivers/gfx/gfx_bitmap.o
                                                  drivers/gfx/gfx_generic.o
gfx_set_clipping                                  drivers/gfx/hx8347a/gfx_hx8347a.o
                                                  util/gfx/wtk_frame.o
                                                  util/gfx/win.o
                                                  apps/gauge-demo/app_calibrate.o
gfx_set_limits                                    drivers/gfx/hx8347a/gfx_hx8347a.o
                                                  drivers/gfx/gfx_generic.o
gfx_set_orientation                               drivers/gfx/hx8347a/gfx_hx8347a.o
gfx_set_top_left_limit                            drivers/gfx/hx8347a/gfx_hx8347a.o
                                                  drivers/gfx/gfx_bitmap.o
                                                  drivers/gfx/gfx_generic.o
gfx_sync                                          drivers/gfx/hx8347a/gfx_hx8347a.o
gfx_width                                         drivers/gfx/gfx_generic.o
                                                  drivers/gfx/hx8347a/gfx_hx8347a.o
gpio_get_value_noninline                          drivers/gpio/port.o
gpio_set_value_noninline                          drivers/gpio/port.o
                                                  drivers/serial/spi/spi_mega_xmega.o
heap_area                                         cpu/xmega/physmem_pools.o
hugemem_alloc                                     util/hugemem.o
hugemem_read16                                    arch/avr8/arch_hugemem.o
hugemem_read32                                    arch/avr8/arch_hugemem.o
hugemem_read_block                                arch/avr8/arch_hugemem.o
                                                  drivers/gfx/gfx_text.o
                                                  util/fs/tsfs.o
hugemem_write16                                   arch/avr8/arch_hugemem.o
hugemem_write32                                   arch/avr8/arch_hugemem.o
hugemem_write_block                               arch/avr8/arch_hugemem.o
                                                  util/fs/tsfs.o
intc_priv_data_irq67                              drivers/touch/resistive/touch.o
intc_priv_data_irq73                              drivers/touch/resistive/touch.o
intc_priv_entry_irq10                             arch/avr8/entry.o
intc_priv_entry_irq100                            arch/avr8/entry.o
intc_priv_entry_irq101                            arch/avr8/entry.o
intc_priv_entry_irq102                            arch/avr8/entry.o
intc_priv_entry_irq103                            arch/avr8/entry.o
intc_priv_entry_irq104                            arch/avr8/entry.o
intc_priv_entry_irq105                            arch/avr8/entry.o
intc_priv_entry_irq106                            arch/avr8/entry.o
intc_priv_entry_irq107                            arch/avr8/entry.o
intc_priv_entry_irq108                            arch/avr8/entry.o
intc_priv_entry_irq109                            arch/avr8/entry.o
intc_priv_entry_irq11                             arch/avr8/entry.o
intc_priv_entry_irq110                            arch/avr8/entry.o
intc_priv_entry_irq111                            arch/avr8/entry.o
intc_priv_entry_irq112                            arch/avr8/entry.o
intc_priv_entry_irq113                            arch/avr8/entry.o
intc_priv_entry_irq114                            arch/avr8/entry.o
intc_priv_entry_irq115                            arch/avr8/entry.o
intc_priv_entry_irq116                            arch/avr8/entry.o
intc_priv_entry_irq117                            arch/avr8/entry.o
intc_priv_entry_irq118                            arch/avr8/entry.o
intc_priv_entry_irq119                            arch/avr8/entry.o
intc_priv_entry_irq12                             arch/avr8/entry.o
intc_priv_entry_irq120                            arch/avr8/entry.o
intc_priv_entry_irq121                            arch/avr8/entry.o
intc_priv_entry_irq122                            arch/avr8/entry.o
intc_priv_entry_irq123                            arch/avr8/entry.o
intc_priv_entry_irq124                            arch/avr8/entry.o
intc_priv_entry_irq125                            arch/avr8/entry.o
intc_priv_entry_irq13                             arch/avr8/entry.o
intc_priv_entry_irq14                             arch/avr8/entry.o
intc_priv_entry_irq15                             arch/avr8/entry.o
intc_priv_entry_irq16                             arch/avr8/entry.o
intc_priv_entry_irq17                             arch/avr8/entry.o
intc_priv_entry_irq18                             arch/avr8/entry.o
intc_priv_entry_irq19                             arch/avr8/entry.o
intc_priv_entry_irq2                              arch/avr8/entry.o
intc_priv_entry_irq20                             arch/avr8/entry.o
intc_priv_entry_irq21                             arch/avr8/entry.o
intc_priv_entry_irq22                             arch/avr8/entry.o
intc_priv_entry_irq23                             arch/avr8/entry.o
intc_priv_entry_irq24                             arch/avr8/entry.o
intc_priv_entry_irq25                             arch/avr8/entry.o
intc_priv_entry_irq26                             arch/avr8/entry.o
intc_priv_entry_irq27                             arch/avr8/entry.o
intc_priv_entry_irq28                             arch/avr8/entry.o
intc_priv_entry_irq29                             arch/avr8/entry.o
intc_priv_entry_irq3                              arch/avr8/entry.o
intc_priv_entry_irq30                             arch/avr8/entry.o
intc_priv_entry_irq31                             arch/avr8/entry.o
intc_priv_entry_irq32                             arch/avr8/entry.o
intc_priv_entry_irq33                             arch/avr8/entry.o
intc_priv_entry_irq34                             arch/avr8/entry.o
intc_priv_entry_irq35                             arch/avr8/entry.o
intc_priv_entry_irq36                             arch/avr8/entry.o
intc_priv_entry_irq37                             arch/avr8/entry.o
intc_priv_entry_irq38                             arch/avr8/entry.o
intc_priv_entry_irq39                             arch/avr8/entry.o
intc_priv_entry_irq4                              arch/avr8/entry.o
intc_priv_entry_irq40                             arch/avr8/entry.o
intc_priv_entry_irq41                             arch/avr8/entry.o
intc_priv_entry_irq42                             arch/avr8/entry.o
intc_priv_entry_irq43                             arch/avr8/entry.o
intc_priv_entry_irq44                             arch/avr8/entry.o
intc_priv_entry_irq45                             arch/avr8/entry.o
intc_priv_entry_irq46                             arch/avr8/entry.o
intc_priv_entry_irq47                             arch/avr8/entry.o
intc_priv_entry_irq48                             arch/avr8/entry.o
intc_priv_entry_irq49                             arch/avr8/entry.o
intc_priv_entry_irq5                              arch/avr8/entry.o
intc_priv_entry_irq50                             arch/avr8/entry.o
intc_priv_entry_irq51                             arch/avr8/entry.o
intc_priv_entry_irq52                             arch/avr8/entry.o
intc_priv_entry_irq53                             arch/avr8/entry.o
intc_priv_entry_irq54                             arch/avr8/entry.o
intc_priv_entry_irq55                             arch/avr8/entry.o
intc_priv_entry_irq56                             arch/avr8/entry.o
intc_priv_entry_irq57                             arch/avr8/entry.o
intc_priv_entry_irq58                             arch/avr8/entry.o
intc_priv_entry_irq59                             arch/avr8/entry.o
intc_priv_entry_irq6                              arch/avr8/entry.o
intc_priv_entry_irq60                             arch/avr8/entry.o
intc_priv_entry_irq61                             arch/avr8/entry.o
intc_priv_entry_irq62                             arch/avr8/entry.o
intc_priv_entry_irq63                             arch/avr8/entry.o
intc_priv_entry_irq64                             arch/avr8/entry.o
intc_priv_entry_irq65                             arch/avr8/entry.o
intc_priv_entry_irq66                             arch/avr8/entry.o
intc_priv_entry_irq67                             drivers/touch/resistive/touch.o
intc_priv_entry_irq68                             arch/avr8/entry.o
intc_priv_entry_irq69                             arch/avr8/entry.o
intc_priv_entry_irq7                              arch/avr8/entry.o
intc_priv_entry_irq70                             arch/avr8/entry.o
intc_priv_entry_irq71                             arch/avr8/entry.o
intc_priv_entry_irq72                             arch/avr8/entry.o
intc_priv_entry_irq73                             drivers/touch/resistive/touch.o
intc_priv_entry_irq74                             arch/avr8/entry.o
intc_priv_entry_irq75                             arch/avr8/entry.o
intc_priv_entry_irq76                             arch/avr8/entry.o
intc_priv_entry_irq77                             arch/avr8/entry.o
intc_priv_entry_irq78                             arch/avr8/entry.o
intc_priv_entry_irq79                             arch/avr8/entry.o
intc_priv_entry_irq8                              arch/avr8/entry.o
intc_priv_entry_irq80                             arch/avr8/entry.o
intc_priv_entry_irq81                             arch/avr8/entry.o
intc_priv_entry_irq82                             arch/avr8/entry.o
intc_priv_entry_irq83                             arch/avr8/entry.o
intc_priv_entry_irq84                             arch/avr8/entry.o
intc_priv_entry_irq85                             arch/avr8/entry.o
intc_priv_entry_irq86                             arch/avr8/entry.o
intc_priv_entry_irq87                             arch/avr8/entry.o
intc_priv_entry_irq88                             arch/avr8/entry.o
intc_priv_entry_irq89                             arch/avr8/entry.o
intc_priv_entry_irq9                              arch/avr8/entry.o
intc_priv_entry_irq90                             arch/avr8/entry.o
intc_priv_entry_irq91                             arch/avr8/entry.o
intc_priv_entry_irq92                             arch/avr8/entry.o
intc_priv_entry_irq93                             arch/avr8/entry.o
intc_priv_entry_irq94                             arch/avr8/entry.o
intc_priv_entry_irq95                             arch/avr8/entry.o
intc_priv_entry_irq96                             arch/avr8/entry.o
intc_priv_entry_irq97                             arch/avr8/entry.o
intc_priv_entry_irq98                             arch/avr8/entry.o
intc_priv_entry_irq99                             arch/avr8/entry.o
intc_priv_unhandled_irq                           arch/avr8/entry.o
main                                              apps/gauge-demo/main.o
                                                  arch/avr8/entry.o
main_workqueue                                    drivers/serial/spi/spi_mega_xmega.o
                                                  drivers/serial/spi/spi_polled_buf_list.o
                                                  drivers/serial/spi/spi_polled.o
                                                  drivers/block/dataflash.o
                                                  util/workqueue.o
                                                  util/fs/tsfs.o
                                                  util/gfx/win.o
                                                  apps/gauge-demo/app_calibrate.o
                                                  apps/gauge-demo/main.o
malloc                                            util/malloc_simple.o
                                                  util/fs/tsfs.o
mdelay                                            arch/avr8/delay.o
mem_pool_alloc                                    util/mempool.o
                                                  drivers/block/dataflash.o
                                                  util/membag.o
                                                  util/buffer.o
mem_pool_free                                     util/mempool.o
                                                  drivers/block/dataflash.o
                                                  util/membag.o
                                                  util/buffer.o
mem_pool_init                                     util/mempool.o
                                                  util/membag.o
mem_pool_init_physmem                             util/mempool.o
                                                  drivers/block/dataflash.o
                                                  util/buffer.o
membag_alloc                                      util/membag.o
                                                  util/gfx/wtk_gauge.o
                                                  util/gfx/wtk_slider.o
                                                  util/gfx/wtk_radio_button.o
                                                  util/gfx/wtk_progress_bar.o
                                                  util/gfx/wtk_label.o
                                                  util/gfx/wtk_frame.o
                                                  util/gfx/wtk_check_box.o
                                                  util/gfx/wtk_button.o
                                                  util/gfx/wtk_basic_frame.o
                                                  util/gfx/win.o
                                                  apps/gauge-demo/app_calibrate.o
membag_free                                       util/membag.o
                                                  util/gfx/wtk_gauge.o
                                                  util/gfx/wtk_slider.o
                                                  util/gfx/wtk_radio_button.o
                                                  util/gfx/wtk_progress_bar.o
                                                  util/gfx/wtk_label.o
                                                  util/gfx/wtk_frame.o
                                                  util/gfx/wtk_check_box.o
                                                  util/gfx/wtk_button.o
                                                  util/gfx/wtk_basic_frame.o
                                                  util/gfx/win.o
                                                  apps/gauge-demo/app_calibrate.o
membag_get_largest_free_block_size                util/membag.o
membag_get_smallest_free_block_size               util/membag.o
membag_get_total                                  util/membag.o
membag_init                                       util/membag.o
                                                  apps/gauge-demo/main.o
mmio_ccp_write8                                   cpu/xmega/ccp.o
                                                  chip/atxmega128a1/sysclk.o
nested_workqueue_add_task                         util/workqueue.o
                                                  drivers/block/dataflash.o
nested_workqueue_next_task                        util/workqueue.o
                                                  drivers/flash/at45_device.o
                                                  drivers/block/dataflash.o
physmem_alloc                                     util/physmem.o
                                                  util/mempool.o
                                                  util/membag.o
                                                  util/hugemem.o
                                                  util/fs/tsfs.o
physmem_alloc_low                                 util/physmem.o
                                                  util/malloc_simple.o
port_select_gpio                                  drivers/gpio/port.o
                                                  board/xplain/init.o
                                                  drivers/serial/spi/spi_mega_xmega.o
                                                  drivers/gfx/hx8347a/gfx_hx8347a.o
snprintf                                          util/stream/stream_string.o
softirq_priv_status                               drivers/touch/resistive/touch.o