Archive member included because of file (symbol)

c:/winavr/bin/../lib/gcc/avr/4.3.3/avrxmega7/libgcc.a(_mulsi3.o)
                              drivers/gfx/gfx_generic.o (__mulsi3)
c:/winavr/bin/../lib/gcc/avr/4.3.3/avrxmega7/libgcc.a(_udivmodhi4.o)
                              util/gfx/wtk.o (__udivmodhi4)
c:/winavr/bin/../lib/gcc/avr/4.3.3/avrxmega7/libgcc.a(_divmodhi4.o)
                              util/gfx/win.o (__divmodhi4)
c:/winavr/bin/../lib/gcc/avr/4.3.3/avrxmega7/libgcc.a(_udivmodsi4.o)
                              util/stream/stream_core.o (__udivmodsi4)
c:/winavr/bin/../lib/gcc/avr/4.3.3/avrxmega7/libgcc.a(_divmodsi4.o)
                              util/stream/stream_core.o (__divmodsi4)
c:/winavr/bin/../lib/gcc/avr/4.3.3/avrxmega7/libgcc.a(_copy_data.o)
                              apps/display-training/app_widget.o (__do_copy_data)
c:/winavr/bin/../lib/gcc/avr/4.3.3/avrxmega7/libgcc.a(_clear_bss.o)
                              apps/display-training/main.o (__do_clear_bss)

Allocating common symbols
Common symbol       size              file

gfx_width           0x2               drivers/gfx/hx8347a/gfx_hx8347a.o
softirq_priv_status
                    0x1               util/softirq_common.o
intc_priv_data_irq67
                    0x2               drivers/touch/resistive/touch.o
gfx_max_x           0x2               drivers/gfx/hx8347a/gfx_hx8347a.o
gfx_min_x           0x2               drivers/gfx/hx8347a/gfx_hx8347a.o
main_workqueue      0x4               util/workqueue.o
softirq_priv_table  0x4               util/softirq_common.o
gfx_max_y           0x2               drivers/gfx/hx8347a/gfx_hx8347a.o
gfx_min_y           0x2               drivers/gfx/hx8347a/gfx_hx8347a.o
gfx_height          0x2               drivers/gfx/hx8347a/gfx_hx8347a.o
intc_priv_data_irq73
                    0x2               drivers/touch/resistive/touch.o
touch_event_handler
                    0x2               drivers/touch/resistive/touch.o

Discarded input sections

 .text          0x00000000        0x0 apps/display-training/main.o
 .data          0x00000000        0x0 apps/display-training/main.o
 .bss           0x00000000        0x0 apps/display-training/main.o
 .text          0x00000000        0x0 apps/display-training/app_calibrate.o
 .data          0x00000000        0x0 apps/display-training/app_calibrate.o
 .bss           0x00000000        0x0 apps/display-training/app_calibrate.o
 .text          0x00000000        0x0 apps/display-training/app_widget.o
 .bss           0x00000000        0x0 apps/display-training/app_widget.o
 .text          0x00000000        0x0 util/gfx/sysfont.o
 .data          0x00000000        0x0 util/gfx/sysfont.o
 .bss           0x00000000        0x0 util/gfx/sysfont.o
 .text          0x00000000        0x0 util/gfx/win.o
 .data          0x00000000        0x0 util/gfx/win.o
 .bss           0x00000000        0x0 util/gfx/win.o
 .text.win_get_parent
                0x00000000        0x0 util/gfx/win.o
 .text.win_is_inside_clip
                0x00000000        0x0 util/gfx/win.o
 .text.win_is_inside_window
                0x00000000        0x0 util/gfx/win.o
 .text.win_set_keyboard_focus
                0x00000000        0x0 util/gfx/win.o
 .text.win_queue_keyboard_event
                0x00000000        0x0 util/gfx/win.o
 .text.win_lower
                0x00000000        0x0 util/gfx/win.o
 .text.win_reset_root_geometry
                0x00000000        0x0 util/gfx/win.o
 .text.win_reparent
                0x00000000        0x0 util/gfx/win.o
 .text          0x00000000        0x0 util/gfx/wtk.o
 .data          0x00000000        0x0 util/gfx/wtk.o
 .bss           0x00000000        0x0 util/gfx/wtk.o
 .text.wtk_shade_pixel
                0x00000000        0x0 util/gfx/wtk.o
 .text          0x00000000        0x0 util/gfx/wtk_basic_frame.o
 .data          0x00000000        0x0 util/gfx/wtk_basic_frame.o
 .bss           0x00000000        0x0 util/gfx/wtk_basic_frame.o
 .text.wtk_basic_frame_get_custom_data
                0x00000000        0x0 util/gfx/wtk_basic_frame.o
 .text          0x00000000        0x0 util/gfx/wtk_button.o
 .data          0x00000000        0x0 util/gfx/wtk_button.o
 .bss           0x00000000        0x0 util/gfx/wtk_button.o
 .text.wtk_button_as_child
                0x00000000        0x0 util/gfx/wtk_button.o
 .text.wtk_button_create
                0x00000000        0x0 util/gfx/wtk_button.o
 .text.wtk_button_size_hint
                0x00000000        0x0 util/gfx/wtk_button.o
 .text.wtk_button_handler
                0x00000000        0x0 util/gfx/wtk_button.o
 .text          0x00000000        0x0 util/gfx/wtk_check_box.o
 .data          0x00000000        0x0 util/gfx/wtk_check_box.o
 .bss           0x00000000        0x0 util/gfx/wtk_check_box.o
 .text.wtk_check_box_as_child
                0x00000000        0x0 util/gfx/wtk_check_box.o
 .text.wtk_check_box_is_selected
                0x00000000        0x0 util/gfx/wtk_check_box.o
[...]
Memory Configuration

Name             Origin             Length             Attributes
*default*        0x00000000         0xffffffff

Linker script and memory map

                0x00000000                . = 0x0

.text           0x00000000     0x49f2
                0x00000000                _text = .
 *(.vectors)
 .vectors       0x00000000      0x1f4 arch/avr8/entry.o
                0x00000000                _start
 *(.avr.text.avr_runtime_init)
 .avr.text.avr_runtime_init
                0x000001f4       0x4c arch/avr8/entry.o
 *(.text.intc_priv_unhandled_irq)
 .text.intc_priv_unhandled_irq
                0x00000240        0x2 arch/avr8/entry.o
                0x00000240                intc_priv_entry_irq81
                0x00000240                intc_priv_entry_irq28
                0x00000240                intc_priv_entry_irq114
                0x00000240                intc_priv_entry_irq38
                0x00000240                intc_priv_entry_irq50
                0x00000240                intc_priv_entry_irq16
                0x00000240                intc_priv_entry_irq22
                0x00000240                intc_priv_entry_irq13
                0x00000240                intc_priv_entry_irq120
                0x00000240                intc_priv_entry_irq34
                0x00000240                intc_priv_entry_irq33
                0x00000240                intc_priv_entry_irq19
                0x00000240                intc_priv_entry_irq122
                0x00000240                intc_priv_entry_irq112
                0x00000240                intc_priv_entry_irq61
                0x00000240                intc_priv_entry_irq44
                0x00000240                intc_priv_entry_irq125
                0x00000240                intc_priv_entry_irq74
                0x00000240                intc_priv_entry_irq39
                0x00000240                intc_priv_entry_irq62
                0x00000240                intc_priv_entry_irq12
                0x00000240                intc_priv_entry_irq31
                0x00000240                intc_priv_entry_irq76
                0x00000240                intc_priv_entry_irq25
                0x00000240                intc_priv_entry_irq89
                0x00000240                intc_priv_entry_irq4
                0x00000240                intc_priv_entry_irq7
                0x00000240                intc_priv_entry_irq29
                0x00000240                intc_priv_entry_irq86
                0x00000240                intc_priv_entry_irq101
                0x00000240                intc_priv_entry_irq49
                0x00000240                intc_priv_entry_irq72
                0x00000240                intc_priv_entry_irq100
                0x00000240                intc_priv_entry_irq77
                0x00000240                intc_priv_entry_irq21
                0x00000240                intc_priv_entry_irq106
                0x00000240                intc_priv_entry_irq60
                0x00000240                intc_priv_entry_irq57
                0x00000240                intc_priv_entry_irq92
                0x00000240                intc_priv_entry_irq80
                0x00000240                intc_priv_entry_irq26
                0x00000240                intc_priv_entry_irq94
                0x00000240                intc_priv_entry_irq54
                0x00000240                intc_priv_entry_irq59
                0x00000240                intc_priv_entry_irq20
                0x00000240                intc_priv_entry_irq115
                0x00000240                intc_priv_entry_irq71
                0x00000240                intc_priv_entry_irq65
                0x00000240                intc_priv_entry_irq117
                0x00000240                intc_priv_entry_irq37
                0x00000240                intc_priv_entry_irq17
                0x00000240                intc_priv_entry_irq123
                0x00000240                intc_priv_entry_irq90
                0x00000240                intc_priv_entry_irq27
                0x00000240                intc_priv_entry_irq41
                0x00000240                intc_priv_entry_irq11
                0x00000240                intc_priv_entry_irq24
                0x00000240                intc_priv_entry_irq95
                0x00000240                intc_priv_entry_irq111
                0x00000240                intc_priv_entry_irq43
                0x00000240                intc_priv_entry_irq93
                0x00000240                intc_priv_entry_irq58
                0x00000240                intc_priv_entry_irq113
                0x00000240                intc_priv_entry_irq118
                0x00000240                intc_priv_entry_irq79
                0x00000240                intc_priv_entry_irq3
                0x00000240                intc_priv_entry_irq36
                0x00000240                intc_priv_entry_irq6
                0x00000240                intc_priv_entry_irq55
                0x00000240                intc_priv_entry_irq84
                0x00000240                intc_priv_entry_irq47
                0x00000240                intc_priv_entry_irq70
                0x00000240                intc_priv_entry_irq30
                0x00000240                intc_priv_entry_irq108
                0x00000240                intc_priv_entry_irq63
                0x00000240                intc_priv_entry_irq96
                0x00000240                intc_priv_entry_irq102
                0x00000240                intc_priv_entry_irq18
                0x00000240                intc_priv_unhandled_irq
                0x00000240                intc_priv_entry_irq42
                0x00000240                intc_priv_entry_irq104
                0x00000240                intc_priv_entry_irq2
                0x00000240                intc_priv_entry_irq75
                0x00000240                intc_priv_entry_irq97
                0x00000240                intc_priv_entry_irq88
                0x00000240                intc_priv_entry_irq121
                0x00000240                intc_priv_entry_irq10
                0x00000240                intc_priv_entry_irq116
                0x00000240                intc_priv_entry_irq35
                0x00000240                intc_priv_entry_irq85
                0x00000240                intc_priv_entry_irq48
                0x00000240                intc_priv_entry_irq23
                0x00000240                intc_priv_entry_irq40
                0x00000240                intc_priv_entry_irq87
                0x00000240                intc_priv_entry_irq14
                0x00000240                intc_priv_entry_irq99
                0x00000240                intc_priv_entry_irq78
                0x00000240                intc_priv_entry_irq110
                0x00000240                intc_priv_entry_irq124
                0x00000240                intc_priv_entry_irq46
                0x00000240                intc_priv_entry_irq83
                0x00000240                intc_priv_entry_irq56
                0x00000240                intc_priv_entry_irq91
                0x00000240                intc_priv_entry_irq32
                0x00000240                intc_priv_entry_irq98
                0x00000240                intc_priv_entry_irq69
                0x00000240                intc_priv_entry_irq5
                0x00000240                intc_priv_entry_irq109
                0x00000240                intc_priv_entry_irq119
                0x00000240                intc_priv_entry_irq8
                0x00000240                intc_priv_entry_irq51
                0x00000240                intc_priv_entry_irq52
                0x00000240                intc_priv_entry_irq53
                0x00000240                intc_priv_entry_irq66
                0x00000240                intc_priv_entry_irq105
                0x00000240                intc_priv_entry_irq68
                0x00000240                intc_priv_entry_irq15
                0x00000240                intc_priv_entry_irq45
                0x00000240                intc_priv_entry_irq107
                0x00000240                intc_priv_entry_irq82
                0x00000240                intc_priv_entry_irq9
                0x00000240                intc_priv_entry_irq64
                0x00000240                intc_priv_entry_irq103
 *(.text)
 *(.text.*)
 .text.main     0x00000242      0x14a apps/display-training/main.o
                0x00000242                main
 .text.touch_calibrate_event_handler
                0x0000038c       0x18 apps/display-training/app_calibrate.o
 .text.app_touch_calibrate_setup
                0x000003a4      0x14e apps/display-training/app_calibrate.o
                0x000003a4                app_touch_calibrate_setup
 .text.touch_calibrate_task_handler
                0x000004f2      0x1ce apps/display-training/app_calibrate.o
 .text.app_widget_launch
                0x000006c0      0x184 apps/display-training/app_widget.o
                0x000006c0                app_widget_launch
 .text.widget_frame_command_handler
                0x00000844       0x2c apps/display-training/app_widget.o
 .text.win_get_root
                0x00000870        0x6 util/gfx/win.o
                0x00000870                win_get_root
 .text.win_get_attributes
                0x00000876        0x2 util/gfx/win.o
                0x00000876                win_get_attributes
 .text.win_get_area
                0x00000878        0x2 util/gfx/win.o
                0x00000878                win_get_area
 .text.win_get_custom_data
                0x0000087a        0x8 util/gfx/win.o
                0x0000087a                win_get_custom_data
 .text.win_grab_pointer
                0x00000882        0xa util/gfx/win.o
                0x00000882                win_grab_pointer
 .text.win_is_inside_area
                0x0000088c       0x54 util/gfx/win.o
                0x0000088c                win_is_inside_area
 .text.win_compute_union
                0x000008e0       0xbe util/gfx/win.o
                0x000008e0                win_compute_union
 .text.win_compute_intersection
                0x0000099e       0xcc util/gfx/win.o
                0x0000099e                win_compute_intersection
 .text.win_compute_clipping
                0x00000a6a      0x13c util/gfx/win.o
                0x00000a6a                win_compute_clipping
 .text.win_translate_win_to_root
                0x00000ba6       0x4c util/gfx/win.o
                0x00000ba6                win_translate_win_to_root
 .text.win_unlink
                0x00000bf2       0x52 util/gfx/win.o
 .text.win_add_top_child
                0x00000c44       0x58 util/gfx/win.o
 .text.win_handle_event
                0x00000c9c       0x16 util/gfx/win.o
 .text.win_queue_event
                0x00000cb2       0xb4 util/gfx/win.o
 .text.win_queue_command_event
                0x00000d66       0x34 util/gfx/win.o
                0x00000d66                win_queue_command_event
 .text.win_queue_pointer_event
                0x00000d9a       0x32 util/gfx/win.o
                0x00000d9a                win_queue_pointer_event
 .text.win_queue_touch_event
                0x00000dcc       0x52 util/gfx/win.o
 .text.win_draw_contents
                0x00000e1e       0xa4 util/gfx/win.o
 .text.win_draw_child
                0x00000ec2      0x12a util/gfx/win.o
 .text.win_draw
                0x00000fec       0xc4 util/gfx/win.o
 .text.win_draw_parent
                0x000010b0       0xd8 util/gfx/win.o
 .text.win_raise
                0x00001188       0x5e util/gfx/win.o
                0x00001188                win_raise
 .text.win_handle_pointer_event
                0x000011e6       0xe4 util/gfx/win.o
 .text.win_process_events
                0x000012ca      0x13a util/gfx/win.o
                0x000012ca                win_process_events
 .text.win_event_worker
                0x00001404        0x4 util/gfx/win.o
 .text.win_redraw
                0x00001408       0x1a util/gfx/win.o
                0x00001408                win_redraw
 .text.win_show
                0x00001422       0x12 util/gfx/win.o
                0x00001422                win_show
 .text.win_set_area
                0x00001434       0xf0 util/gfx/win.o
                0x00001434                win_set_area
 .text.win_set_attributes
                0x00001524       0xd2 util/gfx/win.o
                0x00001524                win_set_attributes
 .text.win_hide
                0x000015f6       0x7c util/gfx/win.o
                0x000015f6                win_hide
 .text.win_destroy_children
                0x00001672       0x52 util/gfx/win.o
 .text.win_destroy
                0x000016c4       0x2c util/gfx/win.o
                0x000016c4                win_destroy
 .text.win_create
                0x000016f0       0x4e util/gfx/win.o
                0x000016f0                win_create
 .text.win_init
                0x0000173e       0x74 util/gfx/win.o
                0x0000173e                win_init
 .text.wtk_rescale_value
                0x000017b2       0x10 util/gfx/wtk.o
                0x000017b2                wtk_rescale_value
 .text.wtk_copy_string
                0x000017c2       0x14 util/gfx/wtk.o
                0x000017c2                wtk_copy_string
 .text.wtk_basic_frame_as_child
                0x000017d6        0x8 util/gfx/wtk_basic_frame.o
                0x000017d6                wtk_basic_frame_as_child
 .text.wtk_basic_frame_create
                0x000017de       0xda util/gfx/wtk_basic_frame.o
                0x000017de                wtk_basic_frame_create
 .text.wtk_basic_frame_handler
                0x000018b8       0x9a util/gfx/wtk_basic_frame.o
 .text.wtk_label_as_child
                0x00001952        0x8 util/gfx/wtk_label.o
                0x00001952                wtk_label_as_child
 .text.wtk_label_create
                0x0000195a       0xc6 util/gfx/wtk_label.o
                0x0000195a                wtk_label_create
 .text.wtk_label_handler
                0x00001a20       0xd2 util/gfx/wtk_label.o
 .text.wtk_label_size_hint
                0x00001af2       0x12 util/gfx/wtk_label.o
                0x00001af2                wtk_label_size_hint
 .text.wtk_progress_bar_as_child
                0x00001b04        0x8 util/gfx/wtk_progress_bar.o
                0x00001b04                wtk_progress_bar_as_child
 .text.wtk_progress_bar_create
                0x00001b0c       0xf8 util/gfx/wtk_progress_bar.o
                0x00001b0c                wtk_progress_bar_create
 .text.wtk_progress_bar_handler
                0x00001c04      0x12e util/gfx/wtk_progress_bar.o
 .text.wtk_progress_bar_set_value
                0x00001d32       0x5a util/gfx/wtk_progress_bar.o
                0x00001d32                wtk_progress_bar_set_value
 .text.wtk_slider_as_child
                0x00001d8c        0x8 util/gfx/wtk_slider.o
                0x00001d8c                wtk_slider_as_child
 .text.wtk_slider_get_value
                0x00001d94       0x14 util/gfx/wtk_slider.o
                0x00001d94                wtk_slider_get_value
 .text.wtk_slider_create
                0x00001da8       0xfe util/gfx/wtk_slider.o
                0x00001da8                wtk_slider_create
 .text.wtk_slider_handler
                0x00001ea6      0x2aa util/gfx/wtk_slider.o
 .text.generic_memcpy
                0x00002150       0x32 util/string/generic_memcpy.o
                0x00002150                generic_memcpy
 .text.generic_strlen
                0x00002182       0x16 util/string/generic_strlen.o
                0x00002182                generic_strlen
 .text.membag_free
                0x00002198       0x44 util/membag.o
                0x00002198                membag_free
 .text.membag_alloc
                0x000021dc       0x60 util/membag.o
                0x000021dc                membag_alloc
 .text.membag_init
                0x0000223c       0xc8 util/membag.o
                0x0000223c                membag_init
 .text.mem_pool_init
                0x00002304       0x8c util/mempool.o
                0x00002304                mem_pool_init
 .text.mem_pool_alloc
                0x00002390       0x1e util/mempool.o
                0x00002390                mem_pool_alloc
 .text.mem_pool_free
                0x000023ae       0x20 util/mempool.o
                0x000023ae                mem_pool_free
 .text.physmem_alloc
                0x000023ce       0x6a util/physmem.o
                0x000023ce                physmem_alloc
 .text.softirq_set_handler
                0x00002438       0x1a util/softirq_common.o
                0x00002438                softirq_set_handler
 .text.workqueue_add_task
                0x00002452       0x40 util/workqueue.o
                0x00002452                workqueue_add_task
 .text.sysclk_enable_module
                0x00002492       0x18 drivers/clk/xmega_pr.o
                0x00002492                sysclk_enable_module
 .text.gfx_select_register
                0x000024aa       0x3e drivers/gfx/hx8347a/gfx_hx8347a.o
 .text.gfx_write_register
                0x000024e8       0x44 drivers/gfx/hx8347a/gfx_hx8347a.o
 .text.gfx_read_register
                0x0000252c       0x54 drivers/gfx/hx8347a/gfx_hx8347a.o
 .text.gfx_write_gram
                0x00002580       0x60 drivers/gfx/hx8347a/gfx_hx8347a.o
 .text.gfx_duplicate_pixel
                0x000025e0       0xfc drivers/gfx/hx8347a/gfx_hx8347a.o
                0x000025e0                gfx_duplicate_pixel
 .text.gfx_copy_pixels_to_screen
                0x000026dc       0xc2 drivers/gfx/hx8347a/gfx_hx8347a.o
                0x000026dc                gfx_copy_pixels_to_screen
 .text.gfx_copy_progmem_pixels_to_screen
                0x0000279e       0x8e drivers/gfx/hx8347a/gfx_hx8347a.o
                0x0000279e                gfx_copy_progmem_pixels_to_screen
 .text.gfx_copy_hugemem_pixels_to_screen
                0x0000282c       0xae drivers/gfx/hx8347a/gfx_hx8347a.o
                0x0000282c                gfx_copy_hugemem_pixels_to_screen
 .text.gfx_set_clipping
                0x000028da       0x60 drivers/gfx/hx8347a/gfx_hx8347a.o
                0x000028da                gfx_set_clipping
 .text.gfx_set_orientation
                0x0000293a       0x86 drivers/gfx/hx8347a/gfx_hx8347a.o
                0x0000293a                gfx_set_orientation
 .text.gfx_get_width
                0x000029c0        0xa drivers/gfx/hx8347a/gfx_hx8347a.o
                0x000029c0                gfx_get_width
 .text.gfx_get_height
                0x000029ca        0xa drivers/gfx/hx8347a/gfx_hx8347a.o
                0x000029ca                gfx_get_height
 .text.gfx_set_top_left_limit
                0x000029d4       0x3a drivers/gfx/hx8347a/gfx_hx8347a.o
                0x000029d4                gfx_set_top_left_limit
 .text.gfx_set_bottom_right_limit
                0x00002a0e       0x3a drivers/gfx/hx8347a/gfx_hx8347a.o
                0x00002a0e                gfx_set_bottom_right_limit
 .text.gfx_set_limits
                0x00002a48       0x1e drivers/gfx/hx8347a/gfx_hx8347a.o
                0x00002a48                gfx_set_limits
 .text.gfx_draw_pixel
                0x00002a66       0x52 drivers/gfx/hx8347a/gfx_hx8347a.o
                0x00002a66                gfx_draw_pixel
 .text.gfx_init
                0x00002ab8      0x256 drivers/gfx/hx8347a/gfx_hx8347a.o
                0x00002ab8                gfx_init
 .text.gfx_generic_draw_circle
                0x00002d0e      0x202 drivers/gfx/gfx_generic.o
                0x00002d0e                gfx_generic_draw_circle
 .text.gfx_generic_draw_filled_rect
                0x00002f10      0x134 drivers/gfx/gfx_generic.o
                0x00002f10                gfx_generic_draw_filled_rect
 .text.gfx_generic_draw_vertical_line
                0x00003044       0x16 drivers/gfx/gfx_generic.o
                0x00003044                gfx_generic_draw_vertical_line
 .text.gfx_generic_draw_horizontal_line
                0x0000305a       0x12 drivers/gfx/gfx_generic.o
                0x0000305a                gfx_generic_draw_horizontal_line
 .text.gfx_generic_draw_rect
                0x0000306c       0x66 drivers/gfx/gfx_generic.o
                0x0000306c                gfx_generic_draw_rect
 .text.gfx_get_string_bounding_box
                0x000030d2       0x88 drivers/gfx/gfx_text.o
                0x000030d2                gfx_get_string_bounding_box
 .text.gfx_draw_char
                0x0000315a      0x28e drivers/gfx/gfx_text.o
                0x0000315a                gfx_draw_char
 .text.gfx_draw_progmem_string
                0x000033e8       0xd2 drivers/gfx/gfx_text.o
                0x000033e8                gfx_draw_progmem_string
 .text.gfx_draw_string
                0x000034ba       0xca drivers/gfx/gfx_text.o
                0x000034ba                gfx_draw_string
 .text.gfx_put_bitmap
                0x00003584      0x3d4 drivers/gfx/gfx_bitmap.o
                0x00003584                gfx_put_bitmap
 .text.gfx_draw_bitmap_tiled
                0x00003958      0x118 drivers/gfx/gfx_bitmap.o
                0x00003958                gfx_draw_bitmap_tiled
 .text.port_select_gpio
                0x00003a70       0x56 drivers/gpio/port.o
                0x00003a70                port_select_gpio
 .text.intc_priv_entry_irq67
                0x00003ac6       0x7e drivers/touch/resistive/touch.o
                0x00003ac6                intc_priv_entry_irq67
 .text.intc_priv_entry_irq73
                0x00003b44      0x146 drivers/touch/resistive/touch.o
                0x00003b44                intc_priv_entry_irq73
 .text.touch_enable
                0x00003c8a       0x40 drivers/touch/resistive/touch.o
                0x00003c8a                touch_enable
 .text.touch_disable
                0x00003cca       0x16 drivers/touch/resistive/touch.o
                0x00003cca                touch_disable
 .text.touch_set_event_handler
                0x00003ce0       0x10 drivers/touch/resistive/touch.o
                0x00003ce0                touch_set_event_handler
 .text.touch_get_event_handler
                0x00003cf0        0xa drivers/touch/resistive/touch.o
                0x00003cf0                touch_get_event_handler
 .text.touch_set_calibration_matrix
                0x00003cfa       0x12 drivers/touch/resistive/touch.o
                0x00003cfa                touch_set_calibration_matrix
 .text.touch_compute_calibration_matrix
                0x00003d0c      0x4e4 drivers/touch/resistive/touch.o
                0x00003d0c                touch_compute_calibration_matrix
 .text.touch_priv_process_samples
                0x000041f0      0x29e drivers/touch/resistive/touch.o
 .text.touch_init
                0x0000448e       0x56 drivers/touch/resistive/touch.o
                0x0000448e                touch_init
 .text.udelay   0x000044e4       0x18 arch/avr8/delay.o
                0x000044e4                udelay
 .text.hugemem_read_block
                0x000044fc       0x1a arch/avr8/arch_hugemem.o
                0x000044fc                hugemem_read_block
 .text.mmio_ccp_write8
                0x00004516        0xc cpu/xmega/ccp.o
                0x00004516                mmio_ccp_write8
 .text.sysclk_init
                0x00004522       0x56 chip/atxmega128a1/sysclk.o
                0x00004522                sysclk_init
 .text.board_init
                0x00004578       0xae board/xplain/init.o
                0x00004578                board_init
 .text.libgcc   0x00004626       0x3e c:/winavr/bin/../lib/gcc/avr/4.3.3/avrxmega7/libgcc.a(_mulsi3.o)
                0x00004626                __mulsi3
 .text.libgcc   0x00004664       0x28 c:/winavr/bin/../lib/gcc/avr/4.3.3/avrxmega7/libgcc.a(_udivmodhi4.o)
                0x00004664                __udivmodhi4
 .text.libgcc   0x0000468c       0x26 c:/winavr/bin/../lib/gcc/avr/4.3.3/avrxmega7/libgcc.a(_divmodhi4.o)
                0x0000468c                __divmodhi4
                0x0000468c                _div
 .text.libgcc   0x000046b2       0x44 c:/winavr/bin/../lib/gcc/avr/4.3.3/avrxmega7/libgcc.a(_udivmodsi4.o)
                0x000046b2                __udivmodsi4
 .text.libgcc   0x000046f6       0x36 c:/winavr/bin/../lib/gcc/avr/4.3.3/avrxmega7/libgcc.a(_divmodsi4.o)
                0x000046f6                __divmodsi4
 *(.progmem.gcc_sw_table)
 *(.progmem.data)
 .progmem.data  0x0000472c       0x25 apps/display-training/app_calibrate.o
 .progmem.data  0x00004751      0x2a0 util/gfx/sysfont.o
                0x000049f2                . = ALIGN (0x2)
 *fill*         0x000049f1        0x1 00
                0x000049f2                _etext = .

.trampolines    0x000049f2        0x0
 .trampolines   0x000049f2        0x0 linker stubs
                0x00802000                . = 0x802000

.data           0x00802000       0x5a load address 0x000049f2
                0x00802000                _data = .
 *(.rodata)
 *(.rodata.*)
 .rodata.demo_string
                0x00802000        0x2 apps/display-training/app_widget.o
 *(.data)
 .data          0x00802002       0x16 apps/display-training/app_widget.o
 *(.data.*)
 .data.sysfont  0x00802018        0xa util/gfx/sysfont.o
                0x00802018                sysfont
 .data.membags  0x00802022       0x30 util/membag.o
 .data.cpu_sram_pool
                0x00802052        0x8 cpu/xmega/physmem_pools.o
                0x00802052                cpu_sram_pool
                0x0080205a                . = ALIGN (0x2)
                0x0080205a                _edata = .

.bss            0x0080205a      0x17c load address 0x00004a4c
 *(.bss)
 *(.bss.*)
 .bss.launch_application
                0x0080205a        0x4 apps/display-training/main.o
 .bss.calibrate_context
                0x0080205e        0x2 apps/display-training/app_calibrate.o
 .bss.sysfont2x
                0x00802060        0xa apps/display-training/app_calibrate.o
 .bss.frame     0x0080206a        0x2 apps/display-training/app_widget.o
 .bss.slider    0x0080206c        0x2 apps/display-training/app_widget.o
 .bss.progress_bar
                0x0080206e        0x2 apps/display-training/app_widget.o
 .bss.frame_background
                0x00802070        0x9 apps/display-training/app_widget.o
 .bss.win_root_background
                0x00802079        0x9 util/gfx/win.o
 .bss.win_root  0x00802082       0x18 util/gfx/win.o
 .bss.win_event_queue
                0x0080209a       0xe8 util/gfx/win.o
 .bss.win_num_dropped_events
                0x00802182        0x4 util/gfx/win.o
 .bss.win_pointer_grabber
                0x00802186        0x2 util/gfx/win.o
 .bss.win_keyboard_focus
                0x00802188        0x2 util/gfx/win.o
 .bss.win_last_pointer_pos
                0x0080218a        0x4 util/gfx/win.o
 .bss.glyph_byte.1790
                0x0080218e        0x1 drivers/gfx/gfx_text.o
 .bss.sample_count.2286
                0x0080218f        0x1 drivers/touch/resistive/touch.o
 .bss.touch_state
                0x00802190        0x1 drivers/touch/resistive/touch.o
 .bss.touch_last_event
                0x00802191        0x9 drivers/touch/resistive/touch.o
 .bss.touch_raw_x
                0x0080219a        0x2 drivers/touch/resistive/touch.o
 .bss.touch_raw_y
                0x0080219c        0x2 drivers/touch/resistive/touch.o
 .bss.touch_matrix
                0x0080219e       0x1c drivers/touch/resistive/touch.o
 *(COMMON)
 COMMON         0x008021ba        0x5 util/softirq_common.o
                0x008021ba                softirq_priv_status
                0x008021bb                softirq_priv_table
 COMMON         0x008021bf        0x4 util/workqueue.o
                0x008021bf                main_workqueue
 COMMON         0x008021c3        0xc drivers/gfx/hx8347a/gfx_hx8347a.o
                0x008021c3                gfx_width
                0x008021c5                gfx_max_x
                0x008021c7                gfx_min_x
                0x008021c9                gfx_max_y
                0x008021cb                gfx_min_y
                0x008021cd                gfx_height
 COMMON         0x008021cf        0x6 drivers/touch/resistive/touch.o
                0x008021cf                intc_priv_data_irq67
                0x008021d1                intc_priv_data_irq73
                0x008021d3                touch_event_handler
                0x008021d6                . = ALIGN (0x2)
 *fill*         0x008021d5        0x1 00
                0x008021d6                _end = .

.heap           0x008021d6        0x0
                0x008021d6                heap_area = .
                0x00803e80                . = 0x803e80

.stack          0x00803e80      0x180
                0x00803e80                stack_area = .
                0x00804000                . = ((. + 0x100) + 0x80)
 *fill*         0x00803e80      0x180 00
                0x00804000                . = ALIGN (0x2)
                0x00804000                _estack = .
LOAD apps/display-training/main.o
LOAD apps/display-training/app_calibrate.o
LOAD apps/display-training/app_widget.o
LOAD util/gfx/sysfont.o
LOAD util/gfx/win.o
LOAD util/gfx/wtk.o
LOAD util/gfx/wtk_basic_frame.o
LOAD util/gfx/wtk_button.o
LOAD util/gfx/wtk_check_box.o
LOAD util/gfx/wtk_frame.o
LOAD util/gfx/wtk_label.o
LOAD util/gfx/wtk_progress_bar.o
LOAD util/gfx/wtk_radio_button.o
LOAD util/gfx/wtk_slider.o
LOAD util/gfx/wtk_plot.o
LOAD util/string/generic_memcpy.o
LOAD util/string/generic_memset.o
LOAD util/string/generic_strlen.o
LOAD util/string/generic_strcmp.o
LOAD util/stream/stream_core.o
LOAD util/stream/stream_string.o
LOAD util/fs/tsfs.o
LOAD util/buffer.o
LOAD util/hugemem.o
LOAD util/malloc_simple.o
LOAD util/membag.o
LOAD util/mempool.o
LOAD util/physmem.o
LOAD util/softirq_common.o
LOAD util/workqueue.o
LOAD drivers/block/block_core.o
LOAD drivers/block/dataflash.o
LOAD drivers/clk/xmega_pr.o
LOAD drivers/flash/at45_device.o
LOAD drivers/gfx/hx8347a/gfx_hx8347a.o
LOAD drivers/gfx/gfx_generic.o
LOAD drivers/gfx/gfx_text.o
LOAD drivers/gfx/gfx_bitmap.o
LOAD drivers/gpio/port.o
LOAD drivers/serial/spi/spi_polled.o
LOAD drivers/serial/spi/spi_polled_buf_list.o
LOAD drivers/serial/spi/spi_mega_xmega.o
LOAD drivers/touch/resistive/touch.o
LOAD arch/avr8/delay.o
LOAD arch/avr8/arch_hugemem.o
LOAD cpu/xmega/ccp.o
LOAD cpu/xmega/physmem_pools.o
LOAD chip/atxmega128a1/sysclk.o
LOAD board/xplain/init.o
LOAD board/xplain/board_physmem_pools.o
LOAD arch/avr8/entry.o
LOAD c:/winavr/bin/../lib/gcc/avr/4.3.3/avrxmega7/libgcc.a
OUTPUT(display-training.elf elf32-avr)
LOAD linker stubs

.debug_abbrev   0x00000000     0x564b
 .debug_abbrev  0x00000000      0x2b8 apps/display-training/main.o
 .debug_abbrev  0x000002b8      0x1da apps/display-training/app_calibrate.o
 .debug_abbrev  0x00000492      0x1d7 apps/display-training/app_widget.o
 .debug_abbrev  0x00000669       0xd2 util/gfx/sysfont.o
 .debug_abbrev  0x0000073b      0x39e util/gfx/win.o
 .debug_abbrev  0x00000ad9       0xe6 util/gfx/wtk.o
 .debug_abbrev  0x00000bbf      0x19b util/gfx/wtk_basic_frame.o
 .debug_abbrev  0x00000d5a      0x275 util/gfx/wtk_button.o
 .debug_abbrev  0x00000fcf      0x2ac util/gfx/wtk_check_box.o
 .debug_abbrev  0x0000127b      0x364 util/gfx/wtk_frame.o
 .debug_abbrev  0x000015df      0x233 util/gfx/wtk_label.o
 .debug_abbrev  0x00001812      0x219 util/gfx/wtk_progress_bar.o
 .debug_abbrev  0x00001a2b      0x2ae util/gfx/wtk_radio_button.o
 .debug_abbrev  0x00001cd9      0x1e9 util/gfx/wtk_slider.o
 .debug_abbrev  0x00001ec2      0x1fc util/gfx/wtk_plot.o
 .debug_abbrev  0x000020be       0x99 util/string/generic_memcpy.o
 .debug_abbrev  0x00002157       0x8f util/string/generic_memset.o
 .debug_abbrev  0x000021e6       0x80 util/string/generic_strlen.o
 .debug_abbrev  0x00002266       0xb5 util/string/generic_strcmp.o
 .debug_abbrev  0x0000231b      0x33b util/stream/stream_core.o
 .debug_abbrev  0x00002656      0x220 util/stream/stream_string.o
 .debug_abbrev  0x00002876      0x361 util/fs/tsfs.o
 .debug_abbrev  0x00002bd7      0x147 util/buffer.o
 .debug_abbrev  0x00002d1e       0xc0 util/hugemem.o
 .debug_abbrev  0x00002dde      0x121 util/malloc_simple.o
 .debug_abbrev  0x00002eff      0x280 util/membag.o
 .debug_abbrev  0x0000317f      0x212 util/mempool.o
 .debug_abbrev  0x00003391      0x13d util/physmem.o
 .debug_abbrev  0x000034ce       0xff util/softirq_common.o
 .debug_abbrev  0x000035cd      0x1d7 util/workqueue.o
 .debug_abbrev  0x000037a4      0x106 drivers/block/block_core.o
 .debug_abbrev  0x000038aa      0x2e0 drivers/block/dataflash.o
 .debug_abbrev  0x00003b8a      0x13d drivers/clk/xmega_pr.o
 .debug_abbrev  0x00003cc7      0x24e drivers/flash/at45_device.o
 .debug_abbrev  0x00003f15      0x351 drivers/gfx/hx8347a/gfx_hx8347a.o
 .debug_abbrev  0x00004266      0x139 drivers/gfx/gfx_generic.o
 .debug_abbrev  0x0000439f      0x24a drivers/gfx/gfx_text.o
 .debug_abbrev  0x000045e9      0x136 drivers/gfx/gfx_bitmap.o
 .debug_abbrev  0x0000471f      0x15c drivers/gpio/port.o
 .debug_abbrev  0x0000487b      0x1e3 drivers/serial/spi/spi_polled.o
 .debug_abbrev  0x00004a5e      0x1b0 drivers/serial/spi/spi_polled_buf_list.o
 .debug_abbrev  0x00004c0e      0x200 drivers/serial/spi/spi_mega_xmega.o
 .debug_abbrev  0x00004e0e      0x2d0 drivers/touch/resistive/touch.o
 .debug_abbrev  0x000050de       0xd2 arch/avr8/delay.o
 .debug_abbrev  0x000051b0       0xd0 arch/avr8/arch_hugemem.o
 .debug_abbrev  0x00005280       0xa3 cpu/xmega/physmem_pools.o
 .debug_abbrev  0x00005323      0x163 chip/atxmega128a1/sysclk.o
 .debug_abbrev  0x00005486      0x141 board/xplain/init.o
 .debug_abbrev  0x000055c7       0x84 board/xplain/board_physmem_pools.o

.debug_info     0x00000000    0x16390
 .debug_info    0x00000000      0xbb5 apps/display-training/main.o
 .debug_info    0x00000bb5      0x655 apps/display-training/app_calibrate.o
 .debug_info    0x0000120a      0x549 apps/display-training/app_widget.o
 .debug_info    0x00001753      0x17b util/gfx/sysfont.o
 .debug_info    0x000018ce     0x1981 util/gfx/win.o
 .debug_info    0x0000324f      0x1bd util/gfx/wtk.o
 .debug_info    0x0000340c      0x52d util/gfx/wtk_basic_frame.o
 .debug_info    0x00003939      0x76c util/gfx/wtk_button.o
 .debug_info    0x000040a5      0x7f6 util/gfx/wtk_check_box.o
 .debug_info    0x0000489b      0xdc9 util/gfx/wtk_frame.o
 .debug_info    0x00005664      0x69c util/gfx/wtk_label.o
 .debug_info    0x00005d00      0x608 util/gfx/wtk_progress_bar.o
 .debug_info    0x00006308      0x868 util/gfx/wtk_radio_button.o
 .debug_info    0x00006b70      0x72d util/gfx/wtk_slider.o
 .debug_info    0x0000729d      0x551 util/gfx/wtk_plot.o
 .debug_info    0x000077ee       0xfc util/string/generic_memcpy.o
 .debug_info    0x000078ea       0xe1 util/string/generic_memset.o
 .debug_info    0x000079cb       0xc8 util/string/generic_strlen.o
 .debug_info    0x00007a93      0x145 util/string/generic_strcmp.o
 .debug_info    0x00007bd8      0xb41 util/stream/stream_core.o
 .debug_info    0x00008719      0x684 util/stream/stream_string.o
 .debug_info    0x00008d9d     0x12fe util/fs/tsfs.o
 .debug_info    0x0000a09b      0x293 util/buffer.o
 .debug_info    0x0000a32e      0x178 util/hugemem.o
 .debug_info    0x0000a4a6      0x21b util/malloc_simple.o
 .debug_info    0x0000a6c1      0x4dd util/membag.o
 .debug_info    0x0000ab9e      0x5cf util/mempool.o
 .debug_info    0x0000b16d      0x27b util/physmem.o
 .debug_info    0x0000b3e8      0x198 util/softirq_common.o
 .debug_info    0x0000b580      0x58b util/workqueue.o
 .debug_info    0x0000bb0b      0x3e7 drivers/block/block_core.o
 .debug_info    0x0000bef2     0x2070 drivers/block/dataflash.o
 .debug_info    0x0000df62      0x2b6 drivers/clk/xmega_pr.o
 .debug_info    0x0000e218      0xf03 drivers/flash/at45_device.o
 .debug_info    0x0000f11b     0x1af9 drivers/gfx/hx8347a/gfx_hx8347a.o
 .debug_info    0x00010c14      0x639 drivers/gfx/gfx_generic.o
 .debug_info    0x0001124d      0x897 drivers/gfx/gfx_text.o
 .debug_info    0x00011ae4      0x3ed drivers/gfx/gfx_bitmap.o
 .debug_info    0x00011ed1      0x3c6 drivers/gpio/port.o
 .debug_info    0x00012297      0x7c3 drivers/serial/spi/spi_polled.o
 .debug_info    0x00012a5a      0x684 drivers/serial/spi/spi_polled_buf_list.o
 .debug_info    0x000130de     0x111e drivers/serial/spi/spi_mega_xmega.o
 .debug_info    0x000141fc     0x112d drivers/touch/resistive/touch.o
 .debug_info    0x00015329      0x157 arch/avr8/delay.o
 .debug_info    0x00015480      0x268 arch/avr8/arch_hugemem.o
 .debug_info    0x000156e8      0x128 cpu/xmega/physmem_pools.o
 .debug_info    0x00015810      0x58c chip/atxmega128a1/sysclk.o
 .debug_info    0x00015d9c      0x4f1 board/xplain/init.o
 .debug_info    0x0001628d      0x103 board/xplain/board_physmem_pools.o

.debug_line     0x00000000     0xb2c7
 .debug_line    0x00000000      0x3e9 apps/display-training/main.o
 .debug_line    0x000003e9      0x35b apps/display-training/app_calibrate.o
 .debug_line    0x00000744      0x2c4 apps/display-training/app_widget.o
 .debug_line    0x00000a08       0xbd util/gfx/sysfont.o
 .debug_line    0x00000ac5     0x111f util/gfx/win.o
 .debug_line    0x00001be4      0x182 util/gfx/wtk.o
 .debug_line    0x00001d66      0x264 util/gfx/wtk_basic_frame.o
 .debug_line    0x00001fca      0x35c util/gfx/wtk_button.o
 .debug_line    0x00002326      0x40f util/gfx/wtk_check_box.o
 .debug_line    0x00002735      0x7c7 util/gfx/wtk_frame.o
 .debug_line    0x00002efc      0x2f2 util/gfx/wtk_label.o
 .debug_line    0x000031ee      0x328 util/gfx/wtk_progress_bar.o
 .debug_line    0x00003516      0x496 util/gfx/wtk_radio_button.o
 .debug_line    0x000039ac      0x473 util/gfx/wtk_slider.o
 .debug_line    0x00003e1f      0x1ec util/gfx/wtk_plot.o
 .debug_line    0x0000400b       0xd3 util/string/generic_memcpy.o
 .debug_line    0x000040de       0xd3 util/string/generic_memset.o
 .debug_line    0x000041b1       0xd3 util/string/generic_strlen.o
 .debug_line    0x00004284      0x11d util/string/generic_strcmp.o
 .debug_line    0x000043a1      0x654 util/stream/stream_core.o
 .debug_line    0x000049f5      0x2d6 util/stream/stream_string.o
 .debug_line    0x00004ccb      0x74e util/fs/tsfs.o
 .debug_line    0x00005419      0x1f8 util/buffer.o
 .debug_line    0x00005611      0x112 util/hugemem.o
 .debug_line    0x00005723      0x1bd util/malloc_simple.o
 .debug_line    0x000058e0      0x303 util/membag.o
 .debug_line    0x00005be3      0x311 util/mempool.o
 .debug_line    0x00005ef4      0x161 util/physmem.o
 .debug_line    0x00006055      0x12c util/softirq_common.o
 .debug_line    0x00006181      0x28b util/workqueue.o
 .debug_line    0x0000640c      0x153 drivers/block/block_core.o
 .debug_line    0x0000655f      0xc2a drivers/block/dataflash.o
 .debug_line    0x00007189      0x1ae drivers/clk/xmega_pr.o
 .debug_line    0x00007337      0x514 drivers/flash/at45_device.o
 .debug_line    0x0000784b      0xc6d drivers/gfx/hx8347a/gfx_hx8347a.o
 .debug_line    0x000084b8      0x6fb drivers/gfx/gfx_generic.o
 .debug_line    0x00008bb3      0x4ba drivers/gfx/gfx_text.o
 .debug_line    0x0000906d      0x3b6 drivers/gfx/gfx_bitmap.o
 .debug_line    0x00009423      0x19a drivers/gpio/port.o
 .debug_line    0x000095bd      0x32a drivers/serial/spi/spi_polled.o
 .debug_line    0x000098e7      0x399 drivers/serial/spi/spi_polled_buf_list.o
 .debug_line    0x00009c80      0x559 drivers/serial/spi/spi_mega_xmega.o
 .debug_line    0x0000a1d9      0x7bd drivers/touch/resistive/touch.o
 .debug_line    0x0000a996       0xf3 arch/avr8/delay.o
 .debug_line    0x0000aa89      0x1c7 arch/avr8/arch_hugemem.o
 .debug_line    0x0000ac50       0xfe cpu/xmega/physmem_pools.o
 .debug_line    0x0000ad4e      0x263 chip/atxmega128a1/sysclk.o
 .debug_line    0x0000afb1      0x227 board/xplain/init.o
 .debug_line    0x0000b1d8       0xef board/xplain/board_physmem_pools.o

.debug_frame    0x00000000     0x13a0
 .debug_frame   0x00000000       0x20 apps/display-training/main.o
 .debug_frame   0x00000020       0x40 apps/display-training/app_calibrate.o
 .debug_frame   0x00000060       0x30 apps/display-training/app_widget.o
 .debug_frame   0x00000090      0x2b0 util/gfx/win.o
 .debug_frame   0x00000340       0x40 util/gfx/wtk.o
 .debug_frame   0x00000380       0x50 util/gfx/wtk_basic_frame.o
 .debug_frame   0x000003d0       0x50 util/gfx/wtk_button.o
 .debug_frame   0x00000420       0x80 util/gfx/wtk_check_box.o
 .debug_frame   0x000004a0       0xa0 util/gfx/wtk_frame.o
 .debug_frame   0x00000540       0x60 util/gfx/wtk_label.o
 .debug_frame   0x000005a0       0x70 util/gfx/wtk_progress_bar.o
 .debug_frame   0x00000610       0x80 util/gfx/wtk_radio_button.o
 .debug_frame   0x00000690       0x70 util/gfx/wtk_slider.o
 .debug_frame   0x00000700       0x50 util/gfx/wtk_plot.o
 .debug_frame   0x00000750       0x20 util/string/generic_memcpy.o
 .debug_frame   0x00000770       0x20 util/string/generic_memset.o
 .debug_frame   0x00000790       0x20 util/string/generic_strlen.o
 .debug_frame   0x000007b0       0x30 util/string/generic_strcmp.o
 .debug_frame   0x000007e0       0x80 util/stream/stream_core.o
 .debug_frame   0x00000860       0x60 util/stream/stream_string.o
 .debug_frame   0x000008c0       0xe0 util/fs/tsfs.o
 .debug_frame   0x000009a0       0x50 util/buffer.o
 .debug_frame   0x000009f0       0x20 util/hugemem.o
 .debug_frame   0x00000a10       0x30 util/malloc_simple.o
 .debug_frame   0x00000a40       0x70 util/membag.o
 .debug_frame   0x00000ab0       0x50 util/mempool.o
 .debug_frame   0x00000b00       0x30 util/physmem.o
 .debug_frame   0x00000b30       0x20 util/softirq_common.o
 .debug_frame   0x00000b50       0x40 util/workqueue.o
 .debug_frame   0x00000b90       0x30 drivers/block/block_core.o
 .debug_frame   0x00000bc0      0x140 drivers/block/dataflash.o
 .debug_frame   0x00000d00       0x30 drivers/clk/xmega_pr.o
 .debug_frame   0x00000d30       0xa0 drivers/flash/at45_device.o
 .debug_frame   0x00000dd0      0x170 drivers/gfx/hx8347a/gfx_hx8347a.o
 .debug_frame   0x00000f40       0xa0 drivers/gfx/gfx_generic.o
 .debug_frame   0x00000fe0       0x60 drivers/gfx/gfx_text.o
 .debug_frame   0x00001040       0x40 drivers/gfx/gfx_bitmap.o
 .debug_frame   0x00001080       0x40 drivers/gpio/port.o
 .debug_frame   0x000010c0       0x60 drivers/serial/spi/spi_polled.o
 .debug_frame   0x00001120       0x50 drivers/serial/spi/spi_polled_buf_list.o
 .debug_frame   0x00001170       0x70 drivers/serial/spi/spi_mega_xmega.o
 .debug_frame   0x000011e0       0xe0 drivers/touch/resistive/touch.o
 .debug_frame   0x000012c0       0x30 arch/avr8/delay.o
 .debug_frame   0x000012f0       0x70 arch/avr8/arch_hugemem.o
 .debug_frame   0x00001360       0x20 chip/atxmega128a1/sysclk.o
 .debug_frame   0x00001380       0x20 board/xplain/init.o

.debug_loc      0x00000000     0x8a50
 .debug_loc     0x00000000      0x121 apps/display-training/main.o
 .debug_loc     0x00000121      0x120 apps/display-training/app_calibrate.o
 .debug_loc     0x00000241       0xd0 apps/display-training/app_widget.o
 .debug_loc     0x00000311      0xe24 util/gfx/win.o
 .debug_loc     0x00001135      0x129 util/gfx/wtk.o
 .debug_loc     0x0000125e      0x28e util/gfx/wtk_basic_frame.o
 .debug_loc     0x000014ec      0x3c9 util/gfx/wtk_button.o
 .debug_loc     0x000018b5      0x35a util/gfx/wtk_check_box.o
 .debug_loc     0x00001c0f      0x782 util/gfx/wtk_frame.o
 .debug_loc     0x00002391      0x379 util/gfx/wtk_label.o
 .debug_loc     0x0000270a      0x448 util/gfx/wtk_progress_bar.o
 .debug_loc     0x00002b52      0x3a7 util/gfx/wtk_radio_button.o
 .debug_loc     0x00002ef9      0x591 util/gfx/wtk_slider.o
 .debug_loc     0x0000348a      0x230 util/gfx/wtk_plot.o
 .debug_loc     0x000036ba       0x38 util/string/generic_memcpy.o
 .debug_loc     0x000036f2       0x60 util/string/generic_memset.o
 .debug_loc     0x00003752       0x40 util/string/generic_strlen.o
 .debug_loc     0x00003792       0xd9 util/string/generic_strcmp.o
 .debug_loc     0x0000386b      0x563 util/stream/stream_core.o
 .debug_loc     0x00003dce      0x143 util/stream/stream_string.o
 .debug_loc     0x00003f11      0x5d7 util/fs/tsfs.o
 .debug_loc     0x000044e8       0x28 util/buffer.o
 .debug_loc     0x00004510       0x6c util/hugemem.o
 .debug_loc     0x0000457c       0xb2 util/malloc_simple.o
 .debug_loc     0x0000462e      0x18a util/membag.o
 .debug_loc     0x000047b8      0x244 util/mempool.o
 .debug_loc     0x000049fc       0xc2 util/physmem.o
 .debug_loc     0x00004abe       0x13 util/softirq_common.o
 .debug_loc     0x00004ad1      0x14f util/workqueue.o
 .debug_loc     0x00004c20       0xd0 drivers/block/block_core.o
 .debug_loc     0x00004cf0      0x6fe drivers/block/dataflash.o
 .debug_loc     0x000053ee       0x26 drivers/clk/xmega_pr.o
 .debug_loc     0x00005414      0x140 drivers/flash/at45_device.o
 .debug_loc     0x00005554      0x8b5 drivers/gfx/hx8347a/gfx_hx8347a.o
 .debug_loc     0x00005e09      0xfb0 drivers/gfx/gfx_generic.o
 .debug_loc     0x00006db9      0x9be drivers/gfx/gfx_text.o
 .debug_loc     0x00007777      0x870 drivers/gfx/gfx_bitmap.o
 .debug_loc     0x00007fe7       0xb6 drivers/gpio/port.o
 .debug_loc     0x0000809d      0x1d3 drivers/serial/spi/spi_polled.o
 .debug_loc     0x00008270      0x1fe drivers/serial/spi/spi_polled_buf_list.o
 .debug_loc     0x0000846e      0x2ea drivers/serial/spi/spi_mega_xmega.o
 .debug_loc     0x00008758      0x1c8 drivers/touch/resistive/touch.o
 .debug_loc     0x00008920       0x2e arch/avr8/delay.o
 .debug_loc     0x0000894e       0xdc arch/avr8/arch_hugemem.o
 .debug_loc     0x00008a2a       0x26 chip/atxmega128a1/sysclk.o

.debug_pubnames
                0x00000000     0x1636
 .debug_pubnames
                0x00000000       0x1b apps/display-training/main.o
 .debug_pubnames
                0x0000001b       0x30 apps/display-training/app_calibrate.o
 .debug_pubnames
                0x0000004b       0x28 apps/display-training/app_widget.o
 .debug_pubnames
                0x00000073       0x1e util/gfx/sysfont.o
 .debug_pubnames
                0x00000091      0x289 util/gfx/win.o
 .debug_pubnames
                0x0000031a       0x50 util/gfx/wtk.o
 .debug_pubnames
                0x0000036a       0x6e util/gfx/wtk_basic_frame.o
 .debug_pubnames
                0x000003d8       0x59 util/gfx/wtk_button.o
 .debug_pubnames
                0x00000431       0xaf util/gfx/wtk_check_box.o
 .debug_pubnames
                0x000004e0       0x74 util/gfx/wtk_frame.o
 .debug_pubnames
                0x00000554       0x6b util/gfx/wtk_label.o
 .debug_pubnames
                0x000005bf       0xaa util/gfx/wtk_progress_bar.o
 .debug_pubnames
                0x00000669       0xc3 util/gfx/wtk_radio_button.o
 .debug_pubnames
                0x0000072c       0x8b util/gfx/wtk_slider.o
 .debug_pubnames
                0x000007b7       0x54 util/gfx/wtk_plot.o
 .debug_pubnames
                0x0000080b       0x25 util/string/generic_memcpy.o
 .debug_pubnames
                0x00000830       0x25 util/string/generic_memset.o
 .debug_pubnames
                0x00000855       0x25 util/string/generic_strlen.o
 .debug_pubnames
                0x0000087a       0x39 util/string/generic_strcmp.o
 .debug_pubnames
                0x000008b3       0x5c util/stream/stream_core.o
 .debug_pubnames
                0x0000090f       0x2b util/stream/stream_string.o
 .debug_pubnames
                0x0000093a       0x60 util/fs/tsfs.o
 .debug_pubnames
                0x0000099a       0x5a util/buffer.o
 .debug_pubnames
                0x000009f4       0x24 util/hugemem.o
 .debug_pubnames
                0x00000a18       0x28 util/malloc_simple.o
 .debug_pubnames
                0x00000a40       0xa7 util/membag.o
 .debug_pubnames
                0x00000ae7       0x63 util/mempool.o
 .debug_pubnames
                0x00000b4a       0x3a util/physmem.o
 .debug_pubnames
                0x00000b84       0x59 util/softirq_common.o
 .debug_pubnames
                0x00000bdd       0x79 util/workqueue.o
 .debug_pubnames
                0x00000c56       0x41 drivers/block/block_core.o
 .debug_pubnames
                0x00000c97       0x2c drivers/block/dataflash.o
 .debug_pubnames
                0x00000cc3       0x45 drivers/clk/xmega_pr.o
 .debug_pubnames
                0x00000d08       0x4d drivers/flash/at45_device.o
 .debug_pubnames
                0x00000d55      0x20d drivers/gfx/hx8347a/gfx_hx8347a.o
 .debug_pubnames
                0x00000f62      0x124 drivers/gfx/gfx_generic.o
 .debug_pubnames
                0x00001086       0x9c drivers/gfx/gfx_text.o
 .debug_pubnames
                0x00001122       0x53 drivers/gfx/gfx_bitmap.o
 .debug_pubnames
                0x00001175       0x61 drivers/gpio/port.o
 .debug_pubnames
                0x000011d6       0x83 drivers/serial/spi/spi_polled.o
 .debug_pubnames
                0x00001259       0x89 drivers/serial/spi/spi_polled_buf_list.o
 .debug_pubnames
                0x000012e2       0x84 drivers/serial/spi/spi_mega_xmega.o
 .debug_pubnames
                0x00001366      0x18a drivers/touch/resistive/touch.o
 .debug_pubnames
                0x000014f0       0x28 arch/avr8/delay.o
 .debug_pubnames
                0x00001518       0x8f arch/avr8/arch_hugemem.o
 .debug_pubnames
                0x000015a7       0x24 cpu/xmega/physmem_pools.o
 .debug_pubnames
                0x000015cb       0x22 chip/atxmega128a1/sysclk.o
 .debug_pubnames
                0x000015ed       0x21 board/xplain/init.o
 .debug_pubnames
                0x0000160e       0x28 board/xplain/board_physmem_pools.o

.debug_aranges  0x00000000      0xcb0
 .debug_aranges
                0x00000000       0x20 apps/display-training/main.o
 .debug_aranges
                0x00000020       0x30 apps/display-training/app_calibrate.o
 .debug_aranges
                0x00000050       0x28 apps/display-training/app_widget.o
 .debug_aranges
                0x00000078      0x168 util/gfx/win.o
 .debug_aranges
                0x000001e0       0x30 util/gfx/wtk.o
 .debug_aranges
                0x00000210       0x38 util/gfx/wtk_basic_frame.o
 .debug_aranges
                0x00000248       0x38 util/gfx/wtk_button.o
 .debug_aranges
                0x00000280       0x50 util/gfx/wtk_check_box.o
 .debug_aranges
                0x000002d0       0x60 util/gfx/wtk_frame.o
 .debug_aranges
                0x00000330       0x40 util/gfx/wtk_label.o
 .debug_aranges
                0x00000370       0x48 util/gfx/wtk_progress_bar.o
 .debug_aranges
                0x000003b8       0x50 util/gfx/wtk_radio_button.o
 .debug_aranges
                0x00000408       0x48 util/gfx/wtk_slider.o
 .debug_aranges
                0x00000450       0x38 util/gfx/wtk_plot.o
 .debug_aranges
                0x00000488       0x20 util/string/generic_memcpy.o
 .debug_aranges
                0x000004a8       0x20 util/string/generic_memset.o
 .debug_aranges
                0x000004c8       0x20 util/string/generic_strlen.o
 .debug_aranges
                0x000004e8       0x28 util/string/generic_strcmp.o
 .debug_aranges
                0x00000510       0x50 util/stream/stream_core.o
 .debug_aranges
                0x00000560       0x40 util/stream/stream_string.o
 .debug_aranges
                0x000005a0       0x80 util/fs/tsfs.o
 .debug_aranges
                0x00000620       0x38 util/buffer.o
 .debug_aranges
                0x00000658       0x20 util/hugemem.o
 .debug_aranges
                0x00000678       0x28 util/malloc_simple.o
 .debug_aranges
                0x000006a0       0x48 util/membag.o
 .debug_aranges
                0x000006e8       0x38 util/mempool.o
 .debug_aranges
                0x00000720       0x28 util/physmem.o
 .debug_aranges
                0x00000748       0x20 util/softirq_common.o
 .debug_aranges
                0x00000768       0x30 util/workqueue.o
 .debug_aranges
                0x00000798       0x28 drivers/block/block_core.o
 .debug_aranges
                0x000007c0       0xb0 drivers/block/dataflash.o
 .debug_aranges
                0x00000870       0x28 drivers/clk/xmega_pr.o
 .debug_aranges
                0x00000898       0x60 drivers/flash/at45_device.o
 .debug_aranges
                0x000008f8       0xc8 drivers/gfx/hx8347a/gfx_hx8347a.o
 .debug_aranges
                0x000009c0       0x60 drivers/gfx/gfx_generic.o
 .debug_aranges
                0x00000a20       0x40 drivers/gfx/gfx_text.o
 .debug_aranges
                0x00000a60       0x30 drivers/gfx/gfx_bitmap.o
 .debug_aranges
                0x00000a90       0x30 drivers/gpio/port.o
 .debug_aranges
                0x00000ac0       0x40 drivers/serial/spi/spi_polled.o
 .debug_aranges
                0x00000b00       0x38 drivers/serial/spi/spi_polled_buf_list.o
 .debug_aranges
                0x00000b38       0x48 drivers/serial/spi/spi_mega_xmega.o
 .debug_aranges
                0x00000b80       0x80 drivers/touch/resistive/touch.o
 .debug_aranges
                0x00000c00       0x28 arch/avr8/delay.o
 .debug_aranges
                0x00000c28       0x48 arch/avr8/arch_hugemem.o
 .debug_aranges
                0x00000c70       0x20 chip/atxmega128a1/sysclk.o
 .debug_aranges
                0x00000c90       0x20 board/xplain/init.o

.debug_ranges   0x00000000      0xd00
 .debug_ranges  0x00000000       0x78 apps/display-training/main.o
 .debug_ranges  0x00000078       0x28 apps/display-training/app_calibrate.o
 .debug_ranges  0x000000a0       0x20 apps/display-training/app_widget.o
 .debug_ranges  0x000000c0      0x178 util/gfx/win.o
 .debug_ranges  0x00000238       0x28 util/gfx/wtk.o
 .debug_ranges  0x00000260       0x30 util/gfx/wtk_basic_frame.o
 .debug_ranges  0x00000290       0x30 util/gfx/wtk_button.o
 .debug_ranges  0x000002c0       0x48 util/gfx/wtk_check_box.o
 .debug_ranges  0x00000308       0xb0 util/gfx/wtk_frame.o
 .debug_ranges  0x000003b8       0x38 util/gfx/wtk_label.o
 .debug_ranges  0x000003f0       0x40 util/gfx/wtk_progress_bar.o
 .debug_ranges  0x00000430       0x48 util/gfx/wtk_radio_button.o
 .debug_ranges  0x00000478       0x40 util/gfx/wtk_slider.o
 .debug_ranges  0x000004b8       0x30 util/gfx/wtk_plot.o
 .debug_ranges  0x000004e8       0x18 util/string/generic_memcpy.o
 .debug_ranges  0x00000500       0x18 util/string/generic_memset.o
 .debug_ranges  0x00000518       0x18 util/string/generic_strlen.o
 .debug_ranges  0x00000530       0x20 util/string/generic_strcmp.o
 .debug_ranges  0x00000550       0x48 util/stream/stream_core.o
 .debug_ranges  0x00000598       0x38 util/stream/stream_string.o
 .debug_ranges  0x000005d0       0xc0 util/fs/tsfs.o
 .debug_ranges  0x00000690       0x30 util/buffer.o
 .debug_ranges  0x000006c0       0x18 util/hugemem.o
 .debug_ranges  0x000006d8       0x20 util/malloc_simple.o
 .debug_ranges  0x000006f8       0x58 util/membag.o
 .debug_ranges  0x00000750       0x30 util/mempool.o
 .debug_ranges  0x00000780       0x20 util/physmem.o
 .debug_ranges  0x000007a0       0x18 util/softirq_common.o
 .debug_ranges  0x000007b8       0x28 util/workqueue.o
 .debug_ranges  0x000007e0       0x20 drivers/block/block_core.o
 .debug_ranges  0x00000800       0xa8 drivers/block/dataflash.o
 .debug_ranges  0x000008a8       0x20 drivers/clk/xmega_pr.o
 .debug_ranges  0x000008c8       0x58 drivers/flash/at45_device.o
 .debug_ranges  0x00000920       0xc0 drivers/gfx/hx8347a/gfx_hx8347a.o
 .debug_ranges  0x000009e0       0x88 drivers/gfx/gfx_generic.o
 .debug_ranges  0x00000a68       0x68 drivers/gfx/gfx_text.o
 .debug_ranges  0x00000ad0       0x58 drivers/gfx/gfx_bitmap.o
 .debug_ranges  0x00000b28       0x28 drivers/gpio/port.o
 .debug_ranges  0x00000b50       0x38 drivers/serial/spi/spi_polled.o
 .debug_ranges  0x00000b88       0x30 drivers/serial/spi/spi_polled_buf_list.o
 .debug_ranges  0x00000bb8       0x40 drivers/serial/spi/spi_mega_xmega.o
 .debug_ranges  0x00000bf8       0x78 drivers/touch/resistive/touch.o
 .debug_ranges  0x00000c70       0x20 arch/avr8/delay.o
 .debug_ranges  0x00000c90       0x40 arch/avr8/arch_hugemem.o
 .debug_ranges  0x00000cd0       0x18 chip/atxmega128a1/sysclk.o
 .debug_ranges  0x00000ce8       0x18 board/xplain/init.o

.debug_str      0x00000000     0x5ad8
 .debug_str     0x00000000      0x5c8 apps/display-training/main.o
                                0x6c7 (size before relaxing)
 .debug_str     0x000005c8      0x1f5 apps/display-training/app_calibrate.o
                                0x4ad (size before relaxing)
 .debug_str     0x000007bd      0x129 apps/display-training/app_widget.o
                                0x44d (size before relaxing)
 .debug_str     0x000008e6       0x2e util/gfx/sysfont.o
                                0x1bb (size before relaxing)
 .debug_str     0x00000914      0x820 util/gfx/win.o
                                0xcff (size before relaxing)
 .debug_str     0x00001134       0x8a util/gfx/wtk.o
                                0x1b8 (size before relaxing)
 .debug_str     0x000011be      0x10e util/gfx/wtk_basic_frame.o
                                0x489 (size before relaxing)
 .debug_str     0x000012cc      0x102 util/gfx/wtk_button.o
                                0x5a4 (size before relaxing)
 .debug_str     0x000013ce      0x139 util/gfx/wtk_check_box.o
                                0x5f3 (size before relaxing)
 .debug_str     0x00001507      0x33b util/gfx/wtk_frame.o
                                0x804 (size before relaxing)
 .debug_str     0x00001842       0xa7 util/gfx/wtk_label.o
                                0x48a (size before relaxing)
 .debug_str     0x000018e9       0xf5 util/gfx/wtk_progress_bar.o
                                0x472 (size before relaxing)
 .debug_str     0x000019de      0x19f util/gfx/wtk_radio_button.o
                                0x689 (size before relaxing)
 .debug_str     0x00001b7d      0x100 util/gfx/wtk_slider.o
                                0x559 (size before relaxing)
 .debug_str     0x00001c7d       0xad util/gfx/wtk_plot.o
                                0x427 (size before relaxing)
 .debug_str     0x00001d2a       0x38 util/string/generic_memcpy.o
                                0x137 (size before relaxing)
 .debug_str     0x00001d62       0x38 util/string/generic_memset.o
                                0x132 (size before relaxing)
 .debug_str     0x00001d9a       0x38 util/string/generic_strlen.o
                                0x132 (size before relaxing)
 .debug_str     0x00001dd2       0x52 util/string/generic_strcmp.o
                                0x14c (size before relaxing)
 .debug_str     0x00001e24      0x282 util/stream/stream_core.o
                                0x4b1 (size before relaxing)
 .debug_str     0x000020a6      0x105 util/stream/stream_string.o
                                0x30c (size before relaxing)
 .debug_str     0x000021ab      0x648 util/fs/tsfs.o
                                0x9b8 (size before relaxing)
 .debug_str     0x000027f3       0x8e util/buffer.o
                                0x207 (size before relaxing)
 .debug_str     0x00002881       0x41 util/hugemem.o
                                0x195 (size before relaxing)
 .debug_str     0x000028c2       0x3b util/malloc_simple.o
                                0x1a7 (size before relaxing)
 .debug_str     0x000028fd      0x10b util/membag.o
                                0x2d5 (size before relaxing)
 .debug_str     0x00002a08       0xa8 util/mempool.o
                                0x34d (size before relaxing)
 .debug_str     0x00002ab0       0x53 util/physmem.o
                                0x1af (size before relaxing)
 .debug_str     0x00002b03       0x36 util/softirq_common.o
                                0x1c5 (size before relaxing)
 .debug_str     0x00002b39       0x8f util/workqueue.o
                                0x2c5 (size before relaxing)
 .debug_str     0x00002bc8       0x4e drivers/block/block_core.o
                                0x3c8 (size before relaxing)
 .debug_str     0x00002c16      0x669 drivers/block/dataflash.o
                                0xc44 (size before relaxing)
 .debug_str     0x0000327f       0x4e drivers/clk/xmega_pr.o
                                0x19a (size before relaxing)
 .debug_str     0x000032cd      0x293 drivers/flash/at45_device.o
                                0x7b1 (size before relaxing)
 .debug_str     0x00003560     0x1453 drivers/gfx/hx8347a/gfx_hx8347a.o
                               0x1689 (size before relaxing)
 .debug_str     0x000049b3      0x178 drivers/gfx/gfx_generic.o
                                0x2f5 (size before relaxing)
 .debug_str     0x00004b2b      0x18f drivers/gfx/gfx_text.o
                                0x3d7 (size before relaxing)
 .debug_str     0x00004cba       0xbf drivers/gfx/gfx_bitmap.o
                                0x2bb (size before relaxing)
 .debug_str     0x00004d79       0x79 drivers/gpio/port.o
                                0x20e (size before relaxing)
 .debug_str     0x00004df2      0x17d drivers/serial/spi/spi_polled.o
                                0x4da (size before relaxing)
 .debug_str     0x00004f6f       0xd9 drivers/serial/spi/spi_polled_buf_list.o
                                0x4ac (size before relaxing)
 .debug_str     0x00005048      0x2dc drivers/serial/spi/spi_mega_xmega.o
                                0x81c (size before relaxing)
 .debug_str     0x00005324      0x4bb drivers/touch/resistive/touch.o
                                0x78b (size before relaxing)
 .debug_str     0x000057df       0x52 arch/avr8/delay.o
                                0x149 (size before relaxing)
 .debug_str     0x00005831       0x98 arch/avr8/arch_hugemem.o
                                0x1cb (size before relaxing)
 .debug_str     0x000058c9       0x3b cpu/xmega/physmem_pools.o
                                0x170 (size before relaxing)
 .debug_str     0x00005904      0x143 chip/atxmega128a1/sysclk.o
                                0x39f (size before relaxing)
 .debug_str     0x00005a47       0x62 board/xplain/init.o
                                0x23e (size before relaxing)
 .debug_str     0x00005aa9       0x2f board/xplain/board_physmem_pools.o
                                0x168 (size before relaxing)

Cross Reference Table

Symbol                                            File
__bss_end                                         c:/winavr/bin/../lib/gcc/avr/4.3.3/avrxmega7/libgcc.a(_clear_bss.o)
__bss_start                                       c:/winavr/bin/../lib/gcc/avr/4.3.3/avrxmega7/libgcc.a(_clear_bss.o)
__data_end                                        c:/winavr/bin/../lib/gcc/avr/4.3.3/avrxmega7/libgcc.a(_copy_data.o)
__data_load_start                                 c:/winavr/bin/../lib/gcc/avr/4.3.3/avrxmega7/libgcc.a(_copy_data.o)
__data_start                                      c:/winavr/bin/../lib/gcc/avr/4.3.3/avrxmega7/libgcc.a(_copy_data.o)
__divmodhi4                                       c:/winavr/bin/../lib/gcc/avr/4.3.3/avrxmega7/libgcc.a(_divmodhi4.o)
                                                  drivers/block/dataflash.o
                                                  util/gfx/wtk_button.o
                                                  util/gfx/win.o
__divmodsi4                                       c:/winavr/bin/../lib/gcc/avr/4.3.3/avrxmega7/libgcc.a(_divmodsi4.o)
                                                  drivers/touch/resistive/touch.o
                                                  util/stream/stream_core.o
__do_clear_bss                                    c:/winavr/bin/../lib/gcc/avr/4.3.3/avrxmega7/libgcc.a(_clear_bss.o)
                                                  drivers/touch/resistive/touch.o
                                                  drivers/gfx/gfx_text.o
                                                  drivers/gfx/hx8347a/gfx_hx8347a.o
                                                  util/workqueue.o
                                                  util/softirq_common.o
                                                  util/buffer.o
                                                  util/gfx/wtk_frame.o
                                                  util/gfx/win.o
                                                  apps/display-training/app_widget.o
                                                  apps/display-training/app_calibrate.o
                                                  apps/display-training/main.o
__do_copy_data                                    c:/winavr/bin/../lib/gcc/avr/4.3.3/avrxmega7/libgcc.a(_copy_data.o)
                                                  board/xplain/board_physmem_pools.o
                                                  cpu/xmega/physmem_pools.o
                                                  drivers/flash/at45_device.o
                                                  util/membag.o
                                                  util/stream/stream_string.o
                                                  util/stream/stream_core.o
                                                  util/gfx/wtk_frame.o
                                                  util/gfx/sysfont.o
                                                  apps/display-training/app_widget.o
__mulsi3                                          c:/winavr/bin/../lib/gcc/avr/4.3.3/avrxmega7/libgcc.a(_mulsi3.o)
                                                  drivers/touch/resistive/touch.o
                                                  drivers/gfx/gfx_bitmap.o
                                                  drivers/gfx/gfx_generic.o
__udivmodhi4                                      c:/winavr/bin/../lib/gcc/avr/4.3.3/avrxmega7/libgcc.a(_udivmodhi4.o)
                                                  c:/winavr/bin/../lib/gcc/avr/4.3.3/avrxmega7/libgcc.a(_divmodhi4.o)
                                                  util/gfx/wtk.o
__udivmodsi4                                      c:/winavr/bin/../lib/gcc/avr/4.3.3/avrxmega7/libgcc.a(_udivmodsi4.o)
                                                  c:/winavr/bin/../lib/gcc/avr/4.3.3/avrxmega7/libgcc.a(_divmodsi4.o)
                                                  drivers/gfx/hx8347a/gfx_hx8347a.o
                                                  util/stream/stream_core.o
_data                                             arch/avr8/entry.o
_div                                              c:/winavr/bin/../lib/gcc/avr/4.3.3/avrxmega7/libgcc.a(_divmodhi4.o)
_edata                                            arch/avr8/entry.o
_end                                              arch/avr8/entry.o
_estack                                           arch/avr8/entry.o
_etext                                            arch/avr8/entry.o
_start                                            arch/avr8/entry.o
app_touch_calibrate_setup                         apps/display-training/app_calibrate.o
                                                  apps/display-training/main.o
app_widget_launch                                 apps/display-training/app_widget.o
                                                  apps/display-training/main.o
at45_device_init                                  drivers/flash/at45_device.o
                                                  drivers/block/dataflash.o
at45_identify                                     drivers/flash/at45_device.o
                                                  drivers/block/dataflash.o
at45_wait_ready                                   drivers/flash/at45_device.o
                                                  drivers/block/dataflash.o
block_alloc_request                               drivers/block/block_core.o
                                                  util/fs/tsfs.o
block_free_request                                drivers/block/block_core.o
                                                  util/fs/tsfs.o
board_extram_pool                                 board/xplain/board_physmem_pools.o
                                                  util/fs/tsfs.o
board_init                                        board/xplain/init.o
                                                  apps/display-training/main.o
buffer_alloc                                      util/buffer.o
buffer_free                                       util/buffer.o
buffer_pool_init                                  util/buffer.o
buffer_resize                                     util/buffer.o
cpu_sram_pool                                     cpu/xmega/physmem_pools.o
                                                  drivers/block/dataflash.o
                                                  util/membag.o
                                                  util/malloc_simple.o
                                                  util/buffer.o
dataflash_blkdev_init                             drivers/block/dataflash.o
generic_memcpy                                    util/string/generic_memcpy.o
                                                  util/fs/tsfs.o
                                                  util/stream/stream_core.o
                                                  apps/display-training/app_calibrate.o
generic_memset                                    util/string/generic_memset.o
                                                  util/malloc_simple.o
                                                  util/stream/stream_string.o
generic_strcmp                                    util/string/generic_strcmp.o
generic_strlen                                    util/string/generic_strlen.o
                                                  util/stream/stream_core.o
                                                  util/gfx/wtk_radio_button.o
                                                  util/gfx/wtk_label.o
                                                  util/gfx/wtk_frame.o
                                                  util/gfx/wtk_check_box.o
                                                  util/gfx/wtk_button.o
generic_strncmp                                   util/string/generic_strcmp.o
                                                  util/fs/tsfs.o
gfx_color                                         drivers/gfx/hx8347a/gfx_hx8347a.o
gfx_copy_hugemem_pixels_to_screen                 drivers/gfx/hx8347a/gfx_hx8347a.o
                                                  drivers/gfx/gfx_bitmap.o
gfx_copy_pixels_from_screen                       drivers/gfx/hx8347a/gfx_hx8347a.o
                                                  drivers/gfx/gfx_generic.o
gfx_copy_pixels_to_screen                         drivers/gfx/hx8347a/gfx_hx8347a.o
                                                  drivers/gfx/gfx_bitmap.o
                                                  drivers/gfx/gfx_generic.o
gfx_copy_progmem_pixels_to_screen                 drivers/gfx/hx8347a/gfx_hx8347a.o
                                                  drivers/gfx/gfx_bitmap.o
gfx_draw_bitmap                                   drivers/gfx/gfx_bitmap.o
gfx_draw_bitmap_tiled                             drivers/gfx/gfx_bitmap.o
                                                  util/gfx/win.o
gfx_draw_char                                     drivers/gfx/gfx_text.o
gfx_draw_line_pixel                               drivers/gfx/hx8347a/gfx_hx8347a.o
                                                  drivers/gfx/gfx_generic.o
gfx_draw_pixel                                    drivers/gfx/hx8347a/gfx_hx8347a.o
                                                  drivers/gfx/gfx_text.o
                                                  drivers/gfx/gfx_generic.o
gfx_draw_progmem_string                           drivers/gfx/gfx_text.o
                                                  apps/display-training/app_calibrate.o
gfx_draw_string                                   drivers/gfx/gfx_text.o
                                                  util/gfx/wtk_radio_button.o
                                                  util/gfx/wtk_label.o
                                                  util/gfx/wtk_frame.o
                                                  util/gfx/wtk_check_box.o
                                                  util/gfx/wtk_button.o
gfx_duplicate_pixel                               drivers/gfx/hx8347a/gfx_hx8347a.o
                                                  drivers/gfx/gfx_generic.o
gfx_generic_draw_circle                           drivers/gfx/gfx_generic.o
                                                  util/gfx/wtk_radio_button.o
                                                  apps/display-training/app_calibrate.o
gfx_generic_draw_filled_circle                    drivers/gfx/gfx_generic.o
                                                  util/gfx/wtk_radio_button.o
                                                  util/gfx/wtk_frame.o
gfx_generic_draw_filled_rect                      drivers/gfx/gfx_generic.o
                                                  drivers/gfx/gfx_bitmap.o
                                                  drivers/gfx/gfx_text.o
                                                  util/gfx/wtk_slider.o
                                                  util/gfx/wtk_progress_bar.o
                                                  util/gfx/wtk_frame.o
                                                  util/gfx/wtk_check_box.o
                                                  util/gfx/wtk_button.o
                                                  util/gfx/win.o
                                                  apps/display-training/app_calibrate.o
gfx_generic_draw_horizontal_line                  drivers/gfx/gfx_generic.o
gfx_generic_draw_line                             drivers/gfx/gfx_generic.o
gfx_generic_draw_rect                             drivers/gfx/gfx_generic.o
                                                  util/gfx/wtk_plot.o
                                                  util/gfx/wtk_slider.o
                                                  util/gfx/wtk_progress_bar.o
                                                  util/gfx/wtk_check_box.o
                                                  util/gfx/wtk_button.o
gfx_generic_draw_vertical_line                    drivers/gfx/gfx_generic.o
gfx_generic_get_pixmap                            drivers/gfx/gfx_generic.o
                                                  util/gfx/wtk_frame.o
gfx_generic_put_pixmap                            drivers/gfx/gfx_generic.o
                                                  util/gfx/wtk_frame.o
gfx_get_height                                    drivers/gfx/hx8347a/gfx_hx8347a.o
                                                  util/gfx/wtk_frame.o
                                                  util/gfx/win.o
                                                  apps/display-training/app_widget.o
                                                  apps/display-training/app_calibrate.o
gfx_get_pixel                                     drivers/gfx/hx8347a/gfx_hx8347a.o
gfx_get_progmem_string_bounding_box               drivers/gfx/gfx_text.o
gfx_get_string_bounding_box                       drivers/gfx/gfx_text.o
                                                  util/gfx/wtk_radio_button.o
                                                  util/gfx/wtk_label.o
                                                  util/gfx/wtk_check_box.o
                                                  util/gfx/wtk_button.o
gfx_get_width                                     drivers/gfx/hx8347a/gfx_hx8347a.o
                                                  util/gfx/wtk_frame.o
                                                  util/gfx/win.o
                                                  apps/display-training/app_widget.o
                                                  apps/display-training/app_calibrate.o
gfx_height                                        drivers/gfx/gfx_generic.o
                                                  drivers/gfx/hx8347a/gfx_hx8347a.o
gfx_init                                          drivers/gfx/hx8347a/gfx_hx8347a.o
                                                  apps/display-training/main.o
gfx_max_x                                         drivers/gfx/gfx_bitmap.o
                                                  drivers/gfx/gfx_generic.o
                                                  drivers/gfx/hx8347a/gfx_hx8347a.o
gfx_max_y                                         drivers/gfx/gfx_bitmap.o
                                                  drivers/gfx/gfx_generic.o
                                                  drivers/gfx/hx8347a/gfx_hx8347a.o
gfx_min_x                                         drivers/gfx/gfx_bitmap.o
                                                  drivers/gfx/gfx_generic.o
                                                  drivers/gfx/hx8347a/gfx_hx8347a.o
gfx_min_y                                         drivers/gfx/gfx_bitmap.o
                                                  drivers/gfx/gfx_generic.o
                                                  drivers/gfx/hx8347a/gfx_hx8347a.o
gfx_put_bitmap                                    drivers/gfx/gfx_bitmap.o
gfx_set_bottom_right_limit                        drivers/gfx/hx8347a/gfx_hx8347a.o
                                                  drivers/gfx/gfx_bitmap.o
                                                  drivers/gfx/gfx_generic.o
gfx_set_clipping                                  drivers/gfx/hx8347a/gfx_hx8347a.o
                                                  util/gfx/wtk_frame.o
                                                  util/gfx/win.o
                                                  apps/display-training/app_calibrate.o
gfx_set_limits                                    drivers/gfx/hx8347a/gfx_hx8347a.o
                                                  drivers/gfx/gfx_generic.o
gfx_set_orientation                               drivers/gfx/hx8347a/gfx_hx8347a.o
gfx_set_top_left_limit                            drivers/gfx/hx8347a/gfx_hx8347a.o
                                                  drivers/gfx/gfx_bitmap.o
                                                  drivers/gfx/gfx_generic.o
gfx_sync                                          drivers/gfx/hx8347a/gfx_hx8347a.o
gfx_width                                         drivers/gfx/gfx_generic.o
                                                  drivers/gfx/hx8347a/gfx_hx8347a.o
gpio_get_value_noninline                          drivers/gpio/port.o
gpio_set_value_noninline                          drivers/gpio/port.o
                                                  drivers/serial/spi/spi_mega_xmega.o
heap_area                                         cpu/xmega/physmem_pools.o
hugemem_alloc                                     util/hugemem.o
hugemem_read16                                    arch/avr8/arch_hugemem.o
hugemem_read32                                    arch/avr8/arch_hugemem.o
hugemem_read_block                                arch/avr8/arch_hugemem.o
                                                  drivers/gfx/gfx_text.o
                                                  util/fs/tsfs.o
hugemem_write16                                   arch/avr8/arch_hugemem.o
hugemem_write32                                   arch/avr8/arch_hugemem.o
hugemem_write_block                               arch/avr8/arch_hugemem.o
                                                  util/fs/tsfs.o
intc_priv_data_irq67                              drivers/touch/resistive/touch.o
intc_priv_data_irq73                              drivers/touch/resistive/touch.o
intc_priv_entry_irq10                             arch/avr8/entry.o
intc_priv_entry_irq100                            arch/avr8/entry.o
intc_priv_entry_irq101                            arch/avr8/entry.o
intc_priv_entry_irq102                            arch/avr8/entry.o
intc_priv_entry_irq103                            arch/avr8/entry.o
intc_priv_entry_irq104                            arch/avr8/entry.o
intc_priv_entry_irq105                            arch/avr8/entry.o
intc_priv_entry_irq106                            arch/avr8/entry.o
intc_priv_entry_irq107                            arch/avr8/entry.o
intc_priv_entry_irq108                            arch/avr8/entry.o
intc_priv_entry_irq109                            arch/avr8/entry.o
intc_priv_entry_irq11                             arch/avr8/entry.o
intc_priv_entry_irq110                            arch/avr8/entry.o
intc_priv_entry_irq111                            arch/avr8/entry.o
intc_priv_entry_irq112                            arch/avr8/entry.o
intc_priv_entry_irq113                            arch/avr8/entry.o
intc_priv_entry_irq114                            arch/avr8/entry.o
intc_priv_entry_irq115                            arch/avr8/entry.o
intc_priv_entry_irq116                            arch/avr8/entry.o
intc_priv_entry_irq117                            arch/avr8/entry.o
intc_priv_entry_irq118                            arch/avr8/entry.o
intc_priv_entry_irq119                            arch/avr8/entry.o
intc_priv_entry_irq12                             arch/avr8/entry.o
intc_priv_entry_irq120                            arch/avr8/entry.o
intc_priv_entry_irq121                            arch/avr8/entry.o
intc_priv_entry_irq122                            arch/avr8/entry.o
intc_priv_entry_irq123                            arch/avr8/entry.o
intc_priv_entry_irq124                            arch/avr8/entry.o
intc_priv_entry_irq125                            arch/avr8/entry.o
intc_priv_entry_irq13                             arch/avr8/entry.o
intc_priv_entry_irq14                             arch/avr8/entry.o
intc_priv_entry_irq15                             arch/avr8/entry.o
intc_priv_entry_irq16                             arch/avr8/entry.o
intc_priv_entry_irq17                             arch/avr8/entry.o
intc_priv_entry_irq18                             arch/avr8/entry.o
intc_priv_entry_irq19                             arch/avr8/entry.o
intc_priv_entry_irq2                              arch/avr8/entry.o
intc_priv_entry_irq20                             arch/avr8/entry.o
intc_priv_entry_irq21                             arch/avr8/entry.o
intc_priv_entry_irq22                             arch/avr8/entry.o
intc_priv_entry_irq23                             arch/avr8/entry.o
intc_priv_entry_irq24                             arch/avr8/entry.o
intc_priv_entry_irq25                             arch/avr8/entry.o
intc_priv_entry_irq26                             arch/avr8/entry.o
intc_priv_entry_irq27                             arch/avr8/entry.o
intc_priv_entry_irq28                             arch/avr8/entry.o
intc_priv_entry_irq29                             arch/avr8/entry.o
intc_priv_entry_irq3                              arch/avr8/entry.o
intc_priv_entry_irq30                             arch/avr8/entry.o
intc_priv_entry_irq31                             arch/avr8/entry.o
intc_priv_entry_irq32                             arch/avr8/entry.o
intc_priv_entry_irq33                             arch/avr8/entry.o
intc_priv_entry_irq34                             arch/avr8/entry.o
intc_priv_entry_irq35                             arch/avr8/entry.o
intc_priv_entry_irq36                             arch/avr8/entry.o
intc_priv_entry_irq37                             arch/avr8/entry.o
intc_priv_entry_irq38                             arch/avr8/entry.o
intc_priv_entry_irq39                             arch/avr8/entry.o
intc_priv_entry_irq4                              arch/avr8/entry.o
intc_priv_entry_irq40                             arch/avr8/entry.o
intc_priv_entry_irq41                             arch/avr8/entry.o
intc_priv_entry_irq42                             arch/avr8/entry.o
intc_priv_entry_irq43                             arch/avr8/entry.o
intc_priv_entry_irq44                             arch/avr8/entry.o
intc_priv_entry_irq45                             arch/avr8/entry.o
intc_priv_entry_irq46                             arch/avr8/entry.o
intc_priv_entry_irq47                             arch/avr8/entry.o
intc_priv_entry_irq48                             arch/avr8/entry.o
intc_priv_entry_irq49                             arch/avr8/entry.o
intc_priv_entry_irq5                              arch/avr8/entry.o
intc_priv_entry_irq50                             arch/avr8/entry.o
intc_priv_entry_irq51                             arch/avr8/entry.o
intc_priv_entry_irq52                             arch/avr8/entry.o
intc_priv_entry_irq53                             arch/avr8/entry.o
intc_priv_entry_irq54                             arch/avr8/entry.o
intc_priv_entry_irq55                             arch/avr8/entry.o
intc_priv_entry_irq56                             arch/avr8/entry.o
intc_priv_entry_irq57                             arch/avr8/entry.o
intc_priv_entry_irq58                             arch/avr8/entry.o
intc_priv_entry_irq59                             arch/avr8/entry.o
intc_priv_entry_irq6                              arch/avr8/entry.o
intc_priv_entry_irq60                             arch/avr8/entry.o
intc_priv_entry_irq61                             arch/avr8/entry.o
intc_priv_entry_irq62                             arch/avr8/entry.o
intc_priv_entry_irq63                             arch/avr8/entry.o
intc_priv_entry_irq64                             arch/avr8/entry.o
intc_priv_entry_irq65                             arch/avr8/entry.o
intc_priv_entry_irq66                             arch/avr8/entry.o
intc_priv_entry_irq67                             drivers/touch/resistive/touch.o
intc_priv_entry_irq68                             arch/avr8/entry.o
intc_priv_entry_irq69                             arch/avr8/entry.o
intc_priv_entry_irq7                              arch/avr8/entry.o
intc_priv_entry_irq70                             arch/avr8/entry.o
intc_priv_entry_irq71                             arch/avr8/entry.o
intc_priv_entry_irq72                             arch/avr8/entry.o
intc_priv_entry_irq73                             drivers/touch/resistive/touch.o
intc_priv_entry_irq74                             arch/avr8/entry.o
intc_priv_entry_irq75                             arch/avr8/entry.o
intc_priv_entry_irq76                             arch/avr8/entry.o
intc_priv_entry_irq77                             arch/avr8/entry.o
intc_priv_entry_irq78                             arch/avr8/entry.o
intc_priv_entry_irq79                             arch/avr8/entry.o
intc_priv_entry_irq8                              arch/avr8/entry.o
intc_priv_entry_irq80                             arch/avr8/entry.o
intc_priv_entry_irq81                             arch/avr8/entry.o
intc_priv_entry_irq82                             arch/avr8/entry.o
intc_priv_entry_irq83                             arch/avr8/entry.o
intc_priv_entry_irq84                             arch/avr8/entry.o
intc_priv_entry_irq85                             arch/avr8/entry.o
intc_priv_entry_irq86                             arch/avr8/entry.o
intc_priv_entry_irq87                             arch/avr8/entry.o
intc_priv_entry_irq88                             arch/avr8/entry.o
intc_priv_entry_irq89                             arch/avr8/entry.o
intc_priv_entry_irq9                              arch/avr8/entry.o
intc_priv_entry_irq90                             arch/avr8/entry.o
intc_priv_entry_irq91                             arch/avr8/entry.o
intc_priv_entry_irq92                             arch/avr8/entry.o
intc_priv_entry_irq93                             arch/avr8/entry.o
intc_priv_entry_irq94                             arch/avr8/entry.o
intc_priv_entry_irq95                             arch/avr8/entry.o
intc_priv_entry_irq96                             arch/avr8/entry.o
intc_priv_entry_irq97                             arch/avr8/entry.o
intc_priv_entry_irq98                             arch/avr8/entry.o
intc_priv_entry_irq99                             arch/avr8/entry.o
intc_priv_unhandled_irq                           arch/avr8/entry.o
main                                              apps/display-training/main.o
                                                  arch/avr8/entry.o
main_workqueue                                    drivers/serial/spi/spi_mega_xmega.o
                                                  drivers/serial/spi/spi_polled_buf_list.o
                                                  drivers/serial/spi/spi_polled.o
                                                  drivers/block/dataflash.o
                                                  util/workqueue.o
                                                  util/fs/tsfs.o
                                                  util/gfx/win.o
                                                  apps/display-training/app_calibrate.o
                                                  apps/display-training/main.o
malloc                                            util/malloc_simple.o
                                                  util/fs/tsfs.o
mdelay                                            arch/avr8/delay.o
mem_pool_alloc                                    util/mempool.o
                                                  drivers/block/dataflash.o
                                                  util/membag.o
                                                  util/buffer.o
mem_pool_free                                     util/mempool.o
                                                  drivers/block/dataflash.o
                                                  util/membag.o
                                                  util/buffer.o
mem_pool_init                                     util/mempool.o
                                                  util/membag.o
mem_pool_init_physmem                             util/mempool.o
                                                  drivers/block/dataflash.o
                                                  util/buffer.o
membag_alloc                                      util/membag.o
                                                  util/gfx/wtk_plot.o
                                                  util/gfx/wtk_slider.o
                                                  util/gfx/wtk_radio_button.o
                                                  util/gfx/wtk_progress_bar.o
                                                  util/gfx/wtk_label.o
                                                  util/gfx/wtk_frame.o
                                                  util/gfx/wtk_check_box.o
                                                  util/gfx/wtk_button.o
                                                  util/gfx/wtk_basic_frame.o
                                                  util/gfx/win.o
                                                  apps/display-training/app_calibrate.o
membag_free                                       util/membag.o
                                                  util/gfx/wtk_plot.o
                                                  util/gfx/wtk_slider.o
                                                  util/gfx/wtk_radio_button.o
                                                  util/gfx/wtk_progress_bar.o
                                                  util/gfx/wtk_label.o
                                                  util/gfx/wtk_frame.o
                                                  util/gfx/wtk_check_box.o
                                                  util/gfx/wtk_button.o
                                                  util/gfx/wtk_basic_frame.o
                                                  util/gfx/win.o
                                                  apps/display-training/app_calibrate.o
membag_get_largest_free_block_size                util/membag.o
membag_get_smallest_free_block_size               util/membag.o
membag_get_total                                  util/membag.o
membag_init                                       util/membag.o
                                                  apps/display-training/main.o
mmio_ccp_write8                                   cpu/xmega/ccp.o
                                                  chip/atxmega128a1/sysclk.o
nested_workqueue_add_task                         util/workqueue.o
                                                  drivers/block/dataflash.o
nested_workqueue_next_task                        util/workqueue.o
                                                  drivers/flash/at45_device.o
                                                  drivers/block/dataflash.o
physmem_alloc                                     util/physmem.o
                                                  util/mempool.o
                                                  util/membag.o
                                                  util/hugemem.o
                                                  util/fs/tsfs.o
physmem_alloc_low                                 util/physmem.o
                                                  util/malloc_simple.o
port_select_gpio                                  drivers/gpio/port.o
                                                  board/xplain/init.o
                                                  drivers/serial/spi/spi_mega_xmega.o
                                                  drivers/gfx/hx8347a/gfx_hx8347a.o
snprintf                                          util/stream/stream_string.o
softirq_priv_status                               drivers/touch/resistive/touch.o
                                                  util/softirq_common.o
                                                  apps/display-training/main.o
softirq_priv_table                                util/softirq_common.o
                                                  apps/display-training/main.o
softirq_set_handler                               util/softirq_common.o
                                                  drivers/touch/resistive/touch.o
spi_polled_exchange                               drivers/serial/spi/spi_polled.o
spi_polled_exchange_buf_list                      drivers/serial/spi/spi_polled_buf_list.o
spi_polled_master_init                            drivers/serial/spi/spi_polled.o
                                                  drivers/serial/spi/spi_mega_xmega.o
spi_polled_next_buffer                            drivers/serial/spi/spi_polled_buf_list.o