Archive member included because of file (symbol)

c:/winavr-20100110/bin/../lib/gcc/avr/4.3.3/avrxmega7/libgcc.a(_mulsi3.o)
                              drivers/gfx/gfx_generic.o (__mulsi3)
c:/winavr-20100110/bin/../lib/gcc/avr/4.3.3/avrxmega7/libgcc.a(_udivmodhi4.o)
                              util/gfx/wtk.o (__udivmodhi4)
c:/winavr-20100110/bin/../lib/gcc/avr/4.3.3/avrxmega7/libgcc.a(_divmodhi4.o)
                              util/gfx/win.o (__divmodhi4)
c:/winavr-20100110/bin/../lib/gcc/avr/4.3.3/avrxmega7/libgcc.a(_udivmodsi4.o)
                              util/stream/stream_core.o (__udivmodsi4)
c:/winavr-20100110/bin/../lib/gcc/avr/4.3.3/avrxmega7/libgcc.a(_divmodsi4.o)
                              util/stream/stream_core.o (__divmodsi4)
c:/winavr-20100110/bin/../lib/gcc/avr/4.3.3/avrxmega7/libgcc.a(_copy_data.o)
                              apps/display-training/app_widget.o (__do_copy_data)
c:/winavr-20100110/bin/../lib/gcc/avr/4.3.3/avrxmega7/libgcc.a(_clear_bss.o)
                              apps/display-training/main.o (__do_clear_bss)

Allocating common symbols
Common symbol       size              file

gfx_width           0x2               drivers/gfx/hx8347a/gfx_hx8347a.o
softirq_priv_status
                    0x1               util/softirq_common.o
intc_priv_data_irq67
                    0x2               drivers/touch/resistive/touch.o
gfx_max_x           0x2               drivers/gfx/hx8347a/gfx_hx8347a.o
gfx_min_x           0x2               drivers/gfx/hx8347a/gfx_hx8347a.o
main_workqueue      0x4               util/workqueue.o
softirq_priv_table  0x4               util/softirq_common.o
gfx_max_y           0x2               drivers/gfx/hx8347a/gfx_hx8347a.o
gfx_min_y           0x2               drivers/gfx/hx8347a/gfx_hx8347a.o
gfx_height          0x2               drivers/gfx/hx8347a/gfx_hx8347a.o
intc_priv_data_irq73
                    0x2               drivers/touch/resistive/touch.o
touch_event_handler
                    0x2               drivers/touch/resistive/touch.o

Discarded input sections

 .text          0x00000000        0x0 apps/display-training/main.o
 .data          0x00000000        0x0 apps/display-training/main.o
 .bss           0x00000000        0x0 apps/display-training/main.o
 .text          0x00000000        0x0 apps/display-training/app_calibrate.o
 .data          0x00000000        0x0 apps/display-training/app_calibrate.o
 .bss           0x00000000        0x0 apps/display-training/app_calibrate.o
 .text          0x00000000        0x0 apps/display-training/app_widget.o
 .bss           0x00000000        0x0 apps/display-training/app_widget.o
 .text          0x00000000        0x0 util/gfx/sysfont.o
 .data          0x00000000        0x0 util/gfx/sysfont.o
 .bss           0x00000000        0x0 util/gfx/sysfont.o
 .text          0x00000000        0x0 util/gfx/win.o
 .data          0x00000000        0x0 util/gfx/win.o
 .bss           0x00000000        0x0 util/gfx/win.o
 .text.win_get_parent
                0x00000000        0x0 util/gfx/win.o
 .text.win_set_keyboard_focus
                0x00000000        0x0 util/gfx/win.o
 .text.win_queue_keyboard_event
                0x00000000        0x0 util/gfx/win.o
 .text.win_lower
                0x00000000        0x0 util/gfx/win.o
 .text.win_reset_root_geometry
                0x00000000        0x0 util/gfx/win.o
 .text.win_reparent
                0x00000000        0x0 util/gfx/win.o
 .text          0x00000000        0x0 util/gfx/wtk.o
 .data          0x00000000        0x0 util/gfx/wtk.o
 .bss           0x00000000        0x0 util/gfx/wtk.o
 .text.wtk_shade_pixel
                0x00000000        0x0 util/gfx/wtk.o
 .text          0x00000000        0x0 util/gfx/wtk_basic_frame.o
 .data          0x00000000        0x0 util/gfx/wtk_basic_frame.o
 .bss           0x00000000        0x0 util/gfx/wtk_basic_frame.o
 .text.wtk_basic_frame_get_custom_data
                0x00000000        0x0 util/gfx/wtk_basic_frame.o
 .text          0x00000000        0x0 util/gfx/wtk_button.o
 .data          0x00000000        0x0 util/gfx/wtk_button.o
 .bss           0x00000000        0x0 util/gfx/wtk_button.o
 .text.wtk_button_size_hint
                0x00000000        0x0 util/gfx/wtk_button.o
 .text          0x00000000        0x0 util/gfx/wtk_check_box.o
 .data          0x00000000        0x0 util/gfx/wtk_check_box.o
 .bss           0x00000000        0x0 util/gfx/wtk_check_box.o
 .text.wtk_check_box_as_child
                0x00000000        0x0 util/gfx/wtk_check_box.o
 .text.wtk_check_box_is_selected
                0x00000000        0x0 util/gfx/wtk_check_box.o
 .text.wtk_check_box_create
                0x00000000        0x0 util/gfx/wtk_check_box.o
 .text.wtk_check_box_set
                0x00000000        0x0 util/gfx/wtk_check_box.o
 .text.wtk_check_box_toggle
                0x00000000        0x0 util/gfx/wtk_check_box.o
 .text.wtk_check_box_handler
                0x00000000        0x0 util/gfx/wtk_check_box.o
[...]
Memory Configuration

Name             Origin             Length             Attributes
*default*        0x00000000         0xffffffff

Linker script and memory map

                0x00000000                . = 0x0

.text           0x00000000     0x61a6
                0x00000000                _text = .
 *(.vectors)
 .vectors       0x00000000      0x1f4 arch/avr8/entry.o
                0x00000000                _start
 *(.avr.text.avr_runtime_init)
 .avr.text.avr_runtime_init
                0x000001f4       0x4c arch/avr8/entry.o
 *(.text.intc_priv_unhandled_irq)
 .text.intc_priv_unhandled_irq
                0x00000240        0x2 arch/avr8/entry.o
                0x00000240                intc_priv_entry_irq81
                0x00000240                intc_priv_entry_irq28
                0x00000240                intc_priv_entry_irq114
                0x00000240                intc_priv_entry_irq38
                0x00000240                intc_priv_entry_irq50
                0x00000240                intc_priv_entry_irq16
                0x00000240                intc_priv_entry_irq22
                0x00000240                intc_priv_entry_irq13
                0x00000240                intc_priv_entry_irq120
                0x00000240                intc_priv_entry_irq34
                0x00000240                intc_priv_entry_irq33
                0x00000240                intc_priv_entry_irq19
                0x00000240                intc_priv_entry_irq122
                0x00000240                intc_priv_entry_irq112
                0x00000240                intc_priv_entry_irq61
                0x00000240                intc_priv_entry_irq44
                0x00000240                intc_priv_entry_irq125
                0x00000240                intc_priv_entry_irq74
                0x00000240                intc_priv_entry_irq39
                0x00000240                intc_priv_entry_irq62
                0x00000240                intc_priv_entry_irq12
                0x00000240                intc_priv_entry_irq31
                0x00000240                intc_priv_entry_irq76
                0x00000240                intc_priv_entry_irq25
                0x00000240                intc_priv_entry_irq89
                0x00000240                intc_priv_entry_irq4
                0x00000240                intc_priv_entry_irq7
                0x00000240                intc_priv_entry_irq29
                0x00000240                intc_priv_entry_irq86
                0x00000240                intc_priv_entry_irq101
                0x00000240                intc_priv_entry_irq49
                0x00000240                intc_priv_entry_irq72
                0x00000240                intc_priv_entry_irq100
                0x00000240                intc_priv_entry_irq77
                0x00000240                intc_priv_entry_irq21
                0x00000240                intc_priv_entry_irq106
                0x00000240                intc_priv_entry_irq60
                0x00000240                intc_priv_entry_irq57
                0x00000240                intc_priv_entry_irq92
                0x00000240                intc_priv_entry_irq80
                0x00000240                intc_priv_entry_irq26
                0x00000240                intc_priv_entry_irq94
                0x00000240                intc_priv_entry_irq54
                0x00000240                intc_priv_entry_irq59
                0x00000240                intc_priv_entry_irq20
                0x00000240                intc_priv_entry_irq115
                0x00000240                intc_priv_entry_irq71
                0x00000240                intc_priv_entry_irq65
                0x00000240                intc_priv_entry_irq117
                0x00000240                intc_priv_entry_irq37
                0x00000240                intc_priv_entry_irq17
                0x00000240                intc_priv_entry_irq123
                0x00000240                intc_priv_entry_irq90
                0x00000240                intc_priv_entry_irq27
                0x00000240                intc_priv_entry_irq41
                0x00000240                intc_priv_entry_irq11
                0x00000240                intc_priv_entry_irq24
                0x00000240                intc_priv_entry_irq95
                0x00000240                intc_priv_entry_irq111
                0x00000240                intc_priv_entry_irq43
                0x00000240                intc_priv_entry_irq93
                0x00000240                intc_priv_entry_irq58
                0x00000240                intc_priv_entry_irq113
                0x00000240                intc_priv_entry_irq118
                0x00000240                intc_priv_entry_irq79
                0x00000240                intc_priv_entry_irq3
                0x00000240                intc_priv_entry_irq36
                0x00000240                intc_priv_entry_irq6
                0x00000240                intc_priv_entry_irq55
                0x00000240                intc_priv_entry_irq84
                0x00000240                intc_priv_entry_irq47
                0x00000240                intc_priv_entry_irq70
                0x00000240                intc_priv_entry_irq30
                0x00000240                intc_priv_entry_irq108
                0x00000240                intc_priv_entry_irq63
                0x00000240                intc_priv_entry_irq96
                0x00000240                intc_priv_entry_irq102
                0x00000240                intc_priv_entry_irq18
                0x00000240                intc_priv_unhandled_irq
                0x00000240                intc_priv_entry_irq42
                0x00000240                intc_priv_entry_irq104
                0x00000240                intc_priv_entry_irq2
                0x00000240                intc_priv_entry_irq75
                0x00000240                intc_priv_entry_irq97
                0x00000240                intc_priv_entry_irq88
                0x00000240                intc_priv_entry_irq121
                0x00000240                intc_priv_entry_irq10
                0x00000240                intc_priv_entry_irq116
                0x00000240                intc_priv_entry_irq35
                0x00000240                intc_priv_entry_irq85
                0x00000240                intc_priv_entry_irq48
                0x00000240                intc_priv_entry_irq23
                0x00000240                intc_priv_entry_irq40
                0x00000240                intc_priv_entry_irq87
                0x00000240                intc_priv_entry_irq14
                0x00000240                intc_priv_entry_irq99
                0x00000240                intc_priv_entry_irq78
                0x00000240                intc_priv_entry_irq110
                0x00000240                intc_priv_entry_irq124
                0x00000240                intc_priv_entry_irq46
                0x00000240                intc_priv_entry_irq83
                0x00000240                intc_priv_entry_irq56
                0x00000240                intc_priv_entry_irq91
                0x00000240                intc_priv_entry_irq32
                0x00000240                intc_priv_entry_irq98
                0x00000240                intc_priv_entry_irq69
                0x00000240                intc_priv_entry_irq5
                0x00000240                intc_priv_entry_irq109
                0x00000240                intc_priv_entry_irq119
                0x00000240                intc_priv_entry_irq8
                0x00000240                intc_priv_entry_irq51
                0x00000240                intc_priv_entry_irq52
                0x00000240                intc_priv_entry_irq53
                0x00000240                intc_priv_entry_irq66
                0x00000240                intc_priv_entry_irq105
                0x00000240                intc_priv_entry_irq68
                0x00000240                intc_priv_entry_irq15
                0x00000240                intc_priv_entry_irq45
                0x00000240                intc_priv_entry_irq107
                0x00000240                intc_priv_entry_irq82
                0x00000240                intc_priv_entry_irq9
                0x00000240                intc_priv_entry_irq64
                0x00000240                intc_priv_entry_irq103
 *(.text)
 *(.text.*)
 .text.main     0x00000242      0x14a apps/display-training/main.o
                0x00000242                main
 .text.touch_calibrate_event_handler
                0x0000038c       0x18 apps/display-training/app_calibrate.o
 .text.app_touch_calibrate_setup
                0x000003a4      0x14e apps/display-training/app_calibrate.o
                0x000003a4                app_touch_calibrate_setup
 .text.touch_calibrate_task_handler
                0x000004f2      0x1ce apps/display-training/app_calibrate.o
 .text.app_widget_launch
                0x000006c0      0x3a2 apps/display-training/app_widget.o
                0x000006c0                app_widget_launch
 .text.sub_frame_draw_handler_test
                0x00000a62       0xb4 apps/display-training/app_widget.o
 .text.sub_frame_draw_handler
                0x00000b16       0x9e apps/display-training/app_widget.o
 .text.widget_frame_command_handler
                0x00000bb4       0x82 apps/display-training/app_widget.o
 .text.win_get_root
                0x00000c36        0x6 util/gfx/win.o
                0x00000c36                win_get_root
 .text.win_get_attributes
                0x00000c3c        0x2 util/gfx/win.o
                0x00000c3c                win_get_attributes
 .text.win_get_area
                0x00000c3e        0x2 util/gfx/win.o
                0x00000c3e                win_get_area
 .text.win_get_custom_data
                0x00000c40        0x8 util/gfx/win.o
                0x00000c40                win_get_custom_data
 .text.win_grab_pointer
                0x00000c48        0xa util/gfx/win.o
                0x00000c48                win_grab_pointer
 .text.win_is_inside_clip
                0x00000c52       0x4c util/gfx/win.o
                0x00000c52                win_is_inside_clip
 .text.win_is_inside_area
                0x00000c9e       0x54 util/gfx/win.o
                0x00000c9e                win_is_inside_area
 .text.win_compute_union
                0x00000cf2       0xbe util/gfx/win.o
                0x00000cf2                win_compute_union
 .text.win_compute_intersection
                0x00000db0       0xcc util/gfx/win.o
                0x00000db0                win_compute_intersection
 .text.win_compute_clipping
                0x00000e7c      0x13c util/gfx/win.o
                0x00000e7c                win_compute_clipping
 .text.win_is_inside_window
                0x00000fb8       0x40 util/gfx/win.o
                0x00000fb8                win_is_inside_window
 .text.win_translate_win_to_root
                0x00000ff8       0x4c util/gfx/win.o
                0x00000ff8                win_translate_win_to_root
 .text.win_unlink
                0x00001044       0x52 util/gfx/win.o
 .text.win_add_top_child
                0x00001096       0x58 util/gfx/win.o
 .text.win_handle_event
                0x000010ee       0x16 util/gfx/win.o
 .text.win_queue_event
                0x00001104       0xb4 util/gfx/win.o
 .text.win_queue_command_event
                0x000011b8       0x34 util/gfx/win.o
                0x000011b8                win_queue_command_event
 .text.win_queue_pointer_event
                0x000011ec       0x32 util/gfx/win.o
                0x000011ec                win_queue_pointer_event
 .text.win_queue_touch_event
                0x0000121e       0x52 util/gfx/win.o
 .text.win_draw_contents
                0x00001270       0xa4 util/gfx/win.o
 .text.win_draw_child
                0x00001314      0x12a util/gfx/win.o
 .text.win_draw
                0x0000143e       0xc4 util/gfx/win.o
 .text.win_draw_parent
                0x00001502       0xd8 util/gfx/win.o
 .text.win_raise
                0x000015da       0x5e util/gfx/win.o
                0x000015da                win_raise
 .text.win_handle_pointer_event
                0x00001638       0xe4 util/gfx/win.o
 .text.win_process_events
                0x0000171c      0x13a util/gfx/win.o
                0x0000171c                win_process_events
 .text.win_event_worker
                0x00001856        0x4 util/gfx/win.o
 .text.win_redraw
                0x0000185a       0x1a util/gfx/win.o
                0x0000185a                win_redraw
 .text.win_show
                0x00001874       0x12 util/gfx/win.o
                0x00001874                win_show
 .text.win_set_area
                0x00001886       0xf0 util/gfx/win.o
                0x00001886                win_set_area
 .text.win_set_attributes
                0x00001976       0xd2 util/gfx/win.o
                0x00001976                win_set_attributes
 .text.win_hide
                0x00001a48       0x7c util/gfx/win.o
                0x00001a48                win_hide
 .text.win_destroy_children
                0x00001ac4       0x54 util/gfx/win.o
 .text.win_destroy
                0x00001b18       0x2e util/gfx/win.o
                0x00001b18                win_destroy
 .text.win_create
                0x00001b46       0x50 util/gfx/win.o
                0x00001b46                win_create
 .text.win_init
                0x00001b96       0x74 util/gfx/win.o
                0x00001b96                win_init
 .text.wtk_rescale_value
                0x00001c0a       0x10 util/gfx/wtk.o
                0x00001c0a                wtk_rescale_value
 .text.wtk_copy_string
                0x00001c1a       0x14 util/gfx/wtk.o
                0x00001c1a                wtk_copy_string
 .text.wtk_basic_frame_as_child
                0x00001c2e        0x8 util/gfx/wtk_basic_frame.o
                0x00001c2e                wtk_basic_frame_as_child
 .text.wtk_basic_frame_create
                0x00001c36       0xde util/gfx/wtk_basic_frame.o
                0x00001c36                wtk_basic_frame_create
 .text.wtk_basic_frame_handler
                0x00001d14       0x9c util/gfx/wtk_basic_frame.o
 .text.wtk_button_as_child
                0x00001db0        0x8 util/gfx/wtk_button.o
                0x00001db0                wtk_button_as_child
 .text.wtk_button_create
                0x00001db8       0xd4 util/gfx/wtk_button.o
                0x00001db8                wtk_button_create
 .text.wtk_button_handler
                0x00001e8c      0x20a util/gfx/wtk_button.o
 .text.wtk_label_as_child
                0x00002096        0x8 util/gfx/wtk_label.o
                0x00002096                wtk_label_as_child
 .text.wtk_label_create
                0x0000209e       0xce util/gfx/wtk_label.o
                0x0000209e                wtk_label_create
 .text.wtk_label_handler
                0x0000216c       0xd6 util/gfx/wtk_label.o
 .text.wtk_label_size_hint
                0x00002242       0x12 util/gfx/wtk_label.o
                0x00002242                wtk_label_size_hint
 .text.wtk_slider_as_child
                0x00002254        0x8 util/gfx/wtk_slider.o
                0x00002254                wtk_slider_as_child
 .text.wtk_slider_get_value
                0x0000225c       0x14 util/gfx/wtk_slider.o
                0x0000225c                wtk_slider_get_value
 .text.wtk_slider_create
                0x00002270      0x102 util/gfx/wtk_slider.o
                0x00002270                wtk_slider_create
 .text.wtk_slider_handler
                0x00002372      0x2b0 util/gfx/wtk_slider.o
 .text.wtk_trigtable_sin
                0x00002622        0xe util/gfx/wtk_gauge.o
                0x00002622                wtk_trigtable_sin
 .text.wtk_gauge_as_child
                0x00002630        0x8 util/gfx/wtk_gauge.o
                0x00002630                wtk_gauge_as_child
 .text.wtk_gauge_get_value
                0x00002638        0x6 util/gfx/wtk_gauge.o
                0x00002638                wtk_gauge_get_value
 .text.wtk_gauge_create
                0x0000263e      0x13c util/gfx/wtk_gauge.o
                0x0000263e                wtk_gauge_create
 .text.wtk_gauge_draw
                0x0000277a      0x364 util/gfx/wtk_gauge.o
 .text.wtk_gauge_handler
                0x00002ade       0xf2 util/gfx/wtk_gauge.o
 .text.wtk_gauge_set_value
                0x00002bd0       0x56 util/gfx/wtk_gauge.o
                0x00002bd0                wtk_gauge_set_value
 .text.generic_memcpy
                0x00002c26       0x32 util/string/generic_memcpy.o
                0x00002c26                generic_memcpy
 .text.generic_memset
                0x00002c58       0x1c util/string/generic_memset.o
                0x00002c58                generic_memset
 .text.generic_strlen
                0x00002c74       0x16 util/string/generic_strlen.o
                0x00002c74                generic_strlen
 .text.stream_priv_write
                0x00002c8a       0xec util/stream/stream_core.o
 .text.stream_priv_putchar
                0x00002d76       0x40 util/stream/stream_core.o
 .text.stream_priv_print_unsigned
                0x00002db6      0x212 util/stream/stream_core.o
 .text.stream_vprintf
                0x00002fc8      0x43e util/stream/stream_core.o
                0x00002fc8                stream_vprintf
 .text.snprintf_stream_commit
                0x00003406       0x7c util/stream/stream_string.o
 .text.string_stream_make_room
                0x00003482       0x12 util/stream/stream_string.o
 .text.snprintf
                0x00003494       0xce util/stream/stream_string.o
                0x00003494                snprintf
 .text.membag_free
                0x00003562       0x44 util/membag.o
                0x00003562                membag_free
 .text.membag_alloc
                0x000035a6       0x60 util/membag.o
                0x000035a6                membag_alloc
 .text.membag_init
                0x00003606       0xc8 util/membag.o
                0x00003606                membag_init
 .text.mem_pool_init
                0x000036ce       0x8c util/mempool.o
                0x000036ce                mem_pool_init
 .text.mem_pool_alloc
                0x0000375a       0x1e util/mempool.o
                0x0000375a                mem_pool_alloc
 .text.mem_pool_free
                0x00003778       0x20 util/mempool.o
                0x00003778                mem_pool_free
 .text.physmem_alloc
                0x00003798       0x6a util/physmem.o
                0x00003798                physmem_alloc
 .text.softirq_set_handler
                0x00003802       0x1a util/softirq_common.o
                0x00003802                softirq_set_handler
 .text.workqueue_add_task
                0x0000381c       0x40 util/workqueue.o
                0x0000381c                workqueue_add_task
 .text.sysclk_enable_module
                0x0000385c       0x18 drivers/clk/xmega_pr.o
                0x0000385c                sysclk_enable_module
 .text.gfx_select_register
                0x00003874       0x3e drivers/gfx/hx8347a/gfx_hx8347a.o
 .text.gfx_write_register
                0x000038b2       0x44 drivers/gfx/hx8347a/gfx_hx8347a.o
 .text.gfx_read_register
                0x000038f6       0x54 drivers/gfx/hx8347a/gfx_hx8347a.o
 .text.gfx_write_gram
                0x0000394a       0x60 drivers/gfx/hx8347a/gfx_hx8347a.o
 .text.gfx_duplicate_pixel
                0x000039aa       0xfc drivers/gfx/hx8347a/gfx_hx8347a.o
                0x000039aa                gfx_duplicate_pixel
 .text.gfx_copy_pixels_to_screen
                0x00003aa6       0xc2 drivers/gfx/hx8347a/gfx_hx8347a.o
                0x00003aa6                gfx_copy_pixels_to_screen
 .text.gfx_copy_progmem_pixels_to_screen
                0x00003b68       0x8e drivers/gfx/hx8347a/gfx_hx8347a.o
                0x00003b68                gfx_copy_progmem_pixels_to_screen
 .text.gfx_copy_hugemem_pixels_to_screen
                0x00003bf6       0xae drivers/gfx/hx8347a/gfx_hx8347a.o
                0x00003bf6                gfx_copy_hugemem_pixels_to_screen
 .text.gfx_set_clipping
                0x00003ca4       0x60 drivers/gfx/hx8347a/gfx_hx8347a.o
                0x00003ca4                gfx_set_clipping
 .text.gfx_set_orientation
                0x00003d04       0x86 drivers/gfx/hx8347a/gfx_hx8347a.o
                0x00003d04                gfx_set_orientation
 .text.gfx_get_width
                0x00003d8a        0xa drivers/gfx/hx8347a/gfx_hx8347a.o
                0x00003d8a                gfx_get_width
 .text.gfx_get_height
                0x00003d94        0xa drivers/gfx/hx8347a/gfx_hx8347a.o
                0x00003d94                gfx_get_height
 .text.gfx_set_top_left_limit
                0x00003d9e       0x3a drivers/gfx/hx8347a/gfx_hx8347a.o
                0x00003d9e                gfx_set_top_left_limit
 .text.gfx_draw_line_pixel
                0x00003dd8       0x4e drivers/gfx/hx8347a/gfx_hx8347a.o
                0x00003dd8                gfx_draw_line_pixel
 .text.gfx_set_bottom_right_limit
                0x00003e26       0x3a drivers/gfx/hx8347a/gfx_hx8347a.o
                0x00003e26                gfx_set_bottom_right_limit
 .text.gfx_set_limits
                0x00003e60       0x1e drivers/gfx/hx8347a/gfx_hx8347a.o
                0x00003e60                gfx_set_limits
 .text.gfx_draw_pixel
                0x00003e7e       0x52 drivers/gfx/hx8347a/gfx_hx8347a.o
                0x00003e7e                gfx_draw_pixel
 .text.gfx_init
                0x00003ed0      0x25c drivers/gfx/hx8347a/gfx_hx8347a.o
                0x00003ed0                gfx_init
 .text.gfx_generic_draw_circle
                0x0000412c      0x202 drivers/gfx/gfx_generic.o
                0x0000412c                gfx_generic_draw_circle
 .text.gfx_generic_draw_filled_rect
                0x0000432e      0x134 drivers/gfx/gfx_generic.o
                0x0000432e                gfx_generic_draw_filled_rect
 .text.gfx_generic_draw_vertical_line
                0x00004462       0x16 drivers/gfx/gfx_generic.o
                0x00004462                gfx_generic_draw_vertical_line
 .text.gfx_generic_draw_filled_circle
                0x00004478      0x1dc drivers/gfx/gfx_generic.o
                0x00004478                gfx_generic_draw_filled_circle
 .text.gfx_generic_draw_horizontal_line
                0x00004654       0x12 drivers/gfx/gfx_generic.o
                0x00004654                gfx_generic_draw_horizontal_line
 .text.gfx_generic_draw_rect
                0x00004666       0x66 drivers/gfx/gfx_generic.o
                0x00004666                gfx_generic_draw_rect
 .text.gfx_generic_draw_line
                0x000046cc      0x118 drivers/gfx/gfx_generic.o
                0x000046cc                gfx_generic_draw_line
 .text.gfx_get_string_bounding_box
                0x000047e4       0x88 drivers/gfx/gfx_text.o
                0x000047e4                gfx_get_string_bounding_box
 .text.gfx_draw_char
                0x0000486c      0x28e drivers/gfx/gfx_text.o
                0x0000486c                gfx_draw_char
 .text.gfx_draw_progmem_string
                0x00004afa       0xd2 drivers/gfx/gfx_text.o
                0x00004afa                gfx_draw_progmem_string
 .text.gfx_draw_string
                0x00004bcc       0xca drivers/gfx/gfx_text.o
                0x00004bcc                gfx_draw_string
 .text.gfx_put_bitmap
                0x00004c96      0x3e6 drivers/gfx/gfx_bitmap.o
                0x00004c96                gfx_put_bitmap
 .text.gfx_draw_bitmap_tiled
                0x0000507c      0x118 drivers/gfx/gfx_bitmap.o
                0x0000507c                gfx_draw_bitmap_tiled
 .text.port_select_gpio
                0x00005194       0x56 drivers/gpio/port.o
                0x00005194                port_select_gpio
 .text.intc_priv_entry_irq67
                0x000051ea       0x7e drivers/touch/resistive/touch.o
                0x000051ea                intc_priv_entry_irq67
 .text.intc_priv_entry_irq73
                0x00005268      0x146 drivers/touch/resistive/touch.o
                0x00005268                intc_priv_entry_irq73
 .text.touch_enable
                0x000053ae       0x40 drivers/touch/resistive/touch.o
                0x000053ae                touch_enable
 .text.touch_disable
                0x000053ee       0x16 drivers/touch/resistive/touch.o
                0x000053ee                touch_disable
 .text.touch_set_event_handler
                0x00005404       0x10 drivers/touch/resistive/touch.o
                0x00005404                touch_set_event_handler
 .text.touch_get_event_handler
                0x00005414        0xa drivers/touch/resistive/touch.o
                0x00005414                touch_get_event_handler
 .text.touch_set_calibration_matrix
                0x0000541e       0x12 drivers/touch/resistive/touch.o
                0x0000541e                touch_set_calibration_matrix
 .text.touch_compute_calibration_matrix
                0x00005430      0x4e4 drivers/touch/resistive/touch.o
                0x00005430                touch_compute_calibration_matrix
 .text.touch_priv_process_samples
                0x00005914      0x29e drivers/touch/resistive/touch.o
 .text.touch_init
                0x00005bb2       0x56 drivers/touch/resistive/touch.o
                0x00005bb2                touch_init
 .text.udelay   0x00005c08       0x18 arch/avr8/delay.o
                0x00005c08                udelay
 .text.hugemem_read_block
                0x00005c20       0x1a arch/avr8/arch_hugemem.o
                0x00005c20                hugemem_read_block
 .text.mmio_ccp_write8
                0x00005c3a        0xc cpu/xmega/ccp.o
                0x00005c3a                mmio_ccp_write8
 .text.sysclk_init
                0x00005c46       0x56 chip/atxmega128a1/sysclk.o
                0x00005c46                sysclk_init
 .text.board_init
                0x00005c9c       0xae board/xplain/init.o
                0x00005c9c                board_init
 .text.libgcc   0x00005d4a       0x3e c:/winavr-20100110/bin/../lib/gcc/avr/4.3.3/avrxmega7/libgcc.a(_mulsi3.o)
                0x00005d4a                __mulsi3
 .text.libgcc   0x00005d88       0x28 c:/winavr-20100110/bin/../lib/gcc/avr/4.3.3/avrxmega7/libgcc.a(_udivmodhi4.o)
                0x00005d88                __udivmodhi4
 .text.libgcc   0x00005db0       0x26 c:/winavr-20100110/bin/../lib/gcc/avr/4.3.3/avrxmega7/libgcc.a(_divmodhi4.o)
                0x00005db0                __divmodhi4
                0x00005db0                _div
 .text.libgcc   0x00005dd6       0x44 c:/winavr-20100110/bin/../lib/gcc/avr/4.3.3/avrxmega7/libgcc.a(_udivmodsi4.o)
                0x00005dd6                __udivmodsi4
 .text.libgcc   0x00005e1a       0x36 c:/winavr-20100110/bin/../lib/gcc/avr/4.3.3/avrxmega7/libgcc.a(_divmodsi4.o)
                0x00005e1a                __divmodsi4
 *(.progmem.gcc_sw_table)
 *(.progmem.data)
 .progmem.data  0x00005e50       0x35 apps/display-training/app_calibrate.o
 .progmem.data  0x00005e85      0x2a0 util/gfx/sysfont.o
 .progmem.data  0x00006125       0x80 util/gfx/wtk_gauge.o
                0x00006125                trigtable
                0x000061a6                . = ALIGN (0x2)
 *fill*         0x000061a5        0x1 00
                0x000061a6                _etext = .

.trampolines    0x000061a6        0x0
 .trampolines   0x000061a6        0x0 linker stubs
                0x00802000                . = 0x802000

.data           0x00802000       0x62 load address 0x000061a6
                0x00802000                _data = .
 *(.rodata)
 *(.rodata.*)
 .rodata.demo_string
                0x00802000        0x2 apps/display-training/app_widget.o
 .rodata.snprintf_stream_ops
                0x00802002        0x4 util/stream/stream_string.o
 *(.data)
 .data          0x00802006       0x17 apps/display-training/app_widget.o
 .data          0x0080201d        0x3 util/stream/stream_core.o
 *(.data.*)
 .data.sysfont  0x00802020        0xa util/gfx/sysfont.o
                0x00802020                sysfont
 .data.membags  0x0080202a       0x30 util/membag.o
 .data.cpu_sram_pool
                0x0080205a        0x8 cpu/xmega/physmem_pools.o
                0x0080205a                cpu_sram_pool
                0x00802062                . = ALIGN (0x2)
                0x00802062                _edata = .

.bss            0x00802062      0x1a2 load address 0x00006208
 *(.bss)
 *(.bss.*)
 .bss.launch_application
                0x00802062        0x4 apps/display-training/main.o
 .bss.calibrate_context
                0x00802066        0x2 apps/display-training/app_calibrate.o
 .bss.sysfont2x
                0x00802068        0xa apps/display-training/app_calibrate.o
 .bss.frame     0x00802072        0x2 apps/display-training/app_widget.o
 .bss.slider    0x00802074        0x2 apps/display-training/app_widget.o
 .bss.slidertwo
                0x00802076        0x2 apps/display-training/app_widget.o
 .bss.frame_background
                0x00802078        0x9 apps/display-training/app_widget.o
 .bss.counter   0x00802081        0x1 apps/display-training/app_widget.o
 .bss.sub_frame
                0x00802082        0x2 apps/display-training/app_widget.o
 .bss.sub_frame_test
                0x00802084        0x2 apps/display-training/app_widget.o
 .bss.sub_frame_test2
                0x00802086        0x2 apps/display-training/app_widget.o
 .bss.sub_frame_background
                0x00802088        0x9 apps/display-training/app_widget.o
 .bss.gauge_background
                0x00802091        0x9 apps/display-training/app_widget.o
 .bss.gauge     0x0080209a        0x2 apps/display-training/app_widget.o
 .bss.gaugetwo  0x0080209c        0x2 apps/display-training/app_widget.o
 .bss.sysfont1x
                0x0080209e        0xa apps/display-training/app_widget.o
 .bss.win_root_background
                0x008020a8        0x9 util/gfx/win.o
 .bss.win_root  0x008020b1       0x18 util/gfx/win.o
 .bss.win_event_queue
                0x008020c9       0xe8 util/gfx/win.o
 .bss.win_num_dropped_events
                0x008021b1        0x4 util/gfx/win.o
 .bss.win_pointer_grabber
                0x008021b5        0x2 util/gfx/win.o
 .bss.win_keyboard_focus
                0x008021b7        0x2 util/gfx/win.o
 .bss.win_last_pointer_pos
                0x008021b9        0x4 util/gfx/win.o
 .bss.glyph_byte.1790
                0x008021bd        0x1 drivers/gfx/gfx_text.o
 .bss.sample_count.2286
                0x008021be        0x1 drivers/touch/resistive/touch.o
 .bss.touch_state
                0x008021bf        0x1 drivers/touch/resistive/touch.o
 .bss.touch_last_event
                0x008021c0        0x9 drivers/touch/resistive/touch.o
 .bss.touch_raw_x
                0x008021c9        0x2 drivers/touch/resistive/touch.o
 .bss.touch_raw_y
                0x008021cb        0x2 drivers/touch/resistive/touch.o
 .bss.touch_matrix
                0x008021cd       0x1c drivers/touch/resistive/touch.o
 *(COMMON)
 COMMON         0x008021e9        0x5 util/softirq_common.o
                0x008021e9                softirq_priv_status
                0x008021ea                softirq_priv_table
 COMMON         0x008021ee        0x4 util/workqueue.o
                0x008021ee                main_workqueue
 COMMON         0x008021f2        0xc drivers/gfx/hx8347a/gfx_hx8347a.o
                0x008021f2                gfx_width
                0x008021f4                gfx_max_x
                0x008021f6                gfx_min_x
                0x008021f8                gfx_max_y
                0x008021fa                gfx_min_y
                0x008021fc                gfx_height
 COMMON         0x008021fe        0x6 drivers/touch/resistive/touch.o
                0x008021fe                intc_priv_data_irq67
                0x00802200                intc_priv_data_irq73
                0x00802202                touch_event_handler
                0x00802204                . = ALIGN (0x2)
                0x00802204                _end = .

.heap           0x00802204        0x0
                0x00802204                heap_area = .
                0x00803e80                . = 0x803e80

.stack          0x00803e80      0x180
                0x00803e80                stack_area = .
                0x00804000                . = ((. + 0x100) + 0x80)
 *fill*         0x00803e80      0x180 00
                0x00804000                . = ALIGN (0x2)
                0x00804000                _estack = .
LOAD apps/display-training/main.o
LOAD apps/display-training/app_calibrate.o
LOAD apps/display-training/app_widget.o
LOAD util/gfx/sysfont.o
LOAD util/gfx/win.o
LOAD util/gfx/wtk.o
LOAD util/gfx/wtk_basic_frame.o
LOAD util/gfx/wtk_button.o
LOAD util/gfx/wtk_check_box.o
LOAD util/gfx/wtk_frame.o
LOAD util/gfx/wtk_label.o
LOAD util/gfx/wtk_progress_bar.o
LOAD util/gfx/wtk_radio_button.o
LOAD util/gfx/wtk_slider.o
LOAD util/gfx/wtk_gauge.o
LOAD util/string/generic_memcpy.o
LOAD util/string/generic_memset.o
LOAD util/string/generic_strlen.o
LOAD util/string/generic_strcmp.o
LOAD util/stream/stream_core.o
LOAD util/stream/stream_string.o
LOAD util/fs/tsfs.o
LOAD util/buffer.o
LOAD util/hugemem.o
LOAD util/malloc_simple.o
LOAD util/membag.o
LOAD util/mempool.o
LOAD util/physmem.o
LOAD util/softirq_common.o
LOAD util/workqueue.o
LOAD drivers/block/block_core.o
LOAD drivers/block/dataflash.o
LOAD drivers/clk/xmega_pr.o
LOAD drivers/flash/at45_device.o
LOAD drivers/gfx/hx8347a/gfx_hx8347a.o
LOAD drivers/gfx/gfx_generic.o
LOAD drivers/gfx/gfx_text.o
LOAD drivers/gfx/gfx_bitmap.o
LOAD drivers/gpio/port.o
LOAD drivers/serial/spi/spi_polled.o
LOAD drivers/serial/spi/spi_polled_buf_list.o
LOAD drivers/serial/spi/spi_mega_xmega.o
LOAD drivers/touch/resistive/touch.o
LOAD arch/avr8/delay.o
LOAD arch/avr8/arch_hugemem.o
LOAD cpu/xmega/ccp.o
LOAD cpu/xmega/physmem_pools.o
LOAD chip/atxmega128a1/sysclk.o
LOAD board/xplain/init.o
LOAD board/xplain/board_physmem_pools.o
LOAD arch/avr8/entry.o
LOAD c:/winavr-20100110/bin/../lib/gcc/avr/4.3.3/avrxmega7/libgcc.a
OUTPUT(display-training.elf elf32-avr)
LOAD linker stubs

.debug_abbrev   0x00000000     0x57a7
 .debug_abbrev  0x00000000      0x2b8 apps/display-training/main.o
 .debug_abbrev  0x000002b8      0x1da apps/display-training/app_calibrate.o
 .debug_abbrev  0x00000492      0x239 apps/display-training/app_widget.o
 .debug_abbrev  0x000006cb       0xd2 util/gfx/sysfont.o
 .debug_abbrev  0x0000079d      0x39e util/gfx/win.o
 .debug_abbrev  0x00000b3b       0xe6 util/gfx/wtk.o
 .debug_abbrev  0x00000c21      0x19b util/gfx/wtk_basic_frame.o
 .debug_abbrev  0x00000dbc      0x275 util/gfx/wtk_button.o
 .debug_abbrev  0x00001031      0x2ac util/gfx/wtk_check_box.o
 .debug_abbrev  0x000012dd      0x364 util/gfx/wtk_frame.o
 .debug_abbrev  0x00001641      0x233 util/gfx/wtk_label.o
 .debug_abbrev  0x00001874      0x219 util/gfx/wtk_progress_bar.o
 .debug_abbrev  0x00001a8d      0x2ae util/gfx/wtk_radio_button.o
 .debug_abbrev  0x00001d3b      0x1e9 util/gfx/wtk_slider.o
 .debug_abbrev  0x00001f24      0x2f6 util/gfx/wtk_gauge.o
 .debug_abbrev  0x0000221a       0x99 util/string/generic_memcpy.o
 .debug_abbrev  0x000022b3       0x8f util/string/generic_memset.o
 .debug_abbrev  0x00002342       0x80 util/string/generic_strlen.o
 .debug_abbrev  0x000023c2       0xb5 util/string/generic_strcmp.o
 .debug_abbrev  0x00002477      0x33b util/stream/stream_core.o
 .debug_abbrev  0x000027b2      0x220 util/stream/stream_string.o
 .debug_abbrev  0x000029d2      0x361 util/fs/tsfs.o
 .debug_abbrev  0x00002d33      0x147 util/buffer.o
 .debug_abbrev  0x00002e7a       0xc0 util/hugemem.o
 .debug_abbrev  0x00002f3a      0x121 util/malloc_simple.o
 .debug_abbrev  0x0000305b      0x280 util/membag.o
 .debug_abbrev  0x000032db      0x212 util/mempool.o
 .debug_abbrev  0x000034ed      0x13d util/physmem.o
 .debug_abbrev  0x0000362a       0xff util/softirq_common.o
 .debug_abbrev  0x00003729      0x1d7 util/workqueue.o
 .debug_abbrev  0x00003900      0x106 drivers/block/block_core.o
 .debug_abbrev  0x00003a06      0x2e0 drivers/block/dataflash.o
 .debug_abbrev  0x00003ce6      0x13d drivers/clk/xmega_pr.o
 .debug_abbrev  0x00003e23      0x24e drivers/flash/at45_device.o
 .debug_abbrev  0x00004071      0x351 drivers/gfx/hx8347a/gfx_hx8347a.o
 .debug_abbrev  0x000043c2      0x139 drivers/gfx/gfx_generic.o
 .debug_abbrev  0x000044fb      0x24a drivers/gfx/gfx_text.o
 .debug_abbrev  0x00004745      0x136 drivers/gfx/gfx_bitmap.o
 .debug_abbrev  0x0000487b      0x15c drivers/gpio/port.o
 .debug_abbrev  0x000049d7      0x1e3 drivers/serial/spi/spi_polled.o
 .debug_abbrev  0x00004bba      0x1b0 drivers/serial/spi/spi_polled_buf_list.o
 .debug_abbrev  0x00004d6a      0x200 drivers/serial/spi/spi_mega_xmega.o
 .debug_abbrev  0x00004f6a      0x2d0 drivers/touch/resistive/touch.o
 .debug_abbrev  0x0000523a       0xd2 arch/avr8/delay.o
 .debug_abbrev  0x0000530c       0xd0 arch/avr8/arch_hugemem.o
 .debug_abbrev  0x000053dc       0xa3 cpu/xmega/physmem_pools.o
 .debug_abbrev  0x0000547f      0x163 chip/atxmega128a1/sysclk.o
 .debug_abbrev  0x000055e2      0x141 board/xplain/init.o
 .debug_abbrev  0x00005723       0x84 board/xplain/board_physmem_pools.o

.debug_info     0x00000000    0x1688b
 .debug_info    0x00000000      0xbb5 apps/display-training/main.o
 .debug_info    0x00000bb5      0x655 apps/display-training/app_calibrate.o
 .debug_info    0x0000120a      0x6b8 apps/display-training/app_widget.o
 .debug_info    0x000018c2      0x17b util/gfx/sysfont.o
 .debug_info    0x00001a3d     0x1981 util/gfx/win.o
 .debug_info    0x000033be      0x1bd util/gfx/wtk.o
 .debug_info    0x0000357b      0x52d util/gfx/wtk_basic_frame.o
 .debug_info    0x00003aa8      0x76c util/gfx/wtk_button.o
 .debug_info    0x00004214      0x7f6 util/gfx/wtk_check_box.o
 .debug_info    0x00004a0a      0xdc9 util/gfx/wtk_frame.o
 .debug_info    0x000057d3      0x69c util/gfx/wtk_label.o
 .debug_info    0x00005e6f      0x608 util/gfx/wtk_progress_bar.o
 .debug_info    0x00006477      0x868 util/gfx/wtk_radio_button.o
 .debug_info    0x00006cdf      0x72d util/gfx/wtk_slider.o
 .debug_info    0x0000740c      0x8dd util/gfx/wtk_gauge.o
 .debug_info    0x00007ce9       0xfc util/string/generic_memcpy.o
 .debug_info    0x00007de5       0xe1 util/string/generic_memset.o
 .debug_info    0x00007ec6       0xc8 util/string/generic_strlen.o
 .debug_info    0x00007f8e      0x145 util/string/generic_strcmp.o
 .debug_info    0x000080d3      0xb41 util/stream/stream_core.o
 .debug_info    0x00008c14      0x684 util/stream/stream_string.o
 .debug_info    0x00009298     0x12fe util/fs/tsfs.o
 .debug_info    0x0000a596      0x293 util/buffer.o
 .debug_info    0x0000a829      0x178 util/hugemem.o
 .debug_info    0x0000a9a1      0x21b util/malloc_simple.o
 .debug_info    0x0000abbc      0x4dd util/membag.o
 .debug_info    0x0000b099      0x5cf util/mempool.o
 .debug_info    0x0000b668      0x27b util/physmem.o
 .debug_info    0x0000b8e3      0x198 util/softirq_common.o
 .debug_info    0x0000ba7b      0x58b util/workqueue.o
 .debug_info    0x0000c006      0x3e7 drivers/block/block_core.o
 .debug_info    0x0000c3ed     0x2070 drivers/block/dataflash.o
 .debug_info    0x0000e45d      0x2b6 drivers/clk/xmega_pr.o
 .debug_info    0x0000e713      0xf03 drivers/flash/at45_device.o
 .debug_info    0x0000f616     0x1af9 drivers/gfx/hx8347a/gfx_hx8347a.o
 .debug_info    0x0001110f      0x639 drivers/gfx/gfx_generic.o
 .debug_info    0x00011748      0x897 drivers/gfx/gfx_text.o
 .debug_info    0x00011fdf      0x3ed drivers/gfx/gfx_bitmap.o
 .debug_info    0x000123cc      0x3c6 drivers/gpio/port.o
 .debug_info    0x00012792      0x7c3 drivers/serial/spi/spi_polled.o
 .debug_info    0x00012f55      0x684 drivers/serial/spi/spi_polled_buf_list.o
 .debug_info    0x000135d9     0x111e drivers/serial/spi/spi_mega_xmega.o
 .debug_info    0x000146f7     0x112d drivers/touch/resistive/touch.o
 .debug_info    0x00015824      0x157 arch/avr8/delay.o
 .debug_info    0x0001597b      0x268 arch/avr8/arch_hugemem.o
 .debug_info    0x00015be3      0x128 cpu/xmega/physmem_pools.o
 .debug_info    0x00015d0b      0x58c chip/atxmega128a1/sysclk.o
 .debug_info    0x00016297      0x4f1 board/xplain/init.o
 .debug_info    0x00016788      0x103 board/xplain/board_physmem_pools.o

.debug_line     0x00000000     0xb854
 .debug_line    0x00000000      0x3e9 apps/display-training/main.o
 .debug_line    0x000003e9      0x364 apps/display-training/app_calibrate.o
 .debug_line    0x0000074d      0x4d1 apps/display-training/app_widget.o
 .debug_line    0x00000c1e       0xbd util/gfx/sysfont.o
 .debug_line    0x00000cdb     0x111f util/gfx/win.o
 .debug_line    0x00001dfa      0x182 util/gfx/wtk.o
 .debug_line    0x00001f7c      0x264 util/gfx/wtk_basic_frame.o
 .debug_line    0x000021e0      0x365 util/gfx/wtk_button.o
 .debug_line    0x00002545      0x418 util/gfx/wtk_check_box.o
 .debug_line    0x0000295d      0x7d0 util/gfx/wtk_frame.o
 .debug_line    0x0000312d      0x2fb util/gfx/wtk_label.o
 .debug_line    0x00003428      0x328 util/gfx/wtk_progress_bar.o
 .debug_line    0x00003750      0x49f util/gfx/wtk_radio_button.o
 .debug_line    0x00003bef      0x473 util/gfx/wtk_slider.o
 .debug_line    0x00004062      0x494 util/gfx/wtk_gauge.o
 .debug_line    0x000044f6       0xdc util/string/generic_memcpy.o
 .debug_line    0x000045d2       0xdc util/string/generic_memset.o
 .debug_line    0x000046ae       0xdc util/string/generic_strlen.o
 .debug_line    0x0000478a      0x126 util/string/generic_strcmp.o
 .debug_line    0x000048b0      0x65d util/stream/stream_core.o
 .debug_line    0x00004f0d      0x2df util/stream/stream_string.o
 .debug_line    0x000051ec      0x757 util/fs/tsfs.o
 .debug_line    0x00005943      0x201 util/buffer.o
 .debug_line    0x00005b44      0x112 util/hugemem.o
 .debug_line    0x00005c56      0x1c6 util/malloc_simple.o
 .debug_line    0x00005e1c      0x30c util/membag.o
 .debug_line    0x00006128      0x31a util/mempool.o
 .debug_line    0x00006442      0x161 util/physmem.o
 .debug_line    0x000065a3      0x12c util/softirq_common.o
 .debug_line    0x000066cf      0x28b util/workqueue.o
 .debug_line    0x0000695a      0x153 drivers/block/block_core.o
 .debug_line    0x00006aad      0xc33 drivers/block/dataflash.o
 .debug_line    0x000076e0      0x1ae drivers/clk/xmega_pr.o
 .debug_line    0x0000788e      0x51d drivers/flash/at45_device.o
 .debug_line    0x00007dab      0xc76 drivers/gfx/hx8347a/gfx_hx8347a.o
 .debug_line    0x00008a21      0x6fb drivers/gfx/gfx_generic.o
 .debug_line    0x0000911c      0x4ba drivers/gfx/gfx_text.o
 .debug_line    0x000095d6      0x3b6 drivers/gfx/gfx_bitmap.o
 .debug_line    0x0000998c      0x19a drivers/gpio/port.o
 .debug_line    0x00009b26      0x333 drivers/serial/spi/spi_polled.o
 .debug_line    0x00009e59      0x3a2 drivers/serial/spi/spi_polled_buf_list.o
 .debug_line    0x0000a1fb      0x562 drivers/serial/spi/spi_mega_xmega.o
 .debug_line    0x0000a75d      0x7bd drivers/touch/resistive/touch.o
 .debug_line    0x0000af1a       0xf3 arch/avr8/delay.o
 .debug_line    0x0000b00d      0x1d0 arch/avr8/arch_hugemem.o
 .debug_line    0x0000b1dd       0xfe cpu/xmega/physmem_pools.o
 .debug_line    0x0000b2db      0x263 chip/atxmega128a1/sysclk.o
 .debug_line    0x0000b53e      0x227 board/xplain/init.o
 .debug_line    0x0000b765       0xef board/xplain/board_physmem_pools.o

.debug_frame    0x00000000     0x1410
 .debug_frame   0x00000000       0x20 apps/display-training/main.o
 .debug_frame   0x00000020       0x40 apps/display-training/app_calibrate.o
 .debug_frame   0x00000060       0x50 apps/display-training/app_widget.o
 .debug_frame   0x000000b0      0x2b0 util/gfx/win.o
 .debug_frame   0x00000360       0x40 util/gfx/wtk.o
 .debug_frame   0x000003a0       0x50 util/gfx/wtk_basic_frame.o
 .debug_frame   0x000003f0       0x50 util/gfx/wtk_button.o
 .debug_frame   0x00000440       0x80 util/gfx/wtk_check_box.o
 .debug_frame   0x000004c0       0xa0 util/gfx/wtk_frame.o
 .debug_frame   0x00000560       0x60 util/gfx/wtk_label.o
 .debug_frame   0x000005c0       0x70 util/gfx/wtk_progress_bar.o
 .debug_frame   0x00000630       0x80 util/gfx/wtk_radio_button.o
 .debug_frame   0x000006b0       0x70 util/gfx/wtk_slider.o
 .debug_frame   0x00000720       0xa0 util/gfx/wtk_gauge.o
 .debug_frame   0x000007c0       0x20 util/string/generic_memcpy.o
 .debug_frame   0x000007e0       0x20 util/string/generic_memset.o
 .debug_frame   0x00000800       0x20 util/string/generic_strlen.o
 .debug_frame   0x00000820       0x30 util/string/generic_strcmp.o
 .debug_frame   0x00000850       0x80 util/stream/stream_core.o
 .debug_frame   0x000008d0       0x60 util/stream/stream_string.o
 .debug_frame   0x00000930       0xe0 util/fs/tsfs.o
 .debug_frame   0x00000a10       0x50 util/buffer.o
 .debug_frame   0x00000a60       0x20 util/hugemem.o
 .debug_frame   0x00000a80       0x30 util/malloc_simple.o
 .debug_frame   0x00000ab0       0x70 util/membag.o
 .debug_frame   0x00000b20       0x50 util/mempool.o
 .debug_frame   0x00000b70       0x30 util/physmem.o
 .debug_frame   0x00000ba0       0x20 util/softirq_common.o
 .debug_frame   0x00000bc0       0x40 util/workqueue.o
 .debug_frame   0x00000c00       0x30 drivers/block/block_core.o
 .debug_frame   0x00000c30      0x140 drivers/block/dataflash.o
 .debug_frame   0x00000d70       0x30 drivers/clk/xmega_pr.o
 .debug_frame   0x00000da0       0xa0 drivers/flash/at45_device.o
 .debug_frame   0x00000e40      0x170 drivers/gfx/hx8347a/gfx_hx8347a.o
 .debug_frame   0x00000fb0       0xa0 drivers/gfx/gfx_generic.o
 .debug_frame   0x00001050       0x60 drivers/gfx/gfx_text.o
 .debug_frame   0x000010b0       0x40 drivers/gfx/gfx_bitmap.o
 .debug_frame   0x000010f0       0x40 drivers/gpio/port.o
 .debug_frame   0x00001130       0x60 drivers/serial/spi/spi_polled.o
 .debug_frame   0x00001190       0x50 drivers/serial/spi/spi_polled_buf_list.o
 .debug_frame   0x000011e0       0x70 drivers/serial/spi/spi_mega_xmega.o
 .debug_frame   0x00001250       0xe0 drivers/touch/resistive/touch.o
 .debug_frame   0x00001330       0x30 arch/avr8/delay.o
 .debug_frame   0x00001360       0x70 arch/avr8/arch_hugemem.o
 .debug_frame   0x000013d0       0x20 chip/atxmega128a1/sysclk.o
 .debug_frame   0x000013f0       0x20 board/xplain/init.o

.debug_loc      0x00000000     0x8e58
 .debug_loc     0x00000000      0x121 apps/display-training/main.o
 .debug_loc     0x00000121      0x120 apps/display-training/app_calibrate.o
 .debug_loc     0x00000241      0x1b8 apps/display-training/app_widget.o
 .debug_loc     0x000003f9      0xe24 util/gfx/win.o
 .debug_loc     0x0000121d      0x129 util/gfx/wtk.o
 .debug_loc     0x00001346      0x28e util/gfx/wtk_basic_frame.o
 .debug_loc     0x000015d4      0x3c9 util/gfx/wtk_button.o
 .debug_loc     0x0000199d      0x35a util/gfx/wtk_check_box.o
 .debug_loc     0x00001cf7      0x782 util/gfx/wtk_frame.o
 .debug_loc     0x00002479      0x379 util/gfx/wtk_label.o
 .debug_loc     0x000027f2      0x448 util/gfx/wtk_progress_bar.o
 .debug_loc     0x00002c3a      0x3a7 util/gfx/wtk_radio_button.o
 .debug_loc     0x00002fe1      0x591 util/gfx/wtk_slider.o
 .debug_loc     0x00003572      0x550 util/gfx/wtk_gauge.o
 .debug_loc     0x00003ac2       0x38 util/string/generic_memcpy.o
 .debug_loc     0x00003afa       0x60 util/string/generic_memset.o
 .debug_loc     0x00003b5a       0x40 util/string/generic_strlen.o
 .debug_loc     0x00003b9a       0xd9 util/string/generic_strcmp.o
 .debug_loc     0x00003c73      0x563 util/stream/stream_core.o
 .debug_loc     0x000041d6      0x143 util/stream/stream_string.o
 .debug_loc     0x00004319      0x5d7 util/fs/tsfs.o
 .debug_loc     0x000048f0       0x28 util/buffer.o
 .debug_loc     0x00004918       0x6c util/hugemem.o
 .debug_loc     0x00004984       0xb2 util/malloc_simple.o
 .debug_loc     0x00004a36      0x18a util/membag.o
 .debug_loc     0x00004bc0      0x244 util/mempool.o
 .debug_loc     0x00004e04       0xc2 util/physmem.o
 .debug_loc     0x00004ec6       0x13 util/softirq_common.o
 .debug_loc     0x00004ed9      0x14f util/workqueue.o
 .debug_loc     0x00005028       0xd0 drivers/block/block_core.o
 .debug_loc     0x000050f8      0x6fe drivers/block/dataflash.o
 .debug_loc     0x000057f6       0x26 drivers/clk/xmega_pr.o
 .debug_loc     0x0000581c      0x140 drivers/flash/at45_device.o
 .debug_loc     0x0000595c      0x8b5 drivers/gfx/hx8347a/gfx_hx8347a.o
 .debug_loc     0x00006211      0xfb0 drivers/gfx/gfx_generic.o
 .debug_loc     0x000071c1      0x9be drivers/gfx/gfx_text.o
 .debug_loc     0x00007b7f      0x870 drivers/gfx/gfx_bitmap.o
 .debug_loc     0x000083ef       0xb6 drivers/gpio/port.o
 .debug_loc     0x000084a5      0x1d3 drivers/serial/spi/spi_polled.o
 .debug_loc     0x00008678      0x1fe drivers/serial/spi/spi_polled_buf_list.o
 .debug_loc     0x00008876      0x2ea drivers/serial/spi/spi_mega_xmega.o
 .debug_loc     0x00008b60      0x1c8 drivers/touch/resistive/touch.o
 .debug_loc     0x00008d28       0x2e arch/avr8/delay.o
 .debug_loc     0x00008d56       0xdc arch/avr8/arch_hugemem.o
 .debug_loc     0x00008e32       0x26 chip/atxmega128a1/sysclk.o

.debug_pubnames
                0x00000000     0x16a3
 .debug_pubnames
                0x00000000       0x1b apps/display-training/main.o
 .debug_pubnames
                0x0000001b       0x30 apps/display-training/app_calibrate.o
 .debug_pubnames
                0x0000004b       0x28 apps/display-training/app_widget.o
 .debug_pubnames
                0x00000073       0x1e util/gfx/sysfont.o
 .debug_pubnames
                0x00000091      0x289 util/gfx/win.o
 .debug_pubnames
                0x0000031a       0x50 util/gfx/wtk.o
 .debug_pubnames
                0x0000036a       0x6e util/gfx/wtk_basic_frame.o
 .debug_pubnames
                0x000003d8       0x59 util/gfx/wtk_button.o
 .debug_pubnames
                0x00000431       0xaf util/gfx/wtk_check_box.o
 .debug_pubnames
                0x000004e0       0x74 util/gfx/wtk_frame.o
 .debug_pubnames
                0x00000554       0x6b util/gfx/wtk_label.o
 .debug_pubnames
                0x000005bf       0xaa util/gfx/wtk_progress_bar.o
 .debug_pubnames
                0x00000669       0xc3 util/gfx/wtk_radio_button.o
 .debug_pubnames
                0x0000072c       0x8b util/gfx/wtk_slider.o
 .debug_pubnames
                0x000007b7       0xc1 util/gfx/wtk_gauge.o
 .debug_pubnames
                0x00000878       0x25 util/string/generic_memcpy.o
 .debug_pubnames
                0x0000089d       0x25 util/string/generic_memset.o
 .debug_pubnames
                0x000008c2       0x25 util/string/generic_strlen.o
 .debug_pubnames
                0x000008e7       0x39 util/string/generic_strcmp.o
 .debug_pubnames
                0x00000920       0x5c util/stream/stream_core.o
 .debug_pubnames
                0x0000097c       0x2b util/stream/stream_string.o
 .debug_pubnames
                0x000009a7       0x60 util/fs/tsfs.o
 .debug_pubnames
                0x00000a07       0x5a util/buffer.o
 .debug_pubnames
                0x00000a61       0x24 util/hugemem.o
 .debug_pubnames
                0x00000a85       0x28 util/malloc_simple.o
 .debug_pubnames
                0x00000aad       0xa7 util/membag.o
 .debug_pubnames
                0x00000b54       0x63 util/mempool.o
 .debug_pubnames
                0x00000bb7       0x3a util/physmem.o
 .debug_pubnames
                0x00000bf1       0x59 util/softirq_common.o
 .debug_pubnames
                0x00000c4a       0x79 util/workqueue.o
 .debug_pubnames
                0x00000cc3       0x41 drivers/block/block_core.o
 .debug_pubnames
                0x00000d04       0x2c drivers/block/dataflash.o
 .debug_pubnames
                0x00000d30       0x45 drivers/clk/xmega_pr.o
 .debug_pubnames
                0x00000d75       0x4d drivers/flash/at45_device.o
 .debug_pubnames
                0x00000dc2      0x20d drivers/gfx/hx8347a/gfx_hx8347a.o
 .debug_pubnames
                0x00000fcf      0x124 drivers/gfx/gfx_generic.o
 .debug_pubnames
                0x000010f3       0x9c drivers/gfx/gfx_text.o
 .debug_pubnames
                0x0000118f       0x53 drivers/gfx/gfx_bitmap.o
 .debug_pubnames
                0x000011e2       0x61 drivers/gpio/port.o
 .debug_pubnames
                0x00001243       0x83 drivers/serial/spi/spi_polled.o
 .debug_pubnames
                0x000012c6       0x89 drivers/serial/spi/spi_polled_buf_list.o
 .debug_pubnames
                0x0000134f       0x84 drivers/serial/spi/spi_mega_xmega.o
 .debug_pubnames
                0x000013d3      0x18a drivers/touch/resistive/touch.o
 .debug_pubnames
                0x0000155d       0x28 arch/avr8/delay.o
 .debug_pubnames
                0x00001585       0x8f arch/avr8/arch_hugemem.o
 .debug_pubnames
                0x00001614       0x24 cpu/xmega/physmem_pools.o
 .debug_pubnames
                0x00001638       0x22 chip/atxmega128a1/sysclk.o
 .debug_pubnames
                0x0000165a       0x21 board/xplain/init.o
 .debug_pubnames
                0x0000167b       0x28 board/xplain/board_physmem_pools.o

.debug_aranges  0x00000000      0xce8
 .debug_aranges
                0x00000000       0x20 apps/display-training/main.o
 .debug_aranges
                0x00000020       0x30 apps/display-training/app_calibrate.o
 .debug_aranges
                0x00000050       0x38 apps/display-training/app_widget.o
 .debug_aranges
                0x00000088      0x168 util/gfx/win.o
 .debug_aranges
                0x000001f0       0x30 util/gfx/wtk.o
 .debug_aranges
                0x00000220       0x38 util/gfx/wtk_basic_frame.o
 .debug_aranges
                0x00000258       0x38 util/gfx/wtk_button.o
 .debug_aranges
                0x00000290       0x50 util/gfx/wtk_check_box.o
 .debug_aranges
                0x000002e0       0x60 util/gfx/wtk_frame.o
 .debug_aranges
                0x00000340       0x40 util/gfx/wtk_label.o
 .debug_aranges
                0x00000380       0x48 util/gfx/wtk_progress_bar.o
 .debug_aranges
                0x000003c8       0x50 util/gfx/wtk_radio_button.o
 .debug_aranges
                0x00000418       0x48 util/gfx/wtk_slider.o
 .debug_aranges
                0x00000460       0x60 util/gfx/wtk_gauge.o
 .debug_aranges
                0x000004c0       0x20 util/string/generic_memcpy.o
 .debug_aranges
                0x000004e0       0x20 util/string/generic_memset.o
 .debug_aranges
                0x00000500       0x20 util/string/generic_strlen.o
 .debug_aranges
                0x00000520       0x28 util/string/generic_strcmp.o
 .debug_aranges
                0x00000548       0x50 util/stream/stream_core.o
 .debug_aranges
                0x00000598       0x40 util/stream/stream_string.o
 .debug_aranges
                0x000005d8       0x80 util/fs/tsfs.o
 .debug_aranges
                0x00000658       0x38 util/buffer.o
 .debug_aranges
                0x00000690       0x20 util/hugemem.o
 .debug_aranges
                0x000006b0       0x28 util/malloc_simple.o
 .debug_aranges
                0x000006d8       0x48 util/membag.o
 .debug_aranges
                0x00000720       0x38 util/mempool.o
 .debug_aranges
                0x00000758       0x28 util/physmem.o
 .debug_aranges
                0x00000780       0x20 util/softirq_common.o
 .debug_aranges
                0x000007a0       0x30 util/workqueue.o
 .debug_aranges
                0x000007d0       0x28 drivers/block/block_core.o
 .debug_aranges
                0x000007f8       0xb0 drivers/block/dataflash.o
 .debug_aranges
                0x000008a8       0x28 drivers/clk/xmega_pr.o
 .debug_aranges
                0x000008d0       0x60 drivers/flash/at45_device.o
 .debug_aranges
                0x00000930       0xc8 drivers/gfx/hx8347a/gfx_hx8347a.o
 .debug_aranges
                0x000009f8       0x60 drivers/gfx/gfx_generic.o
 .debug_aranges
                0x00000a58       0x40 drivers/gfx/gfx_text.o
 .debug_aranges
                0x00000a98       0x30 drivers/gfx/gfx_bitmap.o
 .debug_aranges
                0x00000ac8       0x30 drivers/gpio/port.o
 .debug_aranges
                0x00000af8       0x40 drivers/serial/spi/spi_polled.o
 .debug_aranges
                0x00000b38       0x38 drivers/serial/spi/spi_polled_buf_list.o
 .debug_aranges
                0x00000b70       0x48 drivers/serial/spi/spi_mega_xmega.o
 .debug_aranges
                0x00000bb8       0x80 drivers/touch/resistive/touch.o
 .debug_aranges
                0x00000c38       0x28 arch/avr8/delay.o
 .debug_aranges
                0x00000c60       0x48 arch/avr8/arch_hugemem.o
 .debug_aranges
                0x00000ca8       0x20 chip/atxmega128a1/sysclk.o
 .debug_aranges
                0x00000cc8       0x20 board/xplain/init.o

.debug_ranges   0x00000000      0xd38
 .debug_ranges  0x00000000       0x78 apps/display-training/main.o
 .debug_ranges  0x00000078       0x28 apps/display-training/app_calibrate.o
 .debug_ranges  0x000000a0       0x30 apps/display-training/app_widget.o
 .debug_ranges  0x000000d0      0x178 util/gfx/win.o
 .debug_ranges  0x00000248       0x28 util/gfx/wtk.o
 .debug_ranges  0x00000270       0x30 util/gfx/wtk_basic_frame.o
 .debug_ranges  0x000002a0       0x30 util/gfx/wtk_button.o
 .debug_ranges  0x000002d0       0x48 util/gfx/wtk_check_box.o
 .debug_ranges  0x00000318       0xb0 util/gfx/wtk_frame.o
 .debug_ranges  0x000003c8       0x38 util/gfx/wtk_label.o
 .debug_ranges  0x00000400       0x40 util/gfx/wtk_progress_bar.o
 .debug_ranges  0x00000440       0x48 util/gfx/wtk_radio_button.o
 .debug_ranges  0x00000488       0x40 util/gfx/wtk_slider.o
 .debug_ranges  0x000004c8       0x58 util/gfx/wtk_gauge.o
 .debug_ranges  0x00000520       0x18 util/string/generic_memcpy.o
 .debug_ranges  0x00000538       0x18 util/string/generic_memset.o
 .debug_ranges  0x00000550       0x18 util/string/generic_strlen.o
 .debug_ranges  0x00000568       0x20 util/string/generic_strcmp.o
 .debug_ranges  0x00000588       0x48 util/stream/stream_core.o
 .debug_ranges  0x000005d0       0x38 util/stream/stream_string.o
 .debug_ranges  0x00000608       0xc0 util/fs/tsfs.o
 .debug_ranges  0x000006c8       0x30 util/buffer.o
 .debug_ranges  0x000006f8       0x18 util/hugemem.o
 .debug_ranges  0x00000710       0x20 util/malloc_simple.o
 .debug_ranges  0x00000730       0x58 util/membag.o
 .debug_ranges  0x00000788       0x30 util/mempool.o
 .debug_ranges  0x000007b8       0x20 util/physmem.o
 .debug_ranges  0x000007d8       0x18 util/softirq_common.o
 .debug_ranges  0x000007f0       0x28 util/workqueue.o
 .debug_ranges  0x00000818       0x20 drivers/block/block_core.o
 .debug_ranges  0x00000838       0xa8 drivers/block/dataflash.o
 .debug_ranges  0x000008e0       0x20 drivers/clk/xmega_pr.o
 .debug_ranges  0x00000900       0x58 drivers/flash/at45_device.o
 .debug_ranges  0x00000958       0xc0 drivers/gfx/hx8347a/gfx_hx8347a.o
 .debug_ranges  0x00000a18       0x88 drivers/gfx/gfx_generic.o
 .debug_ranges  0x00000aa0       0x68 drivers/gfx/gfx_text.o
 .debug_ranges  0x00000b08       0x58 drivers/gfx/gfx_bitmap.o
 .debug_ranges  0x00000b60       0x28 drivers/gpio/port.o
 .debug_ranges  0x00000b88       0x38 drivers/serial/spi/spi_polled.o
 .debug_ranges  0x00000bc0       0x30 drivers/serial/spi/spi_polled_buf_list.o
 .debug_ranges  0x00000bf0       0x40 drivers/serial/spi/spi_mega_xmega.o
 .debug_ranges  0x00000c30       0x78 drivers/touch/resistive/touch.o
 .debug_ranges  0x00000ca8       0x20 arch/avr8/delay.o
 .debug_ranges  0x00000cc8       0x40 arch/avr8/arch_hugemem.o
 .debug_ranges  0x00000d08       0x18 chip/atxmega128a1/sysclk.o
 .debug_ranges  0x00000d20       0x18 board/xplain/init.o

.debug_str      0x00000000     0x5c01
 .debug_str     0x00000000      0x5c7 apps/display-training/main.o
                                0x6c6 (size before relaxing)
 .debug_str     0x000005c7      0x1f5 apps/display-training/app_calibrate.o
                                0x4ac (size before relaxing)
 .debug_str     0x000007bc      0x1bf apps/display-training/app_widget.o
                                0x4ee (size before relaxing)
 .debug_str     0x0000097b       0x2e util/gfx/sysfont.o
                                0x1ba (size before relaxing)
 .debug_str     0x000009a9      0x810 util/gfx/win.o
                                0xcfe (size before relaxing)
 .debug_str     0x000011b9       0x8a util/gfx/wtk.o
                                0x1b7 (size before relaxing)
 .debug_str     0x00001243      0x101 util/gfx/wtk_basic_frame.o
                                0x488 (size before relaxing)
 .debug_str     0x00001344       0xf1 util/gfx/wtk_button.o
                                0x5a3 (size before relaxing)
 .debug_str     0x00001435      0x139 util/gfx/wtk_check_box.o
                                0x5f2 (size before relaxing)
 .debug_str     0x0000156e      0x33b util/gfx/wtk_frame.o
                                0x803 (size before relaxing)
 .debug_str     0x000018a9       0xa7 util/gfx/wtk_label.o
                                0x489 (size before relaxing)
 .debug_str     0x00001950      0x106 util/gfx/wtk_progress_bar.o
                                0x471 (size before relaxing)
 .debug_str     0x00001a56      0x19f util/gfx/wtk_radio_button.o
                                0x688 (size before relaxing)
 .debug_str     0x00001bf5      0x100 util/gfx/wtk_slider.o
                                0x558 (size before relaxing)
 .debug_str     0x00001cf5      0x15e util/gfx/wtk_gauge.o
                                0x518 (size before relaxing)
 .debug_str     0x00001e53       0x38 util/string/generic_memcpy.o
                                0x136 (size before relaxing)
 .debug_str     0x00001e8b       0x38 util/string/generic_memset.o
                                0x131 (size before relaxing)
 .debug_str     0x00001ec3       0x38 util/string/generic_strlen.o
                                0x131 (size before relaxing)
 .debug_str     0x00001efb       0x52 util/string/generic_strcmp.o
                                0x14b (size before relaxing)
 .debug_str     0x00001f4d      0x282 util/stream/stream_core.o
                                0x4b0 (size before relaxing)
 .debug_str     0x000021cf      0x105 util/stream/stream_string.o
                                0x30b (size before relaxing)
 .debug_str     0x000022d4      0x648 util/fs/tsfs.o
                                0x9b7 (size before relaxing)
 .debug_str     0x0000291c       0x8e util/buffer.o
                                0x206 (size before relaxing)
 .debug_str     0x000029aa       0x41 util/hugemem.o
                                0x194 (size before relaxing)
 .debug_str     0x000029eb       0x3b util/malloc_simple.o
                                0x1a6 (size before relaxing)
 .debug_str     0x00002a26      0x10b util/membag.o
                                0x2d4 (size before relaxing)
 .debug_str     0x00002b31       0xa8 util/mempool.o
                                0x34c (size before relaxing)
 .debug_str     0x00002bd9       0x53 util/physmem.o
                                0x1ae (size before relaxing)
 .debug_str     0x00002c2c       0x36 util/softirq_common.o
                                0x1c4 (size before relaxing)
 .debug_str     0x00002c62       0x8f util/workqueue.o
                                0x2c4 (size before relaxing)
 .debug_str     0x00002cf1       0x4e drivers/block/block_core.o
                                0x3c7 (size before relaxing)
 .debug_str     0x00002d3f      0x669 drivers/block/dataflash.o
                                0xc43 (size before relaxing)
 .debug_str     0x000033a8       0x4e drivers/clk/xmega_pr.o
                                0x199 (size before relaxing)
 .debug_str     0x000033f6      0x293 drivers/flash/at45_device.o
                                0x7b0 (size before relaxing)
 .debug_str     0x00003689     0x1453 drivers/gfx/hx8347a/gfx_hx8347a.o
                               0x1688 (size before relaxing)
 .debug_str     0x00004adc      0x178 drivers/gfx/gfx_generic.o
                                0x2f4 (size before relaxing)
 .debug_str     0x00004c54      0x18f drivers/gfx/gfx_text.o
                                0x3d6 (size before relaxing)
 .debug_str     0x00004de3       0xbf drivers/gfx/gfx_bitmap.o
                                0x2ba (size before relaxing)
 .debug_str     0x00004ea2       0x79 drivers/gpio/port.o
                                0x20d (size before relaxing)
 .debug_str     0x00004f1b      0x17d drivers/serial/spi/spi_polled.o
                                0x4d9 (size before relaxing)
 .debug_str     0x00005098       0xd9 drivers/serial/spi/spi_polled_buf_list.o
                                0x4ab (size before relaxing)
 .debug_str     0x00005171      0x2dc drivers/serial/spi/spi_mega_xmega.o
                                0x81b (size before relaxing)
 .debug_str     0x0000544d      0x4bb drivers/touch/resistive/touch.o
                                0x78a (size before relaxing)
 .debug_str     0x00005908       0x52 arch/avr8/delay.o
                                0x148 (size before relaxing)
 .debug_str     0x0000595a       0x98 arch/avr8/arch_hugemem.o
                                0x1ca (size before relaxing)
 .debug_str     0x000059f2       0x3b cpu/xmega/physmem_pools.o
                                0x16f (size before relaxing)
 .debug_str     0x00005a2d      0x143 chip/atxmega128a1/sysclk.o
                                0x39e (size before relaxing)
 .debug_str     0x00005b70       0x62 board/xplain/init.o
                                0x23d (size before relaxing)
 .debug_str     0x00005bd2       0x2f board/xplain/board_physmem_pools.o
                                0x167 (size before relaxing)

Cross Reference Table

Symbol                                            File
__bss_end                                         c:/winavr-20100110/bin/../lib/gcc/avr/4.3.3/avrxmega7/libgcc.a(_clear_bss.o)
__bss_start                                       c:/winavr-20100110/bin/../lib/gcc/avr/4.3.3/avrxmega7/libgcc.a(_clear_bss.o)
__data_end                                        c:/winavr-20100110/bin/../lib/gcc/avr/4.3.3/avrxmega7/libgcc.a(_copy_data.o)
__data_load_start                                 c:/winavr-20100110/bin/../lib/gcc/avr/4.3.3/avrxmega7/libgcc.a(_copy_data.o)
__data_start                                      c:/winavr-20100110/bin/../lib/gcc/avr/4.3.3/avrxmega7/libgcc.a(_copy_data.o)
__divmodhi4                                       c:/winavr-20100110/bin/../lib/gcc/avr/4.3.3/avrxmega7/libgcc.a(_divmodhi4.o)
                                                  drivers/block/dataflash.o
                                                  util/gfx/wtk_button.o
                                                  util/gfx/win.o
__divmodsi4                                       c:/winavr-20100110/bin/../lib/gcc/avr/4.3.3/avrxmega7/libgcc.a(_divmodsi4.o)
                                                  drivers/touch/resistive/touch.o
                                                  util/stream/stream_core.o
__do_clear_bss                                    c:/winavr-20100110/bin/../lib/gcc/avr/4.3.3/avrxmega7/libgcc.a(_clear_bss.o)
                                                  drivers/touch/resistive/touch.o
                                                  drivers/gfx/gfx_text.o
                                                  drivers/gfx/hx8347a/gfx_hx8347a.o
                                                  util/workqueue.o
                                                  util/softirq_common.o
                                                  util/buffer.o
                                                  util/gfx/wtk_frame.o
                                                  util/gfx/win.o
                                                  apps/display-training/app_widget.o
                                                  apps/display-training/app_calibrate.o
                                                  apps/display-training/main.o
__do_copy_data                                    c:/winavr-20100110/bin/../lib/gcc/avr/4.3.3/avrxmega7/libgcc.a(_copy_data.o)
                                                  board/xplain/board_physmem_pools.o
                                                  cpu/xmega/physmem_pools.o
                                                  drivers/flash/at45_device.o
                                                  util/membag.o
                                                  util/stream/stream_string.o
                                                  util/stream/stream_core.o
                                                  util/gfx/wtk_frame.o
                                                  util/gfx/sysfont.o
                                                  apps/display-training/app_widget.o
__mulsi3                                          c:/winavr-20100110/bin/../lib/gcc/avr/4.3.3/avrxmega7/libgcc.a(_mulsi3.o)
                                                  drivers/touch/resistive/touch.o
                                                  drivers/gfx/gfx_bitmap.o
                                                  drivers/gfx/gfx_generic.o
__udivmodhi4                                      c:/winavr-20100110/bin/../lib/gcc/avr/4.3.3/avrxmega7/libgcc.a(_udivmodhi4.o)
                                                  c:/winavr-20100110/bin/../lib/gcc/avr/4.3.3/avrxmega7/libgcc.a(_divmodhi4.o)
                                                  util/gfx/wtk.o
__udivmodsi4                                      c:/winavr-20100110/bin/../lib/gcc/avr/4.3.3/avrxmega7/libgcc.a(_udivmodsi4.o)
                                                  c:/winavr-20100110/bin/../lib/gcc/avr/4.3.3/avrxmega7/libgcc.a(_divmodsi4.o)
                                                  drivers/gfx/hx8347a/gfx_hx8347a.o
                                                  util/stream/stream_core.o
_data                                             arch/avr8/entry.o
_div                                              c:/winavr-20100110/bin/../lib/gcc/avr/4.3.3/avrxmega7/libgcc.a(_divmodhi4.o)
_edata                                            arch/avr8/entry.o
_end                                              arch/avr8/entry.o
_estack                                           arch/avr8/entry.o
_etext                                            arch/avr8/entry.o
_start                                            arch/avr8/entry.o
app_touch_calibrate_setup                         apps/display-training/app_calibrate.o
                                                  apps/display-training/main.o
app_widget_launch                                 apps/display-training/app_widget.o
                                                  apps/display-training/main.o
at45_device_init                                  drivers/flash/at45_device.o
                                                  drivers/block/dataflash.o
at45_identify                                     drivers/flash/at45_device.o
                                                  drivers/block/dataflash.o
at45_wait_ready                                   drivers/flash/at45_device.o
                                                  drivers/block/dataflash.o
block_alloc_request                               drivers/block/block_core.o
                                                  util/fs/tsfs.o
block_free_request                                drivers/block/block_core.o
                                                  util/fs/tsfs.o
board_extram_pool                                 board/xplain/board_physmem_pools.o
                                                  util/fs/tsfs.o
board_init                                        board/xplain/init.o
                                                  apps/display-training/main.o
buffer_alloc                                      util/buffer.o
buffer_free                                       util/buffer.o
buffer_pool_init                                  util/buffer.o
buffer_resize                                     util/buffer.o
cpu_sram_pool                                     cpu/xmega/physmem_pools.o
                                                  drivers/block/dataflash.o
                                                  util/membag.o
                                                  util/malloc_simple.o
                                                  util/buffer.o
dataflash_blkdev_init                             drivers/block/dataflash.o
generic_memcpy                                    util/string/generic_memcpy.o
                                                  util/fs/tsfs.o
                                                  util/stream/stream_core.o
                                                  apps/display-training/app_calibrate.o
generic_memset                                    util/string/generic_memset.o
                                                  util/malloc_simple.o
                                                  util/stream/stream_string.o
generic_strcmp                                    util/string/generic_strcmp.o
generic_strlen                                    util/string/generic_strlen.o
                                                  util/stream/stream_core.o
                                                  util/gfx/wtk_radio_button.o
                                                  util/gfx/wtk_label.o
                                                  util/gfx/wtk_frame.o
                                                  util/gfx/wtk_check_box.o
                                                  util/gfx/wtk_button.o
generic_strncmp                                   util/string/generic_strcmp.o
                                                  util/fs/tsfs.o
gfx_color                                         drivers/gfx/hx8347a/gfx_hx8347a.o
gfx_copy_hugemem_pixels_to_screen                 drivers/gfx/hx8347a/gfx_hx8347a.o
                                                  drivers/gfx/gfx_bitmap.o
gfx_copy_pixels_from_screen                       drivers/gfx/hx8347a/gfx_hx8347a.o
                                                  drivers/gfx/gfx_generic.o
gfx_copy_pixels_to_screen                         drivers/gfx/hx8347a/gfx_hx8347a.o
                                                  drivers/gfx/gfx_bitmap.o
                                                  drivers/gfx/gfx_generic.o
gfx_copy_progmem_pixels_to_screen                 drivers/gfx/hx8347a/gfx_hx8347a.o
                                                  drivers/gfx/gfx_bitmap.o
gfx_draw_bitmap                                   drivers/gfx/gfx_bitmap.o
gfx_draw_bitmap_tiled                             drivers/gfx/gfx_bitmap.o
                                                  util/gfx/win.o
gfx_draw_char                                     drivers/gfx/gfx_text.o
gfx_draw_line_pixel                               drivers/gfx/hx8347a/gfx_hx8347a.o
                                                  drivers/gfx/gfx_generic.o
gfx_draw_pixel                                    drivers/gfx/hx8347a/gfx_hx8347a.o
                                                  drivers/gfx/gfx_text.o
                                                  drivers/gfx/gfx_generic.o
gfx_draw_progmem_string                           drivers/gfx/gfx_text.o
                                                  apps/display-training/app_calibrate.o
gfx_draw_string                                   drivers/gfx/gfx_text.o
                                                  util/gfx/wtk_radio_button.o
                                                  util/gfx/wtk_label.o
                                                  util/gfx/wtk_frame.o
                                                  util/gfx/wtk_check_box.o
                                                  util/gfx/wtk_button.o
                                                  apps/display-training/app_widget.o
gfx_duplicate_pixel                               drivers/gfx/hx8347a/gfx_hx8347a.o
                                                  drivers/gfx/gfx_generic.o
gfx_generic_draw_circle                           drivers/gfx/gfx_generic.o
                                                  util/gfx/wtk_gauge.o
                                                  util/gfx/wtk_radio_button.o
                                                  apps/display-training/app_calibrate.o
gfx_generic_draw_filled_circle                    drivers/gfx/gfx_generic.o
                                                  util/gfx/wtk_gauge.o
                                                  util/gfx/wtk_radio_button.o
                                                  util/gfx/wtk_frame.o
gfx_generic_draw_filled_rect                      drivers/gfx/gfx_generic.o
                                                  drivers/gfx/gfx_bitmap.o
                                                  drivers/gfx/gfx_text.o
                                                  util/gfx/wtk_gauge.o
                                                  util/gfx/wtk_slider.o
                                                  util/gfx/wtk_progress_bar.o
                                                  util/gfx/wtk_frame.o
                                                  util/gfx/wtk_check_box.o
                                                  util/gfx/wtk_button.o
                                                  util/gfx/win.o
                                                  apps/display-training/app_calibrate.o
gfx_generic_draw_horizontal_line                  drivers/gfx/gfx_generic.o
gfx_generic_draw_line                             drivers/gfx/gfx_generic.o
                                                  util/gfx/wtk_gauge.o
gfx_generic_draw_rect                             drivers/gfx/gfx_generic.o
                                                  util/gfx/wtk_gauge.o
                                                  util/gfx/wtk_slider.o
                                                  util/gfx/wtk_progress_bar.o
                                                  util/gfx/wtk_check_box.o
                                                  util/gfx/wtk_button.o
gfx_generic_draw_vertical_line                    drivers/gfx/gfx_generic.o
gfx_generic_get_pixmap                            drivers/gfx/gfx_generic.o
                                                  util/gfx/wtk_frame.o
gfx_generic_put_pixmap                            drivers/gfx/gfx_generic.o
                                                  util/gfx/wtk_frame.o
gfx_get_height                                    drivers/gfx/hx8347a/gfx_hx8347a.o
                                                  util/gfx/wtk_frame.o
                                                  util/gfx/win.o
                                                  apps/display-training/app_widget.o
                                                  apps/display-training/app_calibrate.o
gfx_get_pixel                                     drivers/gfx/hx8347a/gfx_hx8347a.o
gfx_get_progmem_string_bounding_box               drivers/gfx/gfx_text.o
gfx_get_string_bounding_box                       drivers/gfx/gfx_text.o
                                                  util/gfx/wtk_radio_button.o
                                                  util/gfx/wtk_label.o
                                                  util/gfx/wtk_check_box.o
                                                  util/gfx/wtk_button.o
gfx_get_width                                     drivers/gfx/hx8347a/gfx_hx8347a.o
                                                  util/gfx/wtk_frame.o
                                                  util/gfx/win.o
                                                  apps/display-training/app_widget.o
                                                  apps/display-training/app_calibrate.o
gfx_height                                        drivers/gfx/gfx_generic.o
                                                  drivers/gfx/hx8347a/gfx_hx8347a.o
gfx_init                                          drivers/gfx/hx8347a/gfx_hx8347a.o
                                                  apps/display-training/main.o
gfx_max_x                                         drivers/gfx/gfx_bitmap.o
                                                  drivers/gfx/gfx_generic.o
                                                  drivers/gfx/hx8347a/gfx_hx8347a.o
gfx_max_y                                         drivers/gfx/gfx_bitmap.o
                                                  drivers/gfx/gfx_generic.o
                                                  drivers/gfx/hx8347a/gfx_hx8347a.o
gfx_min_x                                         drivers/gfx/gfx_bitmap.o
                                                  drivers/gfx/gfx_generic.o
                                                  drivers/gfx/hx8347a/gfx_hx8347a.o
gfx_min_y                                         drivers/gfx/gfx_bitmap.o
                                                  drivers/gfx/gfx_generic.o
                                                  drivers/gfx/hx8347a/gfx_hx8347a.o
gfx_put_bitmap                                    drivers/gfx/gfx_bitmap.o
gfx_set_bottom_right_limit                        drivers/gfx/hx8347a/gfx_hx8347a.o
                                                  drivers/gfx/gfx_bitmap.o
                                                  drivers/gfx/gfx_generic.o
gfx_set_clipping                                  drivers/gfx/hx8347a/gfx_hx8347a.o
                                                  util/gfx/wtk_frame.o
                                                  util/gfx/win.o
                                                  apps/display-training/app_calibrate.o
gfx_set_limits                                    drivers/gfx/hx8347a/gfx_hx8347a.o
                                                  drivers/gfx/gfx_generic.o
gfx_set_orientation                               drivers/gfx/hx8347a/gfx_hx8347a.o
gfx_set_top_left_limit                            drivers/gfx/hx8347a/gfx_hx8347a.o
                                                  drivers/gfx/gfx_bitmap.o
                                                  drivers/gfx/gfx_generic.o
gfx_sync                                          drivers/gfx/hx8347a/gfx_hx8347a.o
gfx_width                                         drivers/gfx/gfx_generic.o
                                                  drivers/gfx/hx8347a/gfx_hx8347a.o
gpio_get_value_noninline                          drivers/gpio/port.o
gpio_set_value_noninline                          drivers/gpio/port.o
                                                  drivers/serial/spi/spi_mega_xmega.o
heap_area                                         cpu/xmega/physmem_pools.o
hugemem_alloc                                     util/hugemem.o
hugemem_read16                                    arch/avr8/arch_hugemem.o
hugemem_read32                                    arch/avr8/arch_hugemem.o
hugemem_read_block                                arch/avr8/arch_hugemem.o
                                                  drivers/gfx/gfx_text.o
                                                  util/fs/tsfs.o
hugemem_write16                                   arch/avr8/arch_hugemem.o
hugemem_write32                                   arch/avr8/arch_hugemem.o
hugemem_write_block                               arch/avr8/arch_hugemem.o
                                                  util/fs/tsfs.o
intc_priv_data_irq67                              drivers/touch/resistive/touch.o
intc_priv_data_irq73                              drivers/touch/resistive/touch.o
intc_priv_entry_irq10                             arch/avr8/entry.o
intc_priv_entry_irq100                            arch/avr8/entry.o
intc_priv_entry_irq101                            arch/avr8/entry.o
intc_priv_entry_irq102                            arch/avr8/entry.o
intc_priv_entry_irq103                            arch/avr8/entry.o
intc_priv_entry_irq104                            arch/avr8/entry.o
intc_priv_entry_irq105                            arch/avr8/entry.o
intc_priv_entry_irq106                            arch/avr8/entry.o
intc_priv_entry_irq107                            arch/avr8/entry.o
intc_priv_entry_irq108                            arch/avr8/entry.o
intc_priv_entry_irq109                            arch/avr8/entry.o
intc_priv_entry_irq11                             arch/avr8/entry.o
intc_priv_entry_irq110                            arch/avr8/entry.o
intc_priv_entry_irq111                            arch/avr8/entry.o
intc_priv_entry_irq112                            arch/avr8/entry.o
intc_priv_entry_irq113                            arch/avr8/entry.o
intc_priv_entry_irq114                            arch/avr8/entry.o
intc_priv_entry_irq115                            arch/avr8/entry.o
intc_priv_entry_irq116                            arch/avr8/entry.o
intc_priv_entry_irq117                            arch/avr8/entry.o
intc_priv_entry_irq118                            arch/avr8/entry.o
intc_priv_entry_irq119                            arch/avr8/entry.o
intc_priv_entry_irq12                             arch/avr8/entry.o
intc_priv_entry_irq120                            arch/avr8/entry.o
intc_priv_entry_irq121                            arch/avr8/entry.o
intc_priv_entry_irq122                            arch/avr8/entry.o
intc_priv_entry_irq123                            arch/avr8/entry.o
intc_priv_entry_irq124                            arch/avr8/entry.o
intc_priv_entry_irq125                            arch/avr8/entry.o
intc_priv_entry_irq13                             arch/avr8/entry.o
intc_priv_entry_irq14                             arch/avr8/entry.o
intc_priv_entry_irq15                             arch/avr8/entry.o
intc_priv_entry_irq16                             arch/avr8/entry.o
intc_priv_entry_irq17                             arch/avr8/entry.o
intc_priv_entry_irq18                             arch/avr8/entry.o
intc_priv_entry_irq19                             arch/avr8/entry.o
intc_priv_entry_irq2                              arch/avr8/entry.o
intc_priv_entry_irq20                             arch/avr8/entry.o
intc_priv_entry_irq21                             arch/avr8/entry.o
intc_priv_entry_irq22                             arch/avr8/entry.o
intc_priv_entry_irq23                             arch/avr8/entry.o
intc_priv_entry_irq24                             arch/avr8/entry.o
intc_priv_entry_irq25                             arch/avr8/entry.o
intc_priv_entry_irq26                             arch/avr8/entry.o
intc_priv_entry_irq27                             arch/avr8/entry.o
intc_priv_entry_irq28                             arch/avr8/entry.o
intc_priv_entry_irq29                             arch/avr8/entry.o
intc_priv_entry_irq3                              arch/avr8/entry.o
intc_priv_entry_irq30                             arch/avr8/entry.o
intc_priv_entry_irq31                             arch/avr8/entry.o
intc_priv_entry_irq32                             arch/avr8/entry.o
intc_priv_entry_irq33                             arch/avr8/entry.o
intc_priv_entry_irq34                             arch/avr8/entry.o
intc_priv_entry_irq35                             arch/avr8/entry.o
intc_priv_entry_irq36                             arch/avr8/entry.o
intc_priv_entry_irq37                             arch/avr8/entry.o
intc_priv_entry_irq38                             arch/avr8/entry.o
intc_priv_entry_irq39                             arch/avr8/entry.o
intc_priv_entry_irq4                              arch/avr8/entry.o
intc_priv_entry_irq40                             arch/avr8/entry.o
intc_priv_entry_irq41                             arch/avr8/entry.o
intc_priv_entry_irq42                             arch/avr8/entry.o
intc_priv_entry_irq43                             arch/avr8/entry.o
intc_priv_entry_irq44                             arch/avr8/entry.o
intc_priv_entry_irq45                             arch/avr8/entry.o
intc_priv_entry_irq46                             arch/avr8/entry.o
intc_priv_entry_irq47                             arch/avr8/entry.o
intc_priv_entry_irq48                             arch/avr8/entry.o
intc_priv_entry_irq49                             arch/avr8/entry.o
intc_priv_entry_irq5                              arch/avr8/entry.o
intc_priv_entry_irq50                             arch/avr8/entry.o
intc_priv_entry_irq51                             arch/avr8/entry.o
intc_priv_entry_irq52                             arch/avr8/entry.o
intc_priv_entry_irq53                             arch/avr8/entry.o
intc_priv_entry_irq54                             arch/avr8/entry.o
intc_priv_entry_irq55                             arch/avr8/entry.o
intc_priv_entry_irq56                             arch/avr8/entry.o
intc_priv_entry_irq57                             arch/avr8/entry.o
intc_priv_entry_irq58                             arch/avr8/entry.o
intc_priv_entry_irq59                             arch/avr8/entry.o
intc_priv_entry_irq6                              arch/avr8/entry.o
intc_priv_entry_irq60                             arch/avr8/entry.o
intc_priv_entry_irq61                             arch/avr8/entry.o
intc_priv_entry_irq62                             arch/avr8/entry.o
intc_priv_entry_irq63                             arch/avr8/entry.o
intc_priv_entry_irq64                             arch/avr8/entry.o
intc_priv_entry_irq65                             arch/avr8/entry.o
intc_priv_entry_irq66                             arch/avr8/entry.o
intc_priv_entry_irq67                             drivers/touch/resistive/touch.o
intc_priv_entry_irq68                             arch/avr8/entry.o
intc_priv_entry_irq69                             arch/avr8/entry.o
intc_priv_entry_irq7                              arch/avr8/entry.o
intc_priv_entry_irq70                             arch/avr8/entry.o
intc_priv_entry_irq71                             arch/avr8/entry.o
intc_priv_entry_irq72                             arch/avr8/entry.o
intc_priv_entry_irq73                             drivers/touch/resistive/touch.o
intc_priv_entry_irq74                             arch/avr8/entry.o
intc_priv_entry_irq75                             arch/avr8/entry.o
intc_priv_entry_irq76                             arch/avr8/entry.o
intc_priv_entry_irq77                             arch/avr8/entry.o
intc_priv_entry_irq78                             arch/avr8/entry.o
intc_priv_entry_irq79                             arch/avr8/entry.o
intc_priv_entry_irq8                              arch/avr8/entry.o
intc_priv_entry_irq80                             arch/avr8/entry.o
intc_priv_entry_irq81                             arch/avr8/entry.o
intc_priv_entry_irq82                             arch/avr8/entry.o
intc_priv_entry_irq83                             arch/avr8/entry.o
intc_priv_entry_irq84                             arch/avr8/entry.o
intc_priv_entry_irq85                             arch/avr8/entry.o
intc_priv_entry_irq86                             arch/avr8/entry.o
intc_priv_entry_irq87                             arch/avr8/entry.o
intc_priv_entry_irq88                             arch/avr8/entry.o
intc_priv_entry_irq89                             arch/avr8/entry.o
intc_priv_entry_irq9                              arch/avr8/entry.o
intc_priv_entry_irq90                             arch/avr8/entry.o
intc_priv_entry_irq91                             arch/avr8/entry.o
intc_priv_entry_irq92                             arch/avr8/entry.o
intc_priv_entry_irq93                             arch/avr8/entry.o
intc_priv_entry_irq94                             arch/avr8/entry.o
intc_priv_entry_irq95                             arch/avr8/entry.o
intc_priv_entry_irq96                             arch/avr8/entry.o
intc_priv_entry_irq97                             arch/avr8/entry.o
intc_priv_entry_irq98                             arch/avr8/entry.o
intc_priv_entry_irq99                             arch/avr8/entry.o
intc_priv_unhandled_irq                           arch/avr8/entry.o
main                                              apps/display-training/main.o
                                                  arch/avr8/entry.o
main_workqueue                                    drivers/serial/spi/spi_mega_xmega.o
                                                  drivers/serial/spi/spi_polled_buf_list.o
                                                  drivers/serial/spi/spi_polled.o
                                                  drivers/block/dataflash.o
                                                  util/workqueue.o
                                                  util/fs/tsfs.o
                                                  util/gfx/win.o
                                                  apps/display-training/app_calibrate.o
                                                  apps/display-training/main.o
malloc                                            util/malloc_simple.o
                                                  util/fs/tsfs.o
mdelay                                            arch/avr8/delay.o
mem_pool_alloc                                    util/mempool.o
                                                  drivers/block/dataflash.o
                                                  util/membag.o
                                                  util/buffer.o
mem_pool_free                                     util/mempool.o
                                                  drivers/block/dataflash.o
                                                  util/membag.o
                                                  util/buffer.o
mem_pool_init                                     util/mempool.o
                                                  util/membag.o
mem_pool_init_physmem                             util/mempool.o
                                                  drivers/block/dataflash.o
                                                  util/buffer.o
membag_alloc                                      util/membag.o
                                                  util/gfx/wtk_gauge.o
                                                  util/gfx/wtk_slider.o
                                                  util/gfx/wtk_radio_button.o